Archive member included to satisfy reference by file (symbol)

/opt/st/stm32cubeide_1.6.1/plugins/com.st.stm32cube.ide.mcu.externaltools.gnu-tools-for-stm32.9-2020-q2-update.linux64_1.5.0.202011040924/tools/bin/../lib/gcc/arm-none-eabi/9.3.1/../../../../arm-none-eabi/lib/thumb/v7e-m+fp/hard/libstdc++_nano.a(pure.o)
                              Core/Src/main.o (__cxa_pure_virtual)
/opt/st/stm32cubeide_1.6.1/plugins/com.st.stm32cube.ide.mcu.externaltools.gnu-tools-for-stm32.9-2020-q2-update.linux64_1.5.0.202011040924/tools/bin/../lib/gcc/arm-none-eabi/9.3.1/../../../../arm-none-eabi/lib/thumb/v7e-m+fp/hard/libstdc++_nano.a(eh_terminate.o)
                              /opt/st/stm32cubeide_1.6.1/plugins/com.st.stm32cube.ide.mcu.externaltools.gnu-tools-for-stm32.9-2020-q2-update.linux64_1.5.0.202011040924/tools/bin/../lib/gcc/arm-none-eabi/9.3.1/../../../../arm-none-eabi/lib/thumb/v7e-m+fp/hard/libstdc++_nano.a(pure.o) (std::terminate())
/opt/st/stm32cubeide_1.6.1/plugins/com.st.stm32cube.ide.mcu.externaltools.gnu-tools-for-stm32.9-2020-q2-update.linux64_1.5.0.202011040924/tools/bin/../lib/gcc/arm-none-eabi/9.3.1/../../../../arm-none-eabi/lib/thumb/v7e-m+fp/hard/libstdc++_nano.a(eh_unex_handler.o)
                              /opt/st/stm32cubeide_1.6.1/plugins/com.st.stm32cube.ide.mcu.externaltools.gnu-tools-for-stm32.9-2020-q2-update.linux64_1.5.0.202011040924/tools/bin/../lib/gcc/arm-none-eabi/9.3.1/../../../../arm-none-eabi/lib/thumb/v7e-m+fp/hard/libstdc++_nano.a(eh_terminate.o) (__cxxabiv1::__unexpected_handler)
/opt/st/stm32cubeide_1.6.1/plugins/com.st.stm32cube.ide.mcu.externaltools.gnu-tools-for-stm32.9-2020-q2-update.linux64_1.5.0.202011040924/tools/bin/../lib/gcc/arm-none-eabi/9.3.1/../../../../arm-none-eabi/lib/thumb/v7e-m+fp/hard/libstdc++_nano.a(eh_term_handler.o)
                              /opt/st/stm32cubeide_1.6.1/plugins/com.st.stm32cube.ide.mcu.externaltools.gnu-tools-for-stm32.9-2020-q2-update.linux64_1.5.0.202011040924/tools/bin/../lib/gcc/arm-none-eabi/9.3.1/../../../../arm-none-eabi/lib/thumb/v7e-m+fp/hard/libstdc++_nano.a(eh_terminate.o) (__cxxabiv1::__terminate_handler)
/opt/st/stm32cubeide_1.6.1/plugins/com.st.stm32cube.ide.mcu.externaltools.gnu-tools-for-stm32.9-2020-q2-update.linux64_1.5.0.202011040924/tools/bin/../lib/gcc/arm-none-eabi/9.3.1/../../../../arm-none-eabi/lib/thumb/v7e-m+fp/hard/libc_nano.a(lib_a-abort.o)
                              /opt/st/stm32cubeide_1.6.1/plugins/com.st.stm32cube.ide.mcu.externaltools.gnu-tools-for-stm32.9-2020-q2-update.linux64_1.5.0.202011040924/tools/bin/../lib/gcc/arm-none-eabi/9.3.1/../../../../arm-none-eabi/lib/thumb/v7e-m+fp/hard/libstdc++_nano.a(eh_terminate.o) (abort)
/opt/st/stm32cubeide_1.6.1/plugins/com.st.stm32cube.ide.mcu.externaltools.gnu-tools-for-stm32.9-2020-q2-update.linux64_1.5.0.202011040924/tools/bin/../lib/gcc/arm-none-eabi/9.3.1/../../../../arm-none-eabi/lib/thumb/v7e-m+fp/hard/libc_nano.a(lib_a-errno.o)
                              Core/Src/syscalls.o (__errno)
/opt/st/stm32cubeide_1.6.1/plugins/com.st.stm32cube.ide.mcu.externaltools.gnu-tools-for-stm32.9-2020-q2-update.linux64_1.5.0.202011040924/tools/bin/../lib/gcc/arm-none-eabi/9.3.1/../../../../arm-none-eabi/lib/thumb/v7e-m+fp/hard/libc_nano.a(lib_a-exit.o)
                              /opt/st/stm32cubeide_1.6.1/plugins/com.st.stm32cube.ide.mcu.externaltools.gnu-tools-for-stm32.9-2020-q2-update.linux64_1.5.0.202011040924/tools/bin/../lib/gcc/arm-none-eabi/9.3.1/../../../../arm-none-eabi/lib/thumb/v7e-m+fp/hard/crt0.o (exit)
/opt/st/stm32cubeide_1.6.1/plugins/com.st.stm32cube.ide.mcu.externaltools.gnu-tools-for-stm32.9-2020-q2-update.linux64_1.5.0.202011040924/tools/bin/../lib/gcc/arm-none-eabi/9.3.1/../../../../arm-none-eabi/lib/thumb/v7e-m+fp/hard/libc_nano.a(lib_a-impure.o)
                              /opt/st/stm32cubeide_1.6.1/plugins/com.st.stm32cube.ide.mcu.externaltools.gnu-tools-for-stm32.9-2020-q2-update.linux64_1.5.0.202011040924/tools/bin/../lib/gcc/arm-none-eabi/9.3.1/../../../../arm-none-eabi/lib/thumb/v7e-m+fp/hard/libc_nano.a(lib_a-exit.o) (_global_impure_ptr)
/opt/st/stm32cubeide_1.6.1/plugins/com.st.stm32cube.ide.mcu.externaltools.gnu-tools-for-stm32.9-2020-q2-update.linux64_1.5.0.202011040924/tools/bin/../lib/gcc/arm-none-eabi/9.3.1/../../../../arm-none-eabi/lib/thumb/v7e-m+fp/hard/libc_nano.a(lib_a-init.o)
                              /opt/st/stm32cubeide_1.6.1/plugins/com.st.stm32cube.ide.mcu.externaltools.gnu-tools-for-stm32.9-2020-q2-update.linux64_1.5.0.202011040924/tools/bin/../lib/gcc/arm-none-eabi/9.3.1/../../../../arm-none-eabi/lib/thumb/v7e-m+fp/hard/crt0.o (__libc_init_array)
/opt/st/stm32cubeide_1.6.1/plugins/com.st.stm32cube.ide.mcu.externaltools.gnu-tools-for-stm32.9-2020-q2-update.linux64_1.5.0.202011040924/tools/bin/../lib/gcc/arm-none-eabi/9.3.1/../../../../arm-none-eabi/lib/thumb/v7e-m+fp/hard/libc_nano.a(lib_a-memcpy-stub.o)
                              Core/Src/main.o (memcpy)
[...]
Memory Configuration

Name             Origin             Length             Attributes
CCMRAM           0x0000000010000000 0x0000000000010000 xrw
RAM              0x0000000020000000 0x0000000000020000 xrw
FLASH            0x0000000008000000 0x0000000000100000 xr
*default*        0x0000000000000000 0xffffffffffffffff

Linker script and memory map

LOAD /opt/st/stm32cubeide_1.6.1/plugins/com.st.stm32cube.ide.mcu.externaltools.gnu-tools-for-stm32.9-2020-q2-update.linux64_1.5.0.202011040924/tools/bin/../lib/gcc/arm-none-eabi/9.3.1/thumb/v7e-m+fp/hard/crti.o
LOAD /opt/st/stm32cubeide_1.6.1/plugins/com.st.stm32cube.ide.mcu.externaltools.gnu-tools-for-stm32.9-2020-q2-update.linux64_1.5.0.202011040924/tools/bin/../lib/gcc/arm-none-eabi/9.3.1/thumb/v7e-m+fp/hard/crtbegin.o
LOAD /opt/st/stm32cubeide_1.6.1/plugins/com.st.stm32cube.ide.mcu.externaltools.gnu-tools-for-stm32.9-2020-q2-update.linux64_1.5.0.202011040924/tools/bin/../lib/gcc/arm-none-eabi/9.3.1/../../../../arm-none-eabi/lib/thumb/v7e-m+fp/hard/crt0.o
LOAD Core/Src/main.o
LOAD Core/Src/stm32f4xx_hal_msp.o
LOAD Core/Src/stm32f4xx_it.o
LOAD Core/Src/syscalls.o
LOAD Core/Src/sysmem.o
LOAD Core/Src/system_stm32f4xx.o
LOAD Core/Startup/startup_stm32f407vgtx.o
LOAD Drivers/STM32F4xx_HAL_Driver/Src/stm32f4xx_hal.o
LOAD Drivers/STM32F4xx_HAL_Driver/Src/stm32f4xx_hal_cortex.o
LOAD Drivers/STM32F4xx_HAL_Driver/Src/stm32f4xx_hal_dma.o
LOAD Drivers/STM32F4xx_HAL_Driver/Src/stm32f4xx_hal_dma_ex.o
LOAD Drivers/STM32F4xx_HAL_Driver/Src/stm32f4xx_hal_exti.o
LOAD Drivers/STM32F4xx_HAL_Driver/Src/stm32f4xx_hal_flash.o
LOAD Drivers/STM32F4xx_HAL_Driver/Src/stm32f4xx_hal_flash_ex.o
LOAD Drivers/STM32F4xx_HAL_Driver/Src/stm32f4xx_hal_flash_ramfunc.o
LOAD Drivers/STM32F4xx_HAL_Driver/Src/stm32f4xx_hal_gpio.o
LOAD Drivers/STM32F4xx_HAL_Driver/Src/stm32f4xx_hal_i2c.o
LOAD Drivers/STM32F4xx_HAL_Driver/Src/stm32f4xx_hal_i2c_ex.o
LOAD Drivers/STM32F4xx_HAL_Driver/Src/stm32f4xx_hal_i2s.o
LOAD Drivers/STM32F4xx_HAL_Driver/Src/stm32f4xx_hal_i2s_ex.o
LOAD Drivers/STM32F4xx_HAL_Driver/Src/stm32f4xx_hal_pcd.o
LOAD Drivers/STM32F4xx_HAL_Driver/Src/stm32f4xx_hal_pcd_ex.o
LOAD Drivers/STM32F4xx_HAL_Driver/Src/stm32f4xx_hal_pwr.o
LOAD Drivers/STM32F4xx_HAL_Driver/Src/stm32f4xx_hal_pwr_ex.o
LOAD Drivers/STM32F4xx_HAL_Driver/Src/stm32f4xx_hal_rcc.o
LOAD Drivers/STM32F4xx_HAL_Driver/Src/stm32f4xx_hal_rcc_ex.o
LOAD Drivers/STM32F4xx_HAL_Driver/Src/stm32f4xx_hal_spi.o
LOAD Drivers/STM32F4xx_HAL_Driver/Src/stm32f4xx_hal_tim.o
LOAD Drivers/STM32F4xx_HAL_Driver/Src/stm32f4xx_hal_tim_ex.o
LOAD Drivers/STM32F4xx_HAL_Driver/Src/stm32f4xx_ll_usb.o
LOAD EMPlibs/MP_Fd.o
LOAD EMPlibs/MP_ST_usb.o
LOAD EMPlibs/MP_Serial.o
LOAD EMPlibs/MP_Uart.o
LOAD EMPlibs/MPcore/MP.o
LOAD EMPlibs/MPcore/circularBuffer/CircularBuffer.o
LOAD EMPlibs/MPcore/cobs-c/cobs.o
LOAD EMPlibs/MPcore/crc8/crc8.o
LOAD EMPlibs/timeOp/timerSpecOp.o
LOAD Middlewares/ST/STM32_USB_Device_Library/Class/CDC/Src/usbd_cdc.o
LOAD Middlewares/ST/STM32_USB_Device_Library/Core/Src/usbd_core.o
LOAD Middlewares/ST/STM32_USB_Device_Library/Core/Src/usbd_ctlreq.o
LOAD Middlewares/ST/STM32_USB_Device_Library/Core/Src/usbd_ioreq.o
LOAD USB_DEVICE/App/usb_device.o
LOAD USB_DEVICE/App/usbd_cdc_if.o
LOAD USB_DEVICE/App/usbd_desc.o
LOAD USB_DEVICE/Target/usbd_conf.o
START GROUP
LOAD /opt/st/stm32cubeide_1.6.1/plugins/com.st.stm32cube.ide.mcu.externaltools.gnu-tools-for-stm32.9-2020-q2-update.linux64_1.5.0.202011040924/tools/bin/../lib/gcc/arm-none-eabi/9.3.1/../../../../arm-none-eabi/lib/thumb/v7e-m+fp/hard/libstdc++_nano.a
LOAD /opt/st/stm32cubeide_1.6.1/plugins/com.st.stm32cube.ide.mcu.externaltools.gnu-tools-for-stm32.9-2020-q2-update.linux64_1.5.0.202011040924/tools/bin/../lib/gcc/arm-none-eabi/9.3.1/../../../../arm-none-eabi/lib/thumb/v7e-m+fp/hard/libsupc++_nano.a
END GROUP
LOAD /opt/st/stm32cubeide_1.6.1/plugins/com.st.stm32cube.ide.mcu.externaltools.gnu-tools-for-stm32.9-2020-q2-update.linux64_1.5.0.202011040924/tools/bin/../lib/gcc/arm-none-eabi/9.3.1/../../../../arm-none-eabi/lib/thumb/v7e-m+fp/hard/libstdc++_nano.a
LOAD /opt/st/stm32cubeide_1.6.1/plugins/com.st.stm32cube.ide.mcu.externaltools.gnu-tools-for-stm32.9-2020-q2-update.linux64_1.5.0.202011040924/tools/bin/../lib/gcc/arm-none-eabi/9.3.1/../../../../arm-none-eabi/lib/thumb/v7e-m+fp/hard/libm.a
LOAD /opt/st/stm32cubeide_1.6.1/plugins/com.st.stm32cube.ide.mcu.externaltools.gnu-tools-for-stm32.9-2020-q2-update.linux64_1.5.0.202011040924/tools/bin/../lib/gcc/arm-none-eabi/9.3.1/../../../../arm-none-eabi/lib/thumb/v7e-m+fp/hard/libc_nano.a
START GROUP
LOAD /opt/st/stm32cubeide_1.6.1/plugins/com.st.stm32cube.ide.mcu.externaltools.gnu-tools-for-stm32.9-2020-q2-update.linux64_1.5.0.202011040924/tools/bin/../lib/gcc/arm-none-eabi/9.3.1/thumb/v7e-m+fp/hard/libgcc.a
LOAD /opt/st/stm32cubeide_1.6.1/plugins/com.st.stm32cube.ide.mcu.externaltools.gnu-tools-for-stm32.9-2020-q2-update.linux64_1.5.0.202011040924/tools/bin/../lib/gcc/arm-none-eabi/9.3.1/../../../../arm-none-eabi/lib/thumb/v7e-m+fp/hard/libc_nano.a
END GROUP
START GROUP
LOAD /opt/st/stm32cubeide_1.6.1/plugins/com.st.stm32cube.ide.mcu.externaltools.gnu-tools-for-stm32.9-2020-q2-update.linux64_1.5.0.202011040924/tools/bin/../lib/gcc/arm-none-eabi/9.3.1/thumb/v7e-m+fp/hard/libgcc.a
LOAD /opt/st/stm32cubeide_1.6.1/plugins/com.st.stm32cube.ide.mcu.externaltools.gnu-tools-for-stm32.9-2020-q2-update.linux64_1.5.0.202011040924/tools/bin/../lib/gcc/arm-none-eabi/9.3.1/../../../../arm-none-eabi/lib/thumb/v7e-m+fp/hard/libc_nano.a
LOAD /opt/st/stm32cubeide_1.6.1/plugins/com.st.stm32cube.ide.mcu.externaltools.gnu-tools-for-stm32.9-2020-q2-update.linux64_1.5.0.202011040924/tools/bin/../lib/gcc/arm-none-eabi/9.3.1/../../../../arm-none-eabi/lib/thumb/v7e-m+fp/hard/libnosys.a
END GROUP
START GROUP
LOAD /opt/st/stm32cubeide_1.6.1/plugins/com.st.stm32cube.ide.mcu.externaltools.gnu-tools-for-stm32.9-2020-q2-update.linux64_1.5.0.202011040924/tools/bin/../lib/gcc/arm-none-eabi/9.3.1/thumb/v7e-m+fp/hard/libgcc.a
LOAD /opt/st/stm32cubeide_1.6.1/plugins/com.st.stm32cube.ide.mcu.externaltools.gnu-tools-for-stm32.9-2020-q2-update.linux64_1.5.0.202011040924/tools/bin/../lib/gcc/arm-none-eabi/9.3.1/../../../../arm-none-eabi/lib/thumb/v7e-m+fp/hard/libc_nano.a
LOAD /opt/st/stm32cubeide_1.6.1/plugins/com.st.stm32cube.ide.mcu.externaltools.gnu-tools-for-stm32.9-2020-q2-update.linux64_1.5.0.202011040924/tools/bin/../lib/gcc/arm-none-eabi/9.3.1/../../../../arm-none-eabi/lib/thumb/v7e-m+fp/hard/libnosys.a
END GROUP
LOAD /opt/st/stm32cubeide_1.6.1/plugins/com.st.stm32cube.ide.mcu.externaltools.gnu-tools-for-stm32.9-2020-q2-update.linux64_1.5.0.202011040924/tools/bin/../lib/gcc/arm-none-eabi/9.3.1/thumb/v7e-m+fp/hard/crtend.o
LOAD /opt/st/stm32cubeide_1.6.1/plugins/com.st.stm32cube.ide.mcu.externaltools.gnu-tools-for-stm32.9-2020-q2-update.linux64_1.5.0.202011040924/tools/bin/../lib/gcc/arm-none-eabi/9.3.1/thumb/v7e-m+fp/hard/crtn.o
                0x0000000020020000                _estack = (ORIGIN (RAM) + LENGTH (RAM))
                0x0000000000000200                _Min_Heap_Size = 0x200
                0x0000000000000400                _Min_Stack_Size = 0x400

.isr_vector     0x0000000008000000      0x188
                0x0000000008000000                . = ALIGN (0x4)
 *(.isr_vector)
 .isr_vector    0x0000000008000000      0x188 Core/Startup/startup_stm32f407vgtx.o
                0x0000000008000000                g_pfnVectors
                0x0000000008000188                . = ALIGN (0x4)

.text           0x0000000008000188     0x8a68
                0x0000000008000188                . = ALIGN (0x4)
 *(.text)
 .text          0x0000000008000188       0x40 /opt/st/stm32cubeide_1.6.1/plugins/com.st.stm32cube.ide.mcu.externaltools.gnu-tools-for-stm32.9-2020-q2-update.linux64_1.5.0.202011040924/tools/bin/../lib/gcc/arm-none-eabi/9.3.1/thumb/v7e-m+fp/hard/crtbegin.o
 .text          0x00000000080001c8       0x30 /opt/st/stm32cubeide_1.6.1/plugins/com.st.stm32cube.ide.mcu.externaltools.gnu-tools-for-stm32.9-2020-q2-update.linux64_1.5.0.202011040924/tools/bin/../lib/gcc/arm-none-eabi/9.3.1/thumb/v7e-m+fp/hard/libgcc.a(_aeabi_uldivmod.o)
                0x00000000080001c8                __aeabi_uldivmod
 .text          0x00000000080001f8      0x2c4 /opt/st/stm32cubeide_1.6.1/plugins/com.st.stm32cube.ide.mcu.externaltools.gnu-tools-for-stm32.9-2020-q2-update.linux64_1.5.0.202011040924/tools/bin/../lib/gcc/arm-none-eabi/9.3.1/thumb/v7e-m+fp/hard/libgcc.a(_udivmoddi4.o)
                0x00000000080001f8                __udivmoddi4
 .text          0x00000000080004bc        0x4 /opt/st/stm32cubeide_1.6.1/plugins/com.st.stm32cube.ide.mcu.externaltools.gnu-tools-for-stm32.9-2020-q2-update.linux64_1.5.0.202011040924/tools/bin/../lib/gcc/arm-none-eabi/9.3.1/thumb/v7e-m+fp/hard/libgcc.a(_dvmd_tls.o)
                0x00000000080004bc                __aeabi_ldiv0
                0x00000000080004bc                __aeabi_idiv0
 *(.text*)
 .text.main     0x00000000080004c0       0x5c Core/Src/main.o
                0x00000000080004c0                main
 .text._Z18SystemClock_Configv
                0x000000000800051c      0x120 Core/Src/main.o
                0x000000000800051c                SystemClock_Config()
 .text._ZL12MX_I2C1_Initv
                0x000000000800063c       0x68 Core/Src/main.o
 .text._ZL12MX_I2S3_Initv
                0x00000000080006a4       0x68 Core/Src/main.o
 .text._ZL12MX_SPI1_Initv
                0x000000000800070c       0x78 Core/Src/main.o
 .text._ZL12MX_GPIO_Initv
                0x0000000008000784      0x1fc Core/Src/main.o
 .text.Error_Handler
                0x0000000008000980        0xa Core/Src/main.o
                0x0000000008000980                Error_Handler
 *fill*         0x000000000800098a        0x2 
 .text._ZN3EMP9MP_ST_usbI14_packLinux2Ard14_packArd2LinuxLb1ELt8ELt4EEC2Ev
                0x000000000800098c       0x60 Core/Src/main.o
                0x000000000800098c                EMP::MP_ST_usb<_packLinux2Ard, _packArd2Linux, true, (unsigned short)8, (unsigned short)4>::MP_ST_usb()
                0x000000000800098c                EMP::MP_ST_usb<_packLinux2Ard, _packArd2Linux, true, (unsigned short)8, (unsigned short)4>::MP_ST_usb()
 .text._ZN3EMP2MPI14_packLinux2Ard14_packArd2LinuxLb1ELt8ELt4EEC2Ev
                0x00000000080009ec       0x3c Core/Src/main.o
                0x00000000080009ec                EMP::MP<_packLinux2Ard, _packArd2Linux, true, (unsigned short)8, (unsigned short)4>::MP()
                0x00000000080009ec                EMP::MP<_packLinux2Ard, _packArd2Linux, true, (unsigned short)8, (unsigned short)4>::MP()
 .text._ZN14CircularBufferIhLt184EEC2Ev
                0x0000000008000a28       0x28 Core/Src/main.o
                0x0000000008000a28                CircularBuffer<unsigned char, (unsigned short)184>::CircularBuffer()
                0x0000000008000a28                CircularBuffer<unsigned char, (unsigned short)184>::CircularBuffer()
 .text._ZN14CircularBufferIhLt184EE8memCleanEv
                0x0000000008000a50       0x38 Core/Src/main.o
                0x0000000008000a50                CircularBuffer<unsigned char, (unsigned short)184>::memClean()
 .text._ZN3EMP9MP_ST_usbI14_packLinux2Ard14_packArd2LinuxLb1ELt8ELt4EE7isrReadEPhPm
                0x0000000008000a88       0x44 Core/Src/main.o
                0x0000000008000a88                EMP::MP_ST_usb<_packLinux2Ard, _packArd2Linux, true, (unsigned short)8, (unsigned short)4>::isrRead(unsigned char*, unsigned long*)
 .text._ZN3EMP9MP_ST_usbI14_packLinux2Ard14_packArd2LinuxLb1ELt8ELt4EE13isrSendNotifyEPhPmh
                0x0000000008000acc       0x88 Core/Src/main.o
                0x0000000008000acc                EMP::MP_ST_usb<_packLinux2Ard, _packArd2Linux, true, (unsigned short)8, (unsigned short)4>::isrSendNotify(unsigned char*, unsigned long*, unsigned char)
 .text._ZN3EMP2MPI14_packLinux2Ard14_packArd2LinuxLb1ELt8ELt4EE8packSendEPS2_t
                0x0000000008000b54      0x164 Core/Src/main.o
                0x0000000008000b54                EMP::MP<_packLinux2Ard, _packArd2Linux, true, (unsigned short)8, (unsigned short)4>::packSend(_packArd2Linux*, unsigned short)
 .text._ZN14CircularBufferI14_packLinux2ArdLt4EEC2Ev
                0x0000000008000cb8       0x28 Core/Src/main.o
                0x0000000008000cb8                CircularBuffer<_packLinux2Ard, (unsigned short)4>::CircularBuffer()
                0x0000000008000cb8                CircularBuffer<_packLinux2Ard, (unsigned short)4>::CircularBuffer()
 .text._ZN3EMP2MPI14_packLinux2Ard14_packArd2LinuxLb1ELt8ELt4EE8bufClearEv
                0x0000000008000ce0       0x2a Core/Src/main.o
                0x0000000008000ce0                EMP::MP<_packLinux2Ard, _packArd2Linux, true, (unsigned short)8, (unsigned short)4>::bufClear()
 .text._ZN14CircularBufferIhLt184EE5resetEv
                0x0000000008000d0a       0x20 Core/Src/main.o
                0x0000000008000d0a                CircularBuffer<unsigned char, (unsigned short)184>::reset()
 .text._ZN14CircularBufferIhLt184EE8putArrayEPht
                0x0000000008000d2a       0x24 Core/Src/main.o
                0x0000000008000d2a                CircularBuffer<unsigned char, (unsigned short)184>::putArray(unsigned char*, unsigned short)
 .text._ZN3EMP2MPI14_packLinux2Ard14_packArd2LinuxLb1ELt8ELt4EE11byteParsingEv
                0x0000000008000d4e      0x170 Core/Src/main.o
                0x0000000008000d4e                EMP::MP<_packLinux2Ard, _packArd2Linux, true, (unsigned short)8, (unsigned short)4>::byteParsing()
 *fill*         0x0000000008000ebe        0x2 
 .text._ZNK14CircularBufferIhLt184EE9usedSpaceEv
                0x0000000008000ec0       0x60 Core/Src/main.o
                0x0000000008000ec0                CircularBuffer<unsigned char, (unsigned short)184>::usedSpace() const
 .text._ZNK14CircularBufferIhLt184EE15usedSpaceLinearEv
                0x0000000008000f20       0x42 Core/Src/main.o
                0x0000000008000f20                CircularBuffer<unsigned char, (unsigned short)184>::usedSpaceLinear() const
 .text._ZN14CircularBufferIhLt184EE10getTailPtrEv
                0x0000000008000f62       0x20 Core/Src/main.o
                0x0000000008000f62                CircularBuffer<unsigned char, (unsigned short)184>::getTailPtr()
 *fill*         0x0000000008000f82        0x2 
 .text._ZN14CircularBufferIhLt184EE7tailAddEt
                0x0000000008000f84       0x68 Core/Src/main.o
                0x0000000008000f84                CircularBuffer<unsigned char, (unsigned short)184>::tailAdd(unsigned short)
 .text._ZN14CircularBufferI14_packLinux2ArdLt4EE8memCleanEv
                0x0000000008000fec       0x3e Core/Src/main.o
                0x0000000008000fec                CircularBuffer<_packLinux2Ard, (unsigned short)4>::memClean()
 .text._ZN14CircularBufferIhLt184EE8putArrayEPhtt
                0x000000000800102a       0x8a Core/Src/main.o
                0x000000000800102a                CircularBuffer<unsigned char, (unsigned short)184>::putArray(unsigned char*, unsigned short, unsigned short)
 .text._ZNK14CircularBufferIhLt184EE14availableSpaceEv
                0x00000000080010b4       0x1e Core/Src/main.o
                0x00000000080010b4                CircularBuffer<unsigned char, (unsigned short)184>::availableSpace() const
 *fill*         0x00000000080010d2        0x2 
 .text._ZN14CircularBufferIhLt184EE7headAddEt
                0x00000000080010d4       0x6c Core/Src/main.o
                0x00000000080010d4                CircularBuffer<unsigned char, (unsigned short)184>::headAdd(unsigned short)
 .text._ZNK14CircularBufferIhLt184EE7isEmptyEv
                0x0000000008001140       0x2a Core/Src/main.o
                0x0000000008001140                CircularBuffer<unsigned char, (unsigned short)184>::isEmpty() const
 .text._ZN14CircularBufferIhLt184EE3getEPt
                0x000000000800116a       0x28 Core/Src/main.o
                0x000000000800116a                CircularBuffer<unsigned char, (unsigned short)184>::get(unsigned short*)
 *fill*         0x0000000008001192        0x2 
 .text._ZNK14CircularBufferIhLt184EE16countSlotBetweenEtt
                0x0000000008001194       0x40 Core/Src/main.o
                0x0000000008001194                CircularBuffer<unsigned char, (unsigned short)184>::countSlotBetween(unsigned short, unsigned short) const
 .text._ZN14CircularBufferIhLt184EE8memcpyCbEPhtt
                0x00000000080011d4       0x64 Core/Src/main.o
                0x00000000080011d4                CircularBuffer<unsigned char, (unsigned short)184>::memcpyCb(unsigned char*, unsigned short, unsigned short)
 .text._ZN14CircularBufferI14_packLinux2ArdLt4EE3putEPS0_t
                0x0000000008001238       0x58 Core/Src/main.o
                0x0000000008001238                CircularBuffer<_packLinux2Ard, (unsigned short)4>::put(_packLinux2Ard*, unsigned short)
 .text._ZNK14CircularBufferIhLt184EE6isFullEv
                0x0000000008001290       0x48 Core/Src/main.o
                0x0000000008001290                CircularBuffer<unsigned char, (unsigned short)184>::isFull() const
 .text._ZN14CircularBufferI14_packLinux2ArdLt4EE5resetEv
                0x00000000080012d8       0x20 Core/Src/main.o
                0x00000000080012d8                CircularBuffer<_packLinux2Ard, (unsigned short)4>::reset()
 .text._ZN14CircularBufferIhLt184EE7headIncEv
                0x00000000080012f8       0x1a Core/Src/main.o
                0x00000000080012f8                CircularBuffer<unsigned char, (unsigned short)184>::headInc()
 .text._ZNK14CircularBufferIhLt184EE7getTailEv
                0x0000000008001312       0x1a Core/Src/main.o
                0x0000000008001312                CircularBuffer<unsigned char, (unsigned short)184>::getTail() const
 .text._ZN14CircularBufferIhLt184EE3getEv
                0x000000000800132c       0x32 Core/Src/main.o
                0x000000000800132c                CircularBuffer<unsigned char, (unsigned short)184>::get()
 *fill*         0x000000000800135e        0x2 
 .text._ZNK14CircularBufferI14_packLinux2ArdLt4EE6isFullEv
                0x0000000008001360       0x48 Core/Src/main.o
                0x0000000008001360                CircularBuffer<_packLinux2Ard, (unsigned short)4>::isFull() const
 .text._ZN14CircularBufferI14_packLinux2ArdLt4EE7headIncEv
                0x00000000080013a8       0x1a Core/Src/main.o
                0x00000000080013a8                CircularBuffer<_packLinux2Ard, (unsigned short)4>::headInc()
 .text._ZNK14CircularBufferIhLt184EE8readTailEv
                0x00000000080013c2       0x20 Core/Src/main.o
                0x00000000080013c2                CircularBuffer<unsigned char, (unsigned short)184>::readTail() const
 .text._ZN14CircularBufferIhLt184EE7tailIncEv
                0x00000000080013e2       0x1a Core/Src/main.o
                0x00000000080013e2                CircularBuffer<unsigned char, (unsigned short)184>::tailInc()
 .text._ZN14CircularBufferI14_packLinux2ArdLt4EE7headAddEt
                0x00000000080013fc       0x6c Core/Src/main.o
                0x00000000080013fc                CircularBuffer<_packLinux2Ard, (unsigned short)4>::headAdd(unsigned short)
 .text._ZNK14CircularBufferI14_packLinux2ArdLt4EE14availableSpaceEv
                0x0000000008001468       0x1e Core/Src/main.o
                0x0000000008001468                CircularBuffer<_packLinux2Ard, (unsigned short)4>::availableSpace() const
 *fill*         0x0000000008001486        0x2 
 .text._ZNK14CircularBufferI14_packLinux2ArdLt4EE9usedSpaceEv
                0x0000000008001488       0x5c Core/Src/main.o
                0x0000000008001488                CircularBuffer<_packLinux2Ard, (unsigned short)4>::usedSpace() const
 .text._ZNK14CircularBufferI14_packLinux2ArdLt4EE7isEmptyEv
                0x00000000080014e4       0x2a Core/Src/main.o
                0x00000000080014e4                CircularBuffer<_packLinux2Ard, (unsigned short)4>::isEmpty() const
 *fill*         0x000000000800150e        0x2 
 .text._Z41__static_initialization_and_destruction_0ii
                0x0000000008001510       0x44 Core/Src/main.o
 .text._ZN3EMP9MP_ST_usbI14_packLinux2Ard14_packArd2LinuxLb1ELt8ELt4EE12getData_waitEPS1_
                0x0000000008001554       0x38 Core/Src/main.o
                0x0000000008001554                EMP::MP_ST_usb<_packLinux2Ard, _packArd2Linux, true, (unsigned short)8, (unsigned short)4>::getData_wait(_packLinux2Ard*)
 .text._ZN3EMP9MP_ST_usbI14_packLinux2Ard14_packArd2LinuxLb1ELt8ELt4EE17packSend_ConcreteEPht
                0x000000000800158c       0x9c Core/Src/main.o
                0x000000000800158c                EMP::MP_ST_usb<_packLinux2Ard, _packArd2Linux, true, (unsigned short)8, (unsigned short)4>::packSend_Concrete(unsigned char*, unsigned short)
 .text._ZN3EMP9MP_ST_usbI14_packLinux2Ard14_packArd2LinuxLb1ELt8ELt4EE15packTimeRefreshEv
                0x0000000008001628       0x1c Core/Src/main.o
                0x0000000008001628                EMP::MP_ST_usb<_packLinux2Ard, _packArd2Linux, true, (unsigned short)8, (unsigned short)4>::packTimeRefresh()
 .text._ZN3EMP9MP_ST_usbI14_packLinux2Ard14_packArd2LinuxLb1ELt8ELt4EE15lastPackElapsedEv
                0x0000000008001644       0x1e Core/Src/main.o
                0x0000000008001644                EMP::MP_ST_usb<_packLinux2Ard, _packArd2Linux, true, (unsigned short)8, (unsigned short)4>::lastPackElapsed()
 *fill*         0x0000000008001662        0x2 
 .text._ZN3EMP9MP_ST_usbI14_packLinux2Ard14_packArd2LinuxLb1ELt8ELt4EED2Ev
                0x0000000008001664       0x20 Core/Src/main.o
                0x0000000008001664                EMP::MP_ST_usb<_packLinux2Ard, _packArd2Linux, true, (unsigned short)8, (unsigned short)4>::~MP_ST_usb()
                0x0000000008001664                EMP::MP_ST_usb<_packLinux2Ard, _packArd2Linux, true, (unsigned short)8, (unsigned short)4>::~MP_ST_usb()
 .text._ZN3EMP2MPI14_packLinux2Ard14_packArd2LinuxLb1ELt8ELt4EE13dataAvailableEv
                0x0000000008001684       0x1c Core/Src/main.o
                0x0000000008001684                EMP::MP<_packLinux2Ard, _packArd2Linux, true, (unsigned short)8, (unsigned short)4>::dataAvailable()
 .text._ZN3EMP2MPI14_packLinux2Ard14_packArd2LinuxLb1ELt8ELt4EE11getData_tryEPS1_
                0x00000000080016a0       0x48 Core/Src/main.o
                0x00000000080016a0                EMP::MP<_packLinux2Ard, _packArd2Linux, true, (unsigned short)8, (unsigned short)4>::getData_try(_packLinux2Ard*)
 .text._ZN14CircularBufferI14_packLinux2ArdLt4EE6getPtrEv
                0x00000000080016e8       0x30 Core/Src/main.o
                0x00000000080016e8                CircularBuffer<_packLinux2Ard, (unsigned short)4>::getPtr()
 .text._ZN14CircularBufferI14_packLinux2ArdLt4EE10getTailPtrEv
                0x0000000008001718       0x26 Core/Src/main.o
                0x0000000008001718                CircularBuffer<_packLinux2Ard, (unsigned short)4>::getTailPtr()
 .text._ZN14CircularBufferI14_packLinux2ArdLt4EE7tailIncEv
                0x000000000800173e       0x1a Core/Src/main.o
                0x000000000800173e                CircularBuffer<_packLinux2Ard, (unsigned short)4>::tailInc()
 .text._ZN14CircularBufferI14_packLinux2ArdLt4EE7tailAddEt
                0x0000000008001758       0x68 Core/Src/main.o
                0x0000000008001758                CircularBuffer<_packLinux2Ard, (unsigned short)4>::tailAdd(unsigned short)
 .text._GLOBAL__sub_I_hi2c1
                0x00000000080017c0       0x10 Core/Src/main.o
 .text._GLOBAL__sub_D_hi2c1
                0x00000000080017d0       0x10 Core/Src/main.o
 .text.HAL_MspInit
                0x00000000080017e0       0x50 Core/Src/stm32f4xx_hal_msp.o
                0x00000000080017e0                HAL_MspInit
 .text.HAL_I2C_MspInit
                0x0000000008001830       0x90 Core/Src/stm32f4xx_hal_msp.o
                0x0000000008001830                HAL_I2C_MspInit
 .text.HAL_I2S_MspInit
                0x00000000080018c0       0xd0 Core/Src/stm32f4xx_hal_msp.o
                0x00000000080018c0                HAL_I2S_MspInit
 .text.HAL_SPI_MspInit
                0x0000000008001990       0x90 Core/Src/stm32f4xx_hal_msp.o
                0x0000000008001990                HAL_SPI_MspInit
 .text.NMI_Handler
                0x0000000008001a20        0x6 Core/Src/stm32f4xx_it.o
                0x0000000008001a20                NMI_Handler
 .text.HardFault_Handler
                0x0000000008001a26        0x6 Core/Src/stm32f4xx_it.o
                0x0000000008001a26                HardFault_Handler
 .text.MemManage_Handler
                0x0000000008001a2c        0x6 Core/Src/stm32f4xx_it.o
                0x0000000008001a2c                MemManage_Handler
 .text.BusFault_Handler
                0x0000000008001a32        0x6 Core/Src/stm32f4xx_it.o
                0x0000000008001a32                BusFault_Handler
 .text.UsageFault_Handler
                0x0000000008001a38        0x6 Core/Src/stm32f4xx_it.o
                0x0000000008001a38                UsageFault_Handler
 .text.SVC_Handler
                0x0000000008001a3e        0xe Core/Src/stm32f4xx_it.o
                0x0000000008001a3e                SVC_Handler
 .text.DebugMon_Handler
                0x0000000008001a4c        0xe Core/Src/stm32f4xx_it.o
                0x0000000008001a4c                DebugMon_Handler
 .text.PendSV_Handler
                0x0000000008001a5a        0xe Core/Src/stm32f4xx_it.o
                0x0000000008001a5a                PendSV_Handler
 .text.SysTick_Handler
                0x0000000008001a68        0xc Core/Src/stm32f4xx_it.o
                0x0000000008001a68                SysTick_Handler
 .text.OTG_FS_IRQHandler
                0x0000000008001a74       0x14 Core/Src/stm32f4xx_it.o
                0x0000000008001a74                OTG_FS_IRQHandler
 .text._getpid  0x0000000008001a88       0x10 Core/Src/syscalls.o
                0x0000000008001a88                _getpid
 .text._kill    0x0000000008001a98       0x20 Core/Src/syscalls.o
                0x0000000008001a98                _kill
 .text._exit    0x0000000008001ab8       0x14 Core/Src/syscalls.o
                0x0000000008001ab8                _exit
 .text.SystemInit
                0x0000000008001acc       0x24 Core/Src/system_stm32f4xx.o
                0x0000000008001acc                SystemInit
 .text.Reset_Handler
                0x0000000008001af0       0x50 Core/Startup/startup_stm32f407vgtx.o
                0x0000000008001af0                Reset_Handler
 .text.Default_Handler
                0x0000000008001b40        0x2 Core/Startup/startup_stm32f407vgtx.o
                0x0000000008001b40                RTC_Alarm_IRQHandler
                0x0000000008001b40                HASH_RNG_IRQHandler
                0x0000000008001b40                EXTI2_IRQHandler
                0x0000000008001b40                TIM8_CC_IRQHandler
                0x0000000008001b40                TIM1_CC_IRQHandler
                0x0000000008001b40                DMA2_Stream5_IRQHandler
                0x0000000008001b40                DMA1_Stream5_IRQHandler
                0x0000000008001b40                PVD_IRQHandler
                0x0000000008001b40                SDIO_IRQHandler
                0x0000000008001b40                TAMP_STAMP_IRQHandler
                0x0000000008001b40                CAN2_RX1_IRQHandler
                0x0000000008001b40                EXTI3_IRQHandler
                0x0000000008001b40                TIM8_TRG_COM_TIM14_IRQHandler
                0x0000000008001b40                TIM1_UP_TIM10_IRQHandler
                0x0000000008001b40                TIM8_UP_TIM13_IRQHandler
                0x0000000008001b40                I2C3_ER_IRQHandler
                0x0000000008001b40                EXTI0_IRQHandler
                0x0000000008001b40                I2C2_EV_IRQHandler
                0x0000000008001b40                DMA1_Stream2_IRQHandler
                0x0000000008001b40                CAN1_RX0_IRQHandler
                0x0000000008001b40                FPU_IRQHandler
                0x0000000008001b40                OTG_HS_WKUP_IRQHandler
                0x0000000008001b40                CAN2_SCE_IRQHandler
                0x0000000008001b40                DMA2_Stream2_IRQHandler
                0x0000000008001b40                SPI1_IRQHandler
                0x0000000008001b40                TIM6_DAC_IRQHandler
                0x0000000008001b40                TIM1_BRK_TIM9_IRQHandler
                0x0000000008001b40                DCMI_IRQHandler
                0x0000000008001b40                CAN2_RX0_IRQHandler
                0x0000000008001b40                DMA2_Stream3_IRQHandler
                0x0000000008001b40                USART6_IRQHandler
                0x0000000008001b40                USART3_IRQHandler
                0x0000000008001b40                CAN1_RX1_IRQHandler
                0x0000000008001b40                UART5_IRQHandler
                0x0000000008001b40                DMA2_Stream0_IRQHandler
                0x0000000008001b40                TIM4_IRQHandler
                0x0000000008001b40                I2C1_EV_IRQHandler
                0x0000000008001b40                DMA1_Stream6_IRQHandler
                0x0000000008001b40                DMA1_Stream1_IRQHandler
                0x0000000008001b40                UART4_IRQHandler
                0x0000000008001b40                TIM3_IRQHandler
                0x0000000008001b40                RCC_IRQHandler
                0x0000000008001b40                TIM8_BRK_TIM12_IRQHandler
                0x0000000008001b40                Default_Handler
                0x0000000008001b40                EXTI15_10_IRQHandler
                0x0000000008001b40                ADC_IRQHandler
                0x0000000008001b40                DMA1_Stream7_IRQHandler
                0x0000000008001b40                TIM7_IRQHandler
                0x0000000008001b40                CAN2_TX_IRQHandler
                0x0000000008001b40                TIM5_IRQHandler
                0x0000000008001b40                DMA2_Stream7_IRQHandler
                0x0000000008001b40                I2C3_EV_IRQHandler
                0x0000000008001b40                EXTI9_5_IRQHandler
                0x0000000008001b40                RTC_WKUP_IRQHandler
                0x0000000008001b40                ETH_WKUP_IRQHandler
                0x0000000008001b40                SPI2_IRQHandler
                0x0000000008001b40                OTG_HS_EP1_IN_IRQHandler
                0x0000000008001b40                DMA1_Stream0_IRQHandler
                0x0000000008001b40                CAN1_TX_IRQHandler
                0x0000000008001b40                EXTI4_IRQHandler
                0x0000000008001b40                FSMC_IRQHandler
                0x0000000008001b40                ETH_IRQHandler
                0x0000000008001b40                OTG_HS_EP1_OUT_IRQHandler
                0x0000000008001b40                WWDG_IRQHandler
                0x0000000008001b40                TIM2_IRQHandler
                0x0000000008001b40                OTG_FS_WKUP_IRQHandler
                0x0000000008001b40                TIM1_TRG_COM_TIM11_IRQHandler
                0x0000000008001b40                OTG_HS_IRQHandler
                0x0000000008001b40                EXTI1_IRQHandler
                0x0000000008001b40                USART2_IRQHandler
                0x0000000008001b40                I2C2_ER_IRQHandler
                0x0000000008001b40                DMA2_Stream1_IRQHandler
                0x0000000008001b40                CAN1_SCE_IRQHandler
                0x0000000008001b40                FLASH_IRQHandler
                0x0000000008001b40                DMA2_Stream4_IRQHandler
                0x0000000008001b40                USART1_IRQHandler
                0x0000000008001b40                SPI3_IRQHandler
                0x0000000008001b40                DMA1_Stream4_IRQHandler
                0x0000000008001b40                I2C1_ER_IRQHandler
                0x0000000008001b40                DMA2_Stream6_IRQHandler
                0x0000000008001b40                DMA1_Stream3_IRQHandler
 *fill*         0x0000000008001b42        0x2 
 .text.HAL_Init
                0x0000000008001b44       0x44 Drivers/STM32F4xx_HAL_Driver/Src/stm32f4xx_hal.o
                0x0000000008001b44                HAL_Init
 .text.HAL_InitTick
                0x0000000008001b88       0x60 Drivers/STM32F4xx_HAL_Driver/Src/stm32f4xx_hal.o
                0x0000000008001b88                HAL_InitTick
 .text.HAL_IncTick
                0x0000000008001be8       0x28 Drivers/STM32F4xx_HAL_Driver/Src/stm32f4xx_hal.o
                0x0000000008001be8                HAL_IncTick
 .text.HAL_GetTick
                0x0000000008001c10       0x18 Drivers/STM32F4xx_HAL_Driver/Src/stm32f4xx_hal.o
                0x0000000008001c10                HAL_GetTick
 .text.HAL_Delay
                0x0000000008001c28       0x48 Drivers/STM32F4xx_HAL_Driver/Src/stm32f4xx_hal.o
                0x0000000008001c28                HAL_Delay
 .text.__NVIC_SetPriorityGrouping
                0x0000000008001c70       0x48 Drivers/STM32F4xx_HAL_Driver/Src/stm32f4xx_hal_cortex.o
 .text.__NVIC_GetPriorityGrouping
                0x0000000008001cb8       0x1c Drivers/STM32F4xx_HAL_Driver/Src/stm32f4xx_hal_cortex.o
 .text.__NVIC_EnableIRQ
                0x0000000008001cd4       0x3c Drivers/STM32F4xx_HAL_Driver/Src/stm32f4xx_hal_cortex.o
 .text.__NVIC_SetPriority
                0x0000000008001d10       0x54 Drivers/STM32F4xx_HAL_Driver/Src/stm32f4xx_hal_cortex.o
 .text.NVIC_EncodePriority
                0x0000000008001d64       0x66 Drivers/STM32F4xx_HAL_Driver/Src/stm32f4xx_hal_cortex.o
 *fill*         0x0000000008001dca        0x2 
 .text.SysTick_Config
                0x0000000008001dcc       0x44 Drivers/STM32F4xx_HAL_Driver/Src/stm32f4xx_hal_cortex.o
 .text.HAL_NVIC_SetPriorityGrouping
                0x0000000008001e10       0x16 Drivers/STM32F4xx_HAL_Driver/Src/stm32f4xx_hal_cortex.o
                0x0000000008001e10                HAL_NVIC_SetPriorityGrouping
 .text.HAL_NVIC_SetPriority
                0x0000000008001e26       0x38 Drivers/STM32F4xx_HAL_Driver/Src/stm32f4xx_hal_cortex.o
                0x0000000008001e26                HAL_NVIC_SetPriority
 .text.HAL_NVIC_EnableIRQ
                0x0000000008001e5e       0x1c Drivers/STM32F4xx_HAL_Driver/Src/stm32f4xx_hal_cortex.o
                0x0000000008001e5e                HAL_NVIC_EnableIRQ
 .text.HAL_SYSTICK_Config
                0x0000000008001e7a       0x18 Drivers/STM32F4xx_HAL_Driver/Src/stm32f4xx_hal_cortex.o
                0x0000000008001e7a                HAL_SYSTICK_Config
 *fill*         0x0000000008001e92        0x2 
 .text.HAL_GPIO_Init
                0x0000000008001e94      0x338 Drivers/STM32F4xx_HAL_Driver/Src/stm32f4xx_hal_gpio.o
                0x0000000008001e94                HAL_GPIO_Init
 .text.HAL_GPIO_WritePin
                0x00000000080021cc       0x32 Drivers/STM32F4xx_HAL_Driver/Src/stm32f4xx_hal_gpio.o
                0x00000000080021cc                HAL_GPIO_WritePin
 *fill*         0x00000000080021fe        0x2 
 .text.HAL_I2C_Init
                0x0000000008002200      0x288 Drivers/STM32F4xx_HAL_Driver/Src/stm32f4xx_hal_i2c.o
                0x0000000008002200                HAL_I2C_Init
 .text.HAL_I2S_Init
                0x0000000008002488      0x280 Drivers/STM32F4xx_HAL_Driver/Src/stm32f4xx_hal_i2s.o
                0x0000000008002488                HAL_I2S_Init
 .text.HAL_I2S_TxCpltCallback
                0x0000000008002708       0x14 Drivers/STM32F4xx_HAL_Driver/Src/stm32f4xx_hal_i2s.o
                0x0000000008002708                HAL_I2S_TxCpltCallback
 .text.HAL_I2S_RxCpltCallback
                0x000000000800271c       0x14 Drivers/STM32F4xx_HAL_Driver/Src/stm32f4xx_hal_i2s.o
                0x000000000800271c                HAL_I2S_RxCpltCallback
 .text.HAL_I2S_ErrorCallback
                0x0000000008002730       0x14 Drivers/STM32F4xx_HAL_Driver/Src/stm32f4xx_hal_i2s.o
                0x0000000008002730                HAL_I2S_ErrorCallback
 .text.I2S_Transmit_IT
                0x0000000008002744       0x5c Drivers/STM32F4xx_HAL_Driver/Src/stm32f4xx_hal_i2s.o
 .text.I2S_Receive_IT
                0x00000000080027a0       0x5e Drivers/STM32F4xx_HAL_Driver/Src/stm32f4xx_hal_i2s.o
 .text.I2S_IRQHandler
                0x00000000080027fe      0x114 Drivers/STM32F4xx_HAL_Driver/Src/stm32f4xx_hal_i2s.o
 *fill*         0x0000000008002912        0x2 
 .text.HAL_I2SEx_FullDuplex_IRQHandler
                0x0000000008002914      0x2a8 Drivers/STM32F4xx_HAL_Driver/Src/stm32f4xx_hal_i2s_ex.o
                0x0000000008002914                HAL_I2SEx_FullDuplex_IRQHandler
 .text.HAL_I2SEx_TxRxCpltCallback
                0x0000000008002bbc       0x14 Drivers/STM32F4xx_HAL_Driver/Src/stm32f4xx_hal_i2s_ex.o
                0x0000000008002bbc                HAL_I2SEx_TxRxCpltCallback
 .text.I2SEx_TxISR_I2S
                0x0000000008002bd0       0x62 Drivers/STM32F4xx_HAL_Driver/Src/stm32f4xx_hal_i2s_ex.o
 *fill*         0x0000000008002c32        0x2 
 .text.I2SEx_TxISR_I2SExt
                0x0000000008002c34       0x98 Drivers/STM32F4xx_HAL_Driver/Src/stm32f4xx_hal_i2s_ex.o
 .text.I2SEx_RxISR_I2S
                0x0000000008002ccc       0x64 Drivers/STM32F4xx_HAL_Driver/Src/stm32f4xx_hal_i2s_ex.o
 .text.I2SEx_RxISR_I2SExt
                0x0000000008002d30       0x98 Drivers/STM32F4xx_HAL_Driver/Src/stm32f4xx_hal_i2s_ex.o
 .text.HAL_PCD_Init
                0x0000000008002dc8      0x23a Drivers/STM32F4xx_HAL_Driver/Src/stm32f4xx_hal_pcd.o
                0x0000000008002dc8                HAL_PCD_Init
 .text.HAL_PCD_Start
                0x0000000008003002       0x66 Drivers/STM32F4xx_HAL_Driver/Src/stm32f4xx_hal_pcd.o
                0x0000000008003002                HAL_PCD_Start
 .text.HAL_PCD_IRQHandler
                0x0000000008003068      0x764 Drivers/STM32F4xx_HAL_Driver/Src/stm32f4xx_hal_pcd.o
                0x0000000008003068                HAL_PCD_IRQHandler
 .text.HAL_PCD_SetAddress
                0x00000000080037cc       0x4a Drivers/STM32F4xx_HAL_Driver/Src/stm32f4xx_hal_pcd.o
                0x00000000080037cc                HAL_PCD_SetAddress
 .text.HAL_PCD_EP_Open
                0x0000000008003816       0xd0 Drivers/STM32F4xx_HAL_Driver/Src/stm32f4xx_hal_pcd.o
                0x0000000008003816                HAL_PCD_EP_Open
 .text.HAL_PCD_EP_Close
                0x00000000080038e6       0x94 Drivers/STM32F4xx_HAL_Driver/Src/stm32f4xx_hal_pcd.o
                0x00000000080038e6                HAL_PCD_EP_Close
 .text.HAL_PCD_EP_Receive
                0x000000000800397a       0x96 Drivers/STM32F4xx_HAL_Driver/Src/stm32f4xx_hal_pcd.o
                0x000000000800397a                HAL_PCD_EP_Receive
 .text.HAL_PCD_EP_GetRxCount
                0x0000000008003a10       0x30 Drivers/STM32F4xx_HAL_Driver/Src/stm32f4xx_hal_pcd.o
                0x0000000008003a10                HAL_PCD_EP_GetRxCount
 .text.HAL_PCD_EP_Transmit
                0x0000000008003a40       0x94 Drivers/STM32F4xx_HAL_Driver/Src/stm32f4xx_hal_pcd.o
                0x0000000008003a40                HAL_PCD_EP_Transmit
 .text.HAL_PCD_EP_SetStall
                0x0000000008003ad4       0xc8 Drivers/STM32F4xx_HAL_Driver/Src/stm32f4xx_hal_pcd.o
                0x0000000008003ad4                HAL_PCD_EP_SetStall
 .text.HAL_PCD_EP_ClrStall
                0x0000000008003b9c       0xac Drivers/STM32F4xx_HAL_Driver/Src/stm32f4xx_hal_pcd.o
                0x0000000008003b9c                HAL_PCD_EP_ClrStall
 .text.PCD_WriteEmptyTxFifo
                0x0000000008003c48      0x11a Drivers/STM32F4xx_HAL_Driver/Src/stm32f4xx_hal_pcd.o
 *fill*         0x0000000008003d62        0x2 
 .text.PCD_EP_OutXfrComplete_int
                0x0000000008003d64      0x218 Drivers/STM32F4xx_HAL_Driver/Src/stm32f4xx_hal_pcd.o
 .text.PCD_EP_OutSetupPacket_int
                0x0000000008003f7c       0x8c Drivers/STM32F4xx_HAL_Driver/Src/stm32f4xx_hal_pcd.o
 .text.HAL_PCDEx_SetTxFiFo
                0x0000000008004008       0x8e Drivers/STM32F4xx_HAL_Driver/Src/stm32f4xx_hal_pcd_ex.o
                0x0000000008004008                HAL_PCDEx_SetTxFiFo
 .text.HAL_PCDEx_SetRxFiFo
                0x0000000008004096       0x22 Drivers/STM32F4xx_HAL_Driver/Src/stm32f4xx_hal_pcd_ex.o
                0x0000000008004096                HAL_PCDEx_SetRxFiFo
 .text.HAL_PCDEx_LPM_Callback
                0x00000000080040b8       0x18 Drivers/STM32F4xx_HAL_Driver/Src/stm32f4xx_hal_pcd_ex.o
                0x00000000080040b8                HAL_PCDEx_LPM_Callback
 .text.HAL_RCC_OscConfig
                0x00000000080040d0      0x4f0 Drivers/STM32F4xx_HAL_Driver/Src/stm32f4xx_hal_rcc.o
                0x00000000080040d0                HAL_RCC_OscConfig
 .text.HAL_RCC_ClockConfig
                0x00000000080045c0      0x1cc Drivers/STM32F4xx_HAL_Driver/Src/stm32f4xx_hal_rcc.o
                0x00000000080045c0                HAL_RCC_ClockConfig
 .text.HAL_RCC_GetSysClockFreq
                0x000000000800478c      0x1c4 Drivers/STM32F4xx_HAL_Driver/Src/stm32f4xx_hal_rcc.o
                0x000000000800478c                HAL_RCC_GetSysClockFreq
 .text.HAL_RCC_GetHCLKFreq
                0x0000000008004950       0x18 Drivers/STM32F4xx_HAL_Driver/Src/stm32f4xx_hal_rcc.o
                0x0000000008004950                HAL_RCC_GetHCLKFreq
 .text.HAL_RCC_GetPCLK1Freq
                0x0000000008004968       0x28 Drivers/STM32F4xx_HAL_Driver/Src/stm32f4xx_hal_rcc.o
                0x0000000008004968                HAL_RCC_GetPCLK1Freq
 .text.HAL_RCCEx_PeriphCLKConfig
                0x0000000008004990      0x1c4 Drivers/STM32F4xx_HAL_Driver/Src/stm32f4xx_hal_rcc_ex.o
                0x0000000008004990                HAL_RCCEx_PeriphCLKConfig
 .text.HAL_RCCEx_GetPeriphCLKFreq
                0x0000000008004b54       0xbc Drivers/STM32F4xx_HAL_Driver/Src/stm32f4xx_hal_rcc_ex.o
                0x0000000008004b54                HAL_RCCEx_GetPeriphCLKFreq
 .text.HAL_SPI_Init
                0x0000000008004c10      0x112 Drivers/STM32F4xx_HAL_Driver/Src/stm32f4xx_hal_spi.o
                0x0000000008004c10                HAL_SPI_Init
 .text.USB_CoreInit
                0x0000000008004d22       0xc2 Drivers/STM32F4xx_HAL_Driver/Src/stm32f4xx_ll_usb.o
                0x0000000008004d22                USB_CoreInit
 .text.USB_SetTurnaroundTime
                0x0000000008004de4      0x144 Drivers/STM32F4xx_HAL_Driver/Src/stm32f4xx_ll_usb.o
                0x0000000008004de4                USB_SetTurnaroundTime
 .text.USB_EnableGlobalInt
                0x0000000008004f28       0x22 Drivers/STM32F4xx_HAL_Driver/Src/stm32f4xx_ll_usb.o
                0x0000000008004f28                USB_EnableGlobalInt
 .text.USB_DisableGlobalInt
                0x0000000008004f4a       0x22 Drivers/STM32F4xx_HAL_Driver/Src/stm32f4xx_ll_usb.o
                0x0000000008004f4a                USB_DisableGlobalInt
 .text.USB_SetCurrentMode
                0x0000000008004f6c       0x54 Drivers/STM32F4xx_HAL_Driver/Src/stm32f4xx_ll_usb.o
                0x0000000008004f6c                USB_SetCurrentMode
 .text.USB_DevInit
                0x0000000008004fc0      0x2c8 Drivers/STM32F4xx_HAL_Driver/Src/stm32f4xx_ll_usb.o
                0x0000000008004fc0                USB_DevInit
 .text.USB_FlushTxFifo
                0x0000000008005288       0x4c Drivers/STM32F4xx_HAL_Driver/Src/stm32f4xx_ll_usb.o
                0x0000000008005288                USB_FlushTxFifo
 .text.USB_FlushRxFifo
                0x00000000080052d4       0x44 Drivers/STM32F4xx_HAL_Driver/Src/stm32f4xx_ll_usb.o
                0x00000000080052d4                USB_FlushRxFifo
 .text.USB_SetDevSpeed
                0x0000000008005318       0x32 Drivers/STM32F4xx_HAL_Driver/Src/stm32f4xx_ll_usb.o
                0x0000000008005318                USB_SetDevSpeed
 .text.USB_GetDevSpeed
                0x000000000800534a       0x4a Drivers/STM32F4xx_HAL_Driver/Src/stm32f4xx_ll_usb.o
                0x000000000800534a                USB_GetDevSpeed
 .text.USB_ActivateEndpoint
                0x0000000008005394      0x10e Drivers/STM32F4xx_HAL_Driver/Src/stm32f4xx_ll_usb.o
                0x0000000008005394                USB_ActivateEndpoint
 *fill*         0x00000000080054a2        0x2 
 .text.USB_DeactivateEndpoint
                0x00000000080054a4      0x1b8 Drivers/STM32F4xx_HAL_Driver/Src/stm32f4xx_ll_usb.o
                0x00000000080054a4                USB_DeactivateEndpoint
 .text.USB_EPStartXfer
                0x000000000800565c      0x488 Drivers/STM32F4xx_HAL_Driver/Src/stm32f4xx_ll_usb.o
                0x000000000800565c                USB_EPStartXfer
 .text.USB_EP0StartXfer
                0x0000000008005ae4      0x2a6 Drivers/STM32F4xx_HAL_Driver/Src/stm32f4xx_ll_usb.o
                0x0000000008005ae4                USB_EP0StartXfer
 .text.USB_WritePacket
                0x0000000008005d8a       0x6a Drivers/STM32F4xx_HAL_Driver/Src/stm32f4xx_ll_usb.o
                0x0000000008005d8a                USB_WritePacket
 .text.USB_ReadPacket
                0x0000000008005df4       0x52 Drivers/STM32F4xx_HAL_Driver/Src/stm32f4xx_ll_usb.o
                0x0000000008005df4                USB_ReadPacket
 .text.USB_EPSetStall
                0x0000000008005e46       0xdc Drivers/STM32F4xx_HAL_Driver/Src/stm32f4xx_ll_usb.o
                0x0000000008005e46                USB_EPSetStall
 .text.USB_EPClearStall
                0x0000000008005f22       0xcc Drivers/STM32F4xx_HAL_Driver/Src/stm32f4xx_ll_usb.o
                0x0000000008005f22                USB_EPClearStall
 .text.USB_SetDevAddress
                0x0000000008005fee       0x4c Drivers/STM32F4xx_HAL_Driver/Src/stm32f4xx_ll_usb.o
                0x0000000008005fee                USB_SetDevAddress
 .text.USB_DevConnect
                0x000000000800603a       0x42 Drivers/STM32F4xx_HAL_Driver/Src/stm32f4xx_ll_usb.o
                0x000000000800603a                USB_DevConnect
 .text.USB_DevDisconnect
                0x000000000800607c       0x42 Drivers/STM32F4xx_HAL_Driver/Src/stm32f4xx_ll_usb.o
                0x000000000800607c                USB_DevDisconnect
 .text.USB_ReadInterrupts
                0x00000000080060be       0x26 Drivers/STM32F4xx_HAL_Driver/Src/stm32f4xx_ll_usb.o
                0x00000000080060be                USB_ReadInterrupts
 .text.USB_ReadDevAllOutEpInterrupt
                0x00000000080060e4       0x34 Drivers/STM32F4xx_HAL_Driver/Src/stm32f4xx_ll_usb.o
                0x00000000080060e4                USB_ReadDevAllOutEpInterrupt
 .text.USB_ReadDevAllInEpInterrupt
                0x0000000008006118       0x34 Drivers/STM32F4xx_HAL_Driver/Src/stm32f4xx_ll_usb.o
                0x0000000008006118                USB_ReadDevAllInEpInterrupt
 .text.USB_ReadDevOutEPInterrupt
                0x000000000800614c       0x3c Drivers/STM32F4xx_HAL_Driver/Src/stm32f4xx_ll_usb.o
                0x000000000800614c                USB_ReadDevOutEPInterrupt
 .text.USB_ReadDevInEPInterrupt
                0x0000000008006188       0x5c Drivers/STM32F4xx_HAL_Driver/Src/stm32f4xx_ll_usb.o
                0x0000000008006188                USB_ReadDevInEPInterrupt
 .text.USB_GetMode
                0x00000000080061e4       0x1c Drivers/STM32F4xx_HAL_Driver/Src/stm32f4xx_ll_usb.o
                0x00000000080061e4                USB_GetMode
 .text.USB_ActivateSetup
                0x0000000008006200       0x46 Drivers/STM32F4xx_HAL_Driver/Src/stm32f4xx_ll_usb.o
                0x0000000008006200                USB_ActivateSetup
 *fill*         0x0000000008006246        0x2 
 .text.USB_EP0_OutStart
                0x0000000008006248       0xbc Drivers/STM32F4xx_HAL_Driver/Src/stm32f4xx_ll_usb.o
                0x0000000008006248                USB_EP0_OutStart
 .text.USB_CoreReset
                0x0000000008006304       0x68 Drivers/STM32F4xx_HAL_Driver/Src/stm32f4xx_ll_usb.o
 .text.cobs_encode
                0x000000000800636c      0x130 EMPlibs/MPcore/cobs-c/cobs.o
                0x000000000800636c                cobs_encode
 .text.cobs_decode
                0x000000000800649c      0x15e EMPlibs/MPcore/cobs-c/cobs.o
                0x000000000800649c                cobs_decode
 .text._Z8crc_mathhh
                0x00000000080065fa       0xc0 EMPlibs/MPcore/crc8/crc8.o
                0x00000000080065fa                crc_math(unsigned char, unsigned char)
 .text._Z9crc8_bytehh
                0x00000000080066ba       0x2a EMPlibs/MPcore/crc8/crc8.o
                0x00000000080066ba                crc8_byte(unsigned char, unsigned char)
 .text._Z11crc8_streamPht
                0x00000000080066e4       0x44 EMPlibs/MPcore/crc8/crc8.o
                0x00000000080066e4                crc8_stream(unsigned char*, unsigned short)
 .text.USBD_CDC_Init
                0x0000000008006728       0xfe Middlewares/ST/STM32_USB_Device_Library/Class/CDC/Src/usbd_cdc.o
 .text.USBD_CDC_DeInit
                0x0000000008006826       0x74 Middlewares/ST/STM32_USB_Device_Library/Class/CDC/Src/usbd_cdc.o
 *fill*         0x000000000800689a        0x2 
 .text.USBD_CDC_Setup
                0x000000000800689c      0x190 Middlewares/ST/STM32_USB_Device_Library/Class/CDC/Src/usbd_cdc.o
 .text.USBD_CDC_DataIn
                0x0000000008006a2c       0xca Middlewares/ST/STM32_USB_Device_Library/Class/CDC/Src/usbd_cdc.o
 .text.USBD_CDC_DataOut
                0x0000000008006af6       0x56 Middlewares/ST/STM32_USB_Device_Library/Class/CDC/Src/usbd_cdc.o
 .text.USBD_CDC_EP0_RxReady
                0x0000000008006b4c       0x5a Middlewares/ST/STM32_USB_Device_Library/Class/CDC/Src/usbd_cdc.o
 *fill*         0x0000000008006ba6        0x2 
 .text.USBD_CDC_GetFSCfgDesc
                0x0000000008006ba8       0x20 Middlewares/ST/STM32_USB_Device_Library/Class/CDC/Src/usbd_cdc.o
 .text.USBD_CDC_GetHSCfgDesc
                0x0000000008006bc8       0x20 Middlewares/ST/STM32_USB_Device_Library/Class/CDC/Src/usbd_cdc.o
 .text.USBD_CDC_GetOtherSpeedCfgDesc
                0x0000000008006be8       0x20 Middlewares/ST/STM32_USB_Device_Library/Class/CDC/Src/usbd_cdc.o
 .text.USBD_CDC_GetDeviceQualifierDescriptor
                0x0000000008006c08       0x20 Middlewares/ST/STM32_USB_Device_Library/Class/CDC/Src/usbd_cdc.o
                0x0000000008006c08                USBD_CDC_GetDeviceQualifierDescriptor
 .text.USBD_CDC_RegisterInterface
                0x0000000008006c28       0x2a Middlewares/ST/STM32_USB_Device_Library/Class/CDC/Src/usbd_cdc.o
                0x0000000008006c28                USBD_CDC_RegisterInterface
 .text.USBD_CDC_SetTxBuffer
                0x0000000008006c52       0x3c Middlewares/ST/STM32_USB_Device_Library/Class/CDC/Src/usbd_cdc.o
                0x0000000008006c52                USBD_CDC_SetTxBuffer
 .text.USBD_CDC_SetRxBuffer
                0x0000000008006c8e       0x32 Middlewares/ST/STM32_USB_Device_Library/Class/CDC/Src/usbd_cdc.o
                0x0000000008006c8e                USBD_CDC_SetRxBuffer
 .text.USBD_CDC_TransmitPacket
                0x0000000008006cc0       0x60 Middlewares/ST/STM32_USB_Device_Library/Class/CDC/Src/usbd_cdc.o
                0x0000000008006cc0                USBD_CDC_TransmitPacket
 .text.USBD_CDC_ReceivePacket
                0x0000000008006d20       0x54 Middlewares/ST/STM32_USB_Device_Library/Class/CDC/Src/usbd_cdc.o
                0x0000000008006d20                USBD_CDC_ReceivePacket
 .text.USBD_Init
                0x0000000008006d74       0x60 Middlewares/ST/STM32_USB_Device_Library/Core/Src/usbd_core.o
                0x0000000008006d74                USBD_Init
 .text.USBD_RegisterClass
                0x0000000008006dd4       0x4e Middlewares/ST/STM32_USB_Device_Library/Core/Src/usbd_core.o
                0x0000000008006dd4                USBD_RegisterClass
 .text.USBD_Start
                0x0000000008006e22       0x18 Middlewares/ST/STM32_USB_Device_Library/Core/Src/usbd_core.o
                0x0000000008006e22                USBD_Start
 .text.USBD_RunTestMode
                0x0000000008006e3a       0x16 Middlewares/ST/STM32_USB_Device_Library/Core/Src/usbd_core.o
                0x0000000008006e3a                USBD_RunTestMode
 .text.USBD_SetClassConfig
                0x0000000008006e50       0x38 Middlewares/ST/STM32_USB_Device_Library/Core/Src/usbd_core.o
                0x0000000008006e50                USBD_SetClassConfig
 .text.USBD_ClrClassConfig
                0x0000000008006e88       0x30 Middlewares/ST/STM32_USB_Device_Library/Core/Src/usbd_core.o
                0x0000000008006e88                USBD_ClrClassConfig
 .text.USBD_LL_SetupStage
                0x0000000008006eb8       0xaa Middlewares/ST/STM32_USB_Device_Library/Core/Src/usbd_core.o
                0x0000000008006eb8                USBD_LL_SetupStage
 .text.USBD_LL_DataOutStage
                0x0000000008006f62       0xc6 Middlewares/ST/STM32_USB_Device_Library/Core/Src/usbd_core.o
                0x0000000008006f62                USBD_LL_DataOutStage
 .text.USBD_LL_DataInStage
                0x0000000008007028      0x12c Middlewares/ST/STM32_USB_Device_Library/Core/Src/usbd_core.o
                0x0000000008007028                USBD_LL_DataInStage
 .text.USBD_LL_Reset
                0x0000000008007154       0x9c Middlewares/ST/STM32_USB_Device_Library/Core/Src/usbd_core.o
                0x0000000008007154                USBD_LL_Reset
 .text.USBD_LL_SetSpeed
                0x00000000080071f0       0x20 Middlewares/ST/STM32_USB_Device_Library/Core/Src/usbd_core.o
                0x00000000080071f0                USBD_LL_SetSpeed
 .text.USBD_LL_Suspend
                0x0000000008007210       0x2c Middlewares/ST/STM32_USB_Device_Library/Core/Src/usbd_core.o
                0x0000000008007210                USBD_LL_Suspend
 .text.USBD_LL_Resume
                0x000000000800723c       0x30 Middlewares/ST/STM32_USB_Device_Library/Core/Src/usbd_core.o
                0x000000000800723c                USBD_LL_Resume
 .text.USBD_LL_SOF
                0x000000000800726c       0x44 Middlewares/ST/STM32_USB_Device_Library/Core/Src/usbd_core.o
                0x000000000800726c                USBD_LL_SOF
 .text.USBD_LL_IsoINIncomplete
                0x00000000080072b0       0x4c Middlewares/ST/STM32_USB_Device_Library/Core/Src/usbd_core.o
                0x00000000080072b0                USBD_LL_IsoINIncomplete
 .text.USBD_LL_IsoOUTIncomplete
                0x00000000080072fc       0x4c Middlewares/ST/STM32_USB_Device_Library/Core/Src/usbd_core.o
                0x00000000080072fc                USBD_LL_IsoOUTIncomplete
 .text.USBD_LL_DevConnected
                0x0000000008007348       0x16 Middlewares/ST/STM32_USB_Device_Library/Core/Src/usbd_core.o
                0x0000000008007348                USBD_LL_DevConnected
 .text.USBD_LL_DevDisconnected
                0x000000000800735e       0x38 Middlewares/ST/STM32_USB_Device_Library/Core/Src/usbd_core.o
                0x000000000800735e                USBD_LL_DevDisconnected
 .text.SWAPBYTE
                0x0000000008007396       0x3c Middlewares/ST/STM32_USB_Device_Library/Core/Src/usbd_ctlreq.o
 *fill*         0x00000000080073d2        0x2 
 .text.USBD_StdDevReq
                0x00000000080073d4       0xdc Middlewares/ST/STM32_USB_Device_Library/Core/Src/usbd_ctlreq.o
                0x00000000080073d4                USBD_StdDevReq
 .text.USBD_StdItfReq
                0x00000000080074b0       0x92 Middlewares/ST/STM32_USB_Device_Library/Core/Src/usbd_ctlreq.o
                0x00000000080074b0                USBD_StdItfReq
 .text.USBD_StdEPReq
                0x0000000008007542      0x2c4 Middlewares/ST/STM32_USB_Device_Library/Core/Src/usbd_ctlreq.o
                0x0000000008007542                USBD_StdEPReq
 *fill*         0x0000000008007806        0x2 
 .text.USBD_GetDescriptor
                0x0000000008007808      0x2d4 Middlewares/ST/STM32_USB_Device_Library/Core/Src/usbd_ctlreq.o
 .text.USBD_SetAddress
                0x0000000008007adc       0x88 Middlewares/ST/STM32_USB_Device_Library/Core/Src/usbd_ctlreq.o
 .text.USBD_SetConfig
                0x0000000008007b64      0x14c Middlewares/ST/STM32_USB_Device_Library/Core/Src/usbd_ctlreq.o
 .text.USBD_GetConfig
                0x0000000008007cb0       0x6c Middlewares/ST/STM32_USB_Device_Library/Core/Src/usbd_ctlreq.o
 .text.USBD_GetStatus
                0x0000000008007d1c       0x68 Middlewares/ST/STM32_USB_Device_Library/Core/Src/usbd_ctlreq.o
 .text.USBD_SetFeature
                0x0000000008007d84       0x28 Middlewares/ST/STM32_USB_Device_Library/Core/Src/usbd_ctlreq.o
 .text.USBD_ClrFeature
                0x0000000008007dac       0x44 Middlewares/ST/STM32_USB_Device_Library/Core/Src/usbd_ctlreq.o
 .text.USBD_ParseSetupRequest
                0x0000000008007df0       0x74 Middlewares/ST/STM32_USB_Device_Library/Core/Src/usbd_ctlreq.o
                0x0000000008007df0                USBD_ParseSetupRequest
 .text.USBD_CtlError
                0x0000000008007e64       0x22 Middlewares/ST/STM32_USB_Device_Library/Core/Src/usbd_ctlreq.o
                0x0000000008007e64                USBD_CtlError
 .text.USBD_GetString
                0x0000000008007e86       0x8c Middlewares/ST/STM32_USB_Device_Library/Core/Src/usbd_ctlreq.o
                0x0000000008007e86                USBD_GetString
 .text.USBD_GetLen
                0x0000000008007f12       0x34 Middlewares/ST/STM32_USB_Device_Library/Core/Src/usbd_ctlreq.o
 .text.USBD_CtlSendData
                0x0000000008007f46       0x36 Middlewares/ST/STM32_USB_Device_Library/Core/Src/usbd_ioreq.o
                0x0000000008007f46                USBD_CtlSendData
 .text.USBD_CtlContinueSendData
                0x0000000008007f7c       0x22 Middlewares/ST/STM32_USB_Device_Library/Core/Src/usbd_ioreq.o
                0x0000000008007f7c                USBD_CtlContinueSendData
 .text.USBD_CtlPrepareRx
                0x0000000008007f9e       0x3a Middlewares/ST/STM32_USB_Device_Library/Core/Src/usbd_ioreq.o
                0x0000000008007f9e                USBD_CtlPrepareRx
 .text.USBD_CtlContinueRx
                0x0000000008007fd8       0x22 Middlewares/ST/STM32_USB_Device_Library/Core/Src/usbd_ioreq.o
                0x0000000008007fd8                USBD_CtlContinueRx
 .text.USBD_CtlSendStatus
                0x0000000008007ffa       0x26 Middlewares/ST/STM32_USB_Device_Library/Core/Src/usbd_ioreq.o
                0x0000000008007ffa                USBD_CtlSendStatus
 .text.USBD_CtlReceiveStatus
                0x0000000008008020       0x26 Middlewares/ST/STM32_USB_Device_Library/Core/Src/usbd_ioreq.o
                0x0000000008008020                USBD_CtlReceiveStatus
 *fill*         0x0000000008008046        0x2 
 .text.MX_USB_DEVICE_Init
                0x0000000008008048       0x60 USB_DEVICE/App/usb_device.o
                0x0000000008008048                MX_USB_DEVICE_Init
 .text.CDC_Init_FS
                0x00000000080080a8       0x28 USB_DEVICE/App/usbd_cdc_if.o
 .text.CDC_DeInit_FS
                0x00000000080080d0       0x10 USB_DEVICE/App/usbd_cdc_if.o
 .text.CDC_Control_FS
                0x00000000080080e0       0xbc USB_DEVICE/App/usbd_cdc_if.o
 .text.CDC_Receive_FS
                0x000000000800819c       0x28 USB_DEVICE/App/usbd_cdc_if.o
 .text.CDC_Transmit_FS
                0x00000000080081c4       0x4c USB_DEVICE/App/usbd_cdc_if.o
                0x00000000080081c4                CDC_Transmit_FS
 .text.CDC_TransmitCplt_FS
                0x0000000008008210       0x22 USB_DEVICE/App/usbd_cdc_if.o
 *fill*         0x0000000008008232        0x2 
 .text.USBD_FS_DeviceDescriptor
                0x0000000008008234       0x24 USB_DEVICE/App/usbd_desc.o
                0x0000000008008234                USBD_FS_DeviceDescriptor
 .text.USBD_FS_LangIDStrDescriptor
                0x0000000008008258       0x24 USB_DEVICE/App/usbd_desc.o
                0x0000000008008258                USBD_FS_LangIDStrDescriptor
 .text.USBD_FS_ProductStrDescriptor
                0x000000000800827c       0x3c USB_DEVICE/App/usbd_desc.o
                0x000000000800827c                USBD_FS_ProductStrDescriptor
 .text.USBD_FS_ManufacturerStrDescriptor
                0x00000000080082b8       0x28 USB_DEVICE/App/usbd_desc.o
                0x00000000080082b8                USBD_FS_ManufacturerStrDescriptor
 .text.USBD_FS_SerialStrDescriptor
                0x00000000080082e0       0x24 USB_DEVICE/App/usbd_desc.o
                0x00000000080082e0                USBD_FS_SerialStrDescriptor
 .text.USBD_FS_ConfigStrDescriptor
                0x0000000008008304       0x3c USB_DEVICE/App/usbd_desc.o
                0x0000000008008304                USBD_FS_ConfigStrDescriptor
 .text.USBD_FS_InterfaceStrDescriptor
                0x0000000008008340       0x3c USB_DEVICE/App/usbd_desc.o
                0x0000000008008340                USBD_FS_InterfaceStrDescriptor
 .text.Get_SerialNum
                0x000000000800837c       0x58 USB_DEVICE/App/usbd_desc.o
 .text.IntToUnicode
                0x00000000080083d4       0x7e USB_DEVICE/App/usbd_desc.o
 *fill*         0x0000000008008452        0x2 
 .text.HAL_PCD_MspInit
                0x0000000008008454       0xc4 USB_DEVICE/Target/usbd_conf.o
                0x0000000008008454                HAL_PCD_MspInit
 .text.HAL_PCD_SetupStageCallback
                0x0000000008008518       0x24 USB_DEVICE/Target/usbd_conf.o
                0x0000000008008518                HAL_PCD_SetupStageCallback
 .text.HAL_PCD_DataOutStageCallback
                0x000000000800853c       0x36 USB_DEVICE/Target/usbd_conf.o
                0x000000000800853c                HAL_PCD_DataOutStageCallback
 .text.HAL_PCD_DataInStageCallback
                0x0000000008008572       0x34 USB_DEVICE/Target/usbd_conf.o
                0x0000000008008572                HAL_PCD_DataInStageCallback
 .text.HAL_PCD_SOFCallback
                0x00000000080085a6       0x1c USB_DEVICE/Target/usbd_conf.o
                0x00000000080085a6                HAL_PCD_SOFCallback
 .text.HAL_PCD_ResetCallback
                0x00000000080085c2       0x50 USB_DEVICE/Target/usbd_conf.o
                0x00000000080085c2                HAL_PCD_ResetCallback
 *fill*         0x0000000008008612        0x2 
 .text.HAL_PCD_SuspendCallback
                0x0000000008008614       0x4c USB_DEVICE/Target/usbd_conf.o
                0x0000000008008614                HAL_PCD_SuspendCallback
 .text.HAL_PCD_ResumeCallback
                0x0000000008008660       0x1c USB_DEVICE/Target/usbd_conf.o
                0x0000000008008660                HAL_PCD_ResumeCallback
 .text.HAL_PCD_ISOOUTIncompleteCallback
                0x000000000800867c       0x24 USB_DEVICE/Target/usbd_conf.o
                0x000000000800867c                HAL_PCD_ISOOUTIncompleteCallback
 .text.HAL_PCD_ISOINIncompleteCallback
                0x00000000080086a0       0x24 USB_DEVICE/Target/usbd_conf.o
                0x00000000080086a0                HAL_PCD_ISOINIncompleteCallback
 .text.HAL_PCD_ConnectCallback
                0x00000000080086c4       0x1c USB_DEVICE/Target/usbd_conf.o
                0x00000000080086c4                HAL_PCD_ConnectCallback
 .text.HAL_PCD_DisconnectCallback
                0x00000000080086e0       0x1c USB_DEVICE/Target/usbd_conf.o
                0x00000000080086e0                HAL_PCD_DisconnectCallback
 .text.USBD_LL_Init
                0x00000000080086fc       0x98 USB_DEVICE/Target/usbd_conf.o
                0x00000000080086fc                USBD_LL_Init
 .text.USBD_LL_Start
                0x0000000008008794       0x36 USB_DEVICE/Target/usbd_conf.o
                0x0000000008008794                USBD_LL_Start
 .text.USBD_LL_OpenEP
                0x00000000080087ca       0x4c USB_DEVICE/Target/usbd_conf.o
                0x00000000080087ca                USBD_LL_OpenEP
 .text.USBD_LL_CloseEP
                0x0000000008008816       0x3e USB_DEVICE/Target/usbd_conf.o
                0x0000000008008816                USBD_LL_CloseEP
 .text.USBD_LL_StallEP
                0x0000000008008854       0x3e USB_DEVICE/Target/usbd_conf.o
                0x0000000008008854                USBD_LL_StallEP
 .text.USBD_LL_ClearStallEP
                0x0000000008008892       0x3e USB_DEVICE/Target/usbd_conf.o
                0x0000000008008892                USBD_LL_ClearStallEP
 .text.USBD_LL_IsStallEP
                0x00000000080088d0       0x58 USB_DEVICE/Target/usbd_conf.o
                0x00000000080088d0                USBD_LL_IsStallEP
 .text.USBD_LL_SetUSBAddress
                0x0000000008008928       0x3e USB_DEVICE/Target/usbd_conf.o
                0x0000000008008928                USBD_LL_SetUSBAddress
 .text.USBD_LL_Transmit
                0x0000000008008966       0x42 USB_DEVICE/Target/usbd_conf.o
                0x0000000008008966                USBD_LL_Transmit
 .text.USBD_LL_PrepareReceive
                0x00000000080089a8       0x42 USB_DEVICE/Target/usbd_conf.o
                0x00000000080089a8                USBD_LL_PrepareReceive
 .text.USBD_LL_GetRxDataSize
                0x00000000080089ea       0x26 USB_DEVICE/Target/usbd_conf.o
                0x00000000080089ea                USBD_LL_GetRxDataSize
 .text.USBD_static_malloc
                0x0000000008008a10       0x1c USB_DEVICE/Target/usbd_conf.o
                0x0000000008008a10                USBD_static_malloc
 .text.USBD_static_free
                0x0000000008008a2c       0x14 USB_DEVICE/Target/usbd_conf.o
                0x0000000008008a2c                USBD_static_free
 .text.USBD_Get_USB_Status
                0x0000000008008a40       0x58 USB_DEVICE/Target/usbd_conf.o
                0x0000000008008a40                USBD_Get_USB_Status
 .text.__cxa_pure_virtual
                0x0000000008008a98        0x6 /opt/st/stm32cubeide_1.6.1/plugins/com.st.stm32cube.ide.mcu.externaltools.gnu-tools-for-stm32.9-2020-q2-update.linux64_1.5.0.202011040924/tools/bin/../lib/gcc/arm-none-eabi/9.3.1/../../../../arm-none-eabi/lib/thumb/v7e-m+fp/hard/libstdc++_nano.a(pure.o)
                0x0000000008008a98                __cxa_pure_virtual
 .text._ZN10__cxxabiv111__terminateEPFvvE
                0x0000000008008a9e        0x8 /opt/st/stm32cubeide_1.6.1/plugins/com.st.stm32cube.ide.mcu.externaltools.gnu-tools-for-stm32.9-2020-q2-update.linux64_1.5.0.202011040924/tools/bin/../lib/gcc/arm-none-eabi/9.3.1/../../../../arm-none-eabi/lib/thumb/v7e-m+fp/hard/libstdc++_nano.a(eh_terminate.o)
                0x0000000008008a9e                __cxxabiv1::__terminate(void (*)())
 *fill*         0x0000000008008aa6        0x2 
 .text._ZSt13get_terminatev
                0x0000000008008aa8       0x10 /opt/st/stm32cubeide_1.6.1/plugins/com.st.stm32cube.ide.mcu.externaltools.gnu-tools-for-stm32.9-2020-q2-update.linux64_1.5.0.202011040924/tools/bin/../lib/gcc/arm-none-eabi/9.3.1/../../../../arm-none-eabi/lib/thumb/v7e-m+fp/hard/libstdc++_nano.a(eh_terminate.o)
                0x0000000008008aa8                std::get_terminate()
 .text._ZSt9terminatev
                0x0000000008008ab8        0xa /opt/st/stm32cubeide_1.6.1/plugins/com.st.stm32cube.ide.mcu.externaltools.gnu-tools-for-stm32.9-2020-q2-update.linux64_1.5.0.202011040924/tools/bin/../lib/gcc/arm-none-eabi/9.3.1/../../../../arm-none-eabi/lib/thumb/v7e-m+fp/hard/libstdc++_nano.a(eh_terminate.o)
                0x0000000008008ab8                std::terminate()
 .text.abort    0x0000000008008ac2        0xe /opt/st/stm32cubeide_1.6.1/plugins/com.st.stm32cube.ide.mcu.externaltools.gnu-tools-for-stm32.9-2020-q2-update.linux64_1.5.0.202011040924/tools/bin/../lib/gcc/arm-none-eabi/9.3.1/../../../../arm-none-eabi/lib/thumb/v7e-m+fp/hard/libc_nano.a(lib_a-abort.o)
                0x0000000008008ac2                abort
 .text.__errno  0x0000000008008ad0        0xc /opt/st/stm32cubeide_1.6.1/plugins/com.st.stm32cube.ide.mcu.externaltools.gnu-tools-for-stm32.9-2020-q2-update.linux64_1.5.0.202011040924/tools/bin/../lib/gcc/arm-none-eabi/9.3.1/../../../../arm-none-eabi/lib/thumb/v7e-m+fp/hard/libc_nano.a(lib_a-errno.o)
                0x0000000008008ad0                __errno
 .text.__libc_init_array
                0x0000000008008adc       0x48 /opt/st/stm32cubeide_1.6.1/plugins/com.st.stm32cube.ide.mcu.externaltools.gnu-tools-for-stm32.9-2020-q2-update.linux64_1.5.0.202011040924/tools/bin/../lib/gcc/arm-none-eabi/9.3.1/../../../../arm-none-eabi/lib/thumb/v7e-m+fp/hard/libc_nano.a(lib_a-init.o)
                0x0000000008008adc                __libc_init_array
 .text.memcpy   0x0000000008008b24       0x1c /opt/st/stm32cubeide_1.6.1/plugins/com.st.stm32cube.ide.mcu.externaltools.gnu-tools-for-stm32.9-2020-q2-update.linux64_1.5.0.202011040924/tools/bin/../lib/gcc/arm-none-eabi/9.3.1/../../../../arm-none-eabi/lib/thumb/v7e-m+fp/hard/libc_nano.a(lib_a-memcpy-stub.o)
                0x0000000008008b24                memcpy
 .text.memset   0x0000000008008b40       0x10 /opt/st/stm32cubeide_1.6.1/plugins/com.st.stm32cube.ide.mcu.externaltools.gnu-tools-for-stm32.9-2020-q2-update.linux64_1.5.0.202011040924/tools/bin/../lib/gcc/arm-none-eabi/9.3.1/../../../../arm-none-eabi/lib/thumb/v7e-m+fp/hard/libc_nano.a(lib_a-memset.o)
                0x0000000008008b40                memset
 .text._raise_r
                0x0000000008008b50       0x50 /opt/st/stm32cubeide_1.6.1/plugins/com.st.stm32cube.ide.mcu.externaltools.gnu-tools-for-stm32.9-2020-q2-update.linux64_1.5.0.202011040924/tools/bin/../lib/gcc/arm-none-eabi/9.3.1/../../../../arm-none-eabi/lib/thumb/v7e-m+fp/hard/libc_nano.a(lib_a-signal.o)
                0x0000000008008b50                _raise_r
 .text.raise    0x0000000008008ba0       0x10 /opt/st/stm32cubeide_1.6.1/plugins/com.st.stm32cube.ide.mcu.externaltools.gnu-tools-for-stm32.9-2020-q2-update.linux64_1.5.0.202011040924/tools/bin/../lib/gcc/arm-none-eabi/9.3.1/../../../../arm-none-eabi/lib/thumb/v7e-m+fp/hard/libc_nano.a(lib_a-signal.o)
                0x0000000008008ba0                raise
 .text._kill_r  0x0000000008008bb0       0x24 /opt/st/stm32cubeide_1.6.1/plugins/com.st.stm32cube.ide.mcu.externaltools.gnu-tools-for-stm32.9-2020-q2-update.linux64_1.5.0.202011040924/tools/bin/../lib/gcc/arm-none-eabi/9.3.1/../../../../arm-none-eabi/lib/thumb/v7e-m+fp/hard/libc_nano.a(lib_a-signalr.o)
                0x0000000008008bb0                _kill_r
 .text._getpid_r
                0x0000000008008bd4        0x4 /opt/st/stm32cubeide_1.6.1/plugins/com.st.stm32cube.ide.mcu.externaltools.gnu-tools-for-stm32.9-2020-q2-update.linux64_1.5.0.202011040924/tools/bin/../lib/gcc/arm-none-eabi/9.3.1/../../../../arm-none-eabi/lib/thumb/v7e-m+fp/hard/libc_nano.a(lib_a-signalr.o)
                0x0000000008008bd4                _getpid_r
 *(.glue_7)
 .glue_7        0x0000000008008bd8        0x0 linker stubs
 *(.glue_7t)
 .glue_7t       0x0000000008008bd8        0x0 linker stubs
 *(.eh_frame)
 .eh_frame      0x0000000008008bd8        0x0 /opt/st/stm32cubeide_1.6.1/plugins/com.st.stm32cube.ide.mcu.externaltools.gnu-tools-for-stm32.9-2020-q2-update.linux64_1.5.0.202011040924/tools/bin/../lib/gcc/arm-none-eabi/9.3.1/thumb/v7e-m+fp/hard/crtbegin.o
 *(.init)
 .init          0x0000000008008bd8        0x4 /opt/st/stm32cubeide_1.6.1/plugins/com.st.stm32cube.ide.mcu.externaltools.gnu-tools-for-stm32.9-2020-q2-update.linux64_1.5.0.202011040924/tools/bin/../lib/gcc/arm-none-eabi/9.3.1/thumb/v7e-m+fp/hard/crti.o
                0x0000000008008bd8                _init
 .init          0x0000000008008bdc        0x8 /opt/st/stm32cubeide_1.6.1/plugins/com.st.stm32cube.ide.mcu.externaltools.gnu-tools-for-stm32.9-2020-q2-update.linux64_1.5.0.202011040924/tools/bin/../lib/gcc/arm-none-eabi/9.3.1/thumb/v7e-m+fp/hard/crtn.o
 *(.fini)
 .fini          0x0000000008008be4        0x4 /opt/st/stm32cubeide_1.6.1/plugins/com.st.stm32cube.ide.mcu.externaltools.gnu-tools-for-stm32.9-2020-q2-update.linux64_1.5.0.202011040924/tools/bin/../lib/gcc/arm-none-eabi/9.3.1/thumb/v7e-m+fp/hard/crti.o
                0x0000000008008be4                _fini
 .fini          0x0000000008008be8        0x8 /opt/st/stm32cubeide_1.6.1/plugins/com.st.stm32cube.ide.mcu.externaltools.gnu-tools-for-stm32.9-2020-q2-update.linux64_1.5.0.202011040924/tools/bin/../lib/gcc/arm-none-eabi/9.3.1/thumb/v7e-m+fp/hard/crtn.o
                0x0000000008008bf0                . = ALIGN (0x4)
                0x0000000008008bf0                _etext = .

.vfp11_veneer   0x0000000008008bf0        0x0
 .vfp11_veneer  0x0000000008008bf0        0x0 linker stubs

.v4_bx          0x0000000008008bf0        0x0
 .v4_bx         0x0000000008008bf0        0x0 linker stubs

.iplt           0x0000000008008bf0        0x0
 .iplt          0x0000000008008bf0        0x0 /opt/st/stm32cubeide_1.6.1/plugins/com.st.stm32cube.ide.mcu.externaltools.gnu-tools-for-stm32.9-2020-q2-update.linux64_1.5.0.202011040924/tools/bin/../lib/gcc/arm-none-eabi/9.3.1/thumb/v7e-m+fp/hard/crtbegin.o

.rodata         0x0000000008008bf0       0x9c
                0x0000000008008bf0                . = ALIGN (0x4)
 *(.rodata)
 .rodata        0x0000000008008bf0        0xc Core/Src/main.o
 .rodata        0x0000000008008bfc       0x46 USB_DEVICE/App/usbd_desc.o
 *(.rodata*)
 *fill*         0x0000000008008c42        0x2 
 .rodata._ZTVN3EMP9MP_ST_usbI14_packLinux2Ard14_packArd2LinuxLb1ELt8ELt4EEE
                0x0000000008008c44       0x18 Core/Src/main.o
                0x0000000008008c44                vtable for EMP::MP_ST_usb<_packLinux2Ard, _packArd2Linux, true, (unsigned short)8, (unsigned short)4>
 .rodata._ZTVN3EMP2MPI14_packLinux2Ard14_packArd2LinuxLb1ELt8ELt4EEE
                0x0000000008008c5c       0x18 Core/Src/main.o
                0x0000000008008c5c                vtable for EMP::MP<_packLinux2Ard, _packArd2Linux, true, (unsigned short)8, (unsigned short)4>
 .rodata.AHBPrescTable
                0x0000000008008c74       0x10 Core/Src/system_stm32f4xx.o
                0x0000000008008c74                AHBPrescTable
 .rodata.APBPrescTable
                0x0000000008008c84        0x8 Core/Src/system_stm32f4xx.o
                0x0000000008008c84                APBPrescTable
                0x0000000008008c8c                . = ALIGN (0x4)

.ARM.extab      0x0000000008008c8c        0x0
                0x0000000008008c8c                . = ALIGN (0x4)
 *(.ARM.extab* .gnu.linkonce.armextab.*)
                0x0000000008008c8c                . = ALIGN (0x4)

.ARM            0x0000000008008c8c        0x8
                0x0000000008008c8c                . = ALIGN (0x4)
                0x0000000008008c8c                __exidx_start = .
 *(.ARM.exidx*)
 .ARM.exidx     0x0000000008008c8c        0x8 /opt/st/stm32cubeide_1.6.1/plugins/com.st.stm32cube.ide.mcu.externaltools.gnu-tools-for-stm32.9-2020-q2-update.linux64_1.5.0.202011040924/tools/bin/../lib/gcc/arm-none-eabi/9.3.1/thumb/v7e-m+fp/hard/libgcc.a(_udivmoddi4.o)
                0x0000000008008c94                __exidx_end = .
                0x0000000008008c94                . = ALIGN (0x4)

.rel.dyn        0x0000000008008c94        0x0
 .rel.iplt      0x0000000008008c94        0x0 /opt/st/stm32cubeide_1.6.1/plugins/com.st.stm32cube.ide.mcu.externaltools.gnu-tools-for-stm32.9-2020-q2-update.linux64_1.5.0.202011040924/tools/bin/../lib/gcc/arm-none-eabi/9.3.1/thumb/v7e-m+fp/hard/crtbegin.o

.preinit_array  0x0000000008008c94        0x0
                0x0000000008008c94                . = ALIGN (0x4)
                0x0000000008008c94                PROVIDE (__preinit_array_start = .)
 *(.preinit_array*)
                0x0000000008008c94                PROVIDE (__preinit_array_end = .)
                0x0000000008008c94                . = ALIGN (0x4)

.init_array     0x0000000008008c94        0x8
                0x0000000008008c94                . = ALIGN (0x4)
                0x0000000008008c94                PROVIDE (__init_array_start = .)
 *(SORT_BY_NAME(.init_array.*))
 *(.init_array*)
 .init_array    0x0000000008008c94        0x4 /opt/st/stm32cubeide_1.6.1/plugins/com.st.stm32cube.ide.mcu.externaltools.gnu-tools-for-stm32.9-2020-q2-update.linux64_1.5.0.202011040924/tools/bin/../lib/gcc/arm-none-eabi/9.3.1/thumb/v7e-m+fp/hard/crtbegin.o
 .init_array    0x0000000008008c98        0x4 Core/Src/main.o
                0x0000000008008c9c                PROVIDE (__init_array_end = .)
                0x0000000008008c9c                . = ALIGN (0x4)

.fini_array     0x0000000008008c9c        0x8
                0x0000000008008c9c                . = ALIGN (0x4)
                [!provide]                        PROVIDE (__fini_array_start = .)
 *(SORT_BY_NAME(.fini_array.*))
 *(.fini_array*)
 .fini_array    0x0000000008008c9c        0x4 /opt/st/stm32cubeide_1.6.1/plugins/com.st.stm32cube.ide.mcu.externaltools.gnu-tools-for-stm32.9-2020-q2-update.linux64_1.5.0.202011040924/tools/bin/../lib/gcc/arm-none-eabi/9.3.1/thumb/v7e-m+fp/hard/crtbegin.o
 .fini_array    0x0000000008008ca0        0x4 Core/Src/main.o
                [!provide]                        PROVIDE (__fini_array_end = .)
                0x0000000008008ca4                . = ALIGN (0x4)
                0x0000000008008ca4                _sidata = LOADADDR (.data)

.data           0x0000000020000000      0x1e8 load address 0x0000000008008ca4
                0x0000000020000000                . = ALIGN (0x4)
                0x0000000020000000                _sdata = .
 *(.data)
 *(.data*)
 .data.SystemCoreClock
                0x0000000020000000        0x4 Core/Src/system_stm32f4xx.o
                0x0000000020000000                SystemCoreClock
 .data.uwTickPrio
                0x0000000020000004        0x4 Drivers/STM32F4xx_HAL_Driver/Src/stm32f4xx_hal.o
                0x0000000020000004                uwTickPrio
 .data.uwTickFreq
                0x0000000020000008        0x1 Drivers/STM32F4xx_HAL_Driver/Src/stm32f4xx_hal.o
                0x0000000020000008                uwTickFreq
 *fill*         0x0000000020000009        0x3 
 .data.USBD_CDC_DeviceQualifierDesc
                0x000000002000000c        0xa Middlewares/ST/STM32_USB_Device_Library/Class/CDC/Src/usbd_cdc.o
 *fill*         0x0000000020000016        0x2 
 .data.USBD_CDC
                0x0000000020000018       0x38 Middlewares/ST/STM32_USB_Device_Library/Class/CDC/Src/usbd_cdc.o
                0x0000000020000018                USBD_CDC
 .data.USBD_CDC_CfgHSDesc
                0x0000000020000050       0x43 Middlewares/ST/STM32_USB_Device_Library/Class/CDC/Src/usbd_cdc.o
 *fill*         0x0000000020000093        0x1 
 .data.USBD_CDC_CfgFSDesc
                0x0000000020000094       0x43 Middlewares/ST/STM32_USB_Device_Library/Class/CDC/Src/usbd_cdc.o
 *fill*         0x00000000200000d7        0x1 
 .data.USBD_CDC_OtherSpeedCfgDesc
                0x00000000200000d8       0x43 Middlewares/ST/STM32_USB_Device_Library/Class/CDC/Src/usbd_cdc.o
 *fill*         0x000000002000011b        0x1 
 .data.USBD_Interface_fops_FS
                0x000000002000011c       0x14 USB_DEVICE/App/usbd_cdc_if.o
                0x000000002000011c                USBD_Interface_fops_FS
 .data.FS_Desc  0x0000000020000130       0x1c USB_DEVICE/App/usbd_desc.o
                0x0000000020000130                FS_Desc
 .data.USBD_FS_DeviceDesc
                0x000000002000014c       0x12 USB_DEVICE/App/usbd_desc.o
                0x000000002000014c                USBD_FS_DeviceDesc
 *fill*         0x000000002000015e        0x2 
 .data.USBD_LangIDDesc
                0x0000000020000160        0x4 USB_DEVICE/App/usbd_desc.o
                0x0000000020000160                USBD_LangIDDesc
 .data.USBD_StringSerial
                0x0000000020000164       0x1a USB_DEVICE/App/usbd_desc.o
                0x0000000020000164                USBD_StringSerial
 *fill*         0x000000002000017e        0x2 
 .data._ZN10__cxxabiv119__terminate_handlerE
                0x0000000020000180        0x4 /opt/st/stm32cubeide_1.6.1/plugins/com.st.stm32cube.ide.mcu.externaltools.gnu-tools-for-stm32.9-2020-q2-update.linux64_1.5.0.202011040924/tools/bin/../lib/gcc/arm-none-eabi/9.3.1/../../../../arm-none-eabi/lib/thumb/v7e-m+fp/hard/libstdc++_nano.a(eh_term_handler.o)
                0x0000000020000180                __cxxabiv1::__terminate_handler
 .data._impure_ptr
                0x0000000020000184        0x4 /opt/st/stm32cubeide_1.6.1/plugins/com.st.stm32cube.ide.mcu.externaltools.gnu-tools-for-stm32.9-2020-q2-update.linux64_1.5.0.202011040924/tools/bin/../lib/gcc/arm-none-eabi/9.3.1/../../../../arm-none-eabi/lib/thumb/v7e-m+fp/hard/libc_nano.a(lib_a-impure.o)
                0x0000000020000184                _impure_ptr
 .data.impure_data
                0x0000000020000188       0x60 /opt/st/stm32cubeide_1.6.1/plugins/com.st.stm32cube.ide.mcu.externaltools.gnu-tools-for-stm32.9-2020-q2-update.linux64_1.5.0.202011040924/tools/bin/../lib/gcc/arm-none-eabi/9.3.1/../../../../arm-none-eabi/lib/thumb/v7e-m+fp/hard/libc_nano.a(lib_a-impure.o)
 *(.RamFunc)
 *(.RamFunc*)
                0x00000000200001e8                . = ALIGN (0x4)
                0x00000000200001e8                _edata = .

.igot.plt       0x00000000200001e8        0x0 load address 0x0000000008008e8c
 .igot.plt      0x00000000200001e8        0x0 /opt/st/stm32cubeide_1.6.1/plugins/com.st.stm32cube.ide.mcu.externaltools.gnu-tools-for-stm32.9-2020-q2-update.linux64_1.5.0.202011040924/tools/bin/../lib/gcc/arm-none-eabi/9.3.1/thumb/v7e-m+fp/hard/crtbegin.o
                0x00000000200001e8                . = ALIGN (0x4)

.bss            0x00000000200001e8     0x1e10 load address 0x0000000008008e8c
                0x00000000200001e8                _sbss = .
                0x00000000200001e8                __bss_start__ = _sbss
 *(.bss)
 .bss           0x00000000200001e8       0x1c /opt/st/stm32cubeide_1.6.1/plugins/com.st.stm32cube.ide.mcu.externaltools.gnu-tools-for-stm32.9-2020-q2-update.linux64_1.5.0.202011040924/tools/bin/../lib/gcc/arm-none-eabi/9.3.1/thumb/v7e-m+fp/hard/crtbegin.o
 *(.bss*)
 .bss.hi2c1     0x0000000020000204       0x54 Core/Src/main.o
                0x0000000020000204                hi2c1
 .bss.hi2s3     0x0000000020000258       0x48 Core/Src/main.o
                0x0000000020000258                hi2s3
 .bss.hspi1     0x00000000200002a0       0x58 Core/Src/main.o
                0x00000000200002a0                hspi1
 .bss.MP_St     0x00000000200002f8      0x1f8 Core/Src/main.o
                0x00000000200002f8                MP_St
 .bss._ZN3EMP9MP_ST_usbI14_packLinux2Ard14_packArd2LinuxLb1ELt8ELt4EE8instanceE
                0x00000000200004f0        0x4 Core/Src/main.o
                0x00000000200004f0                EMP::MP_ST_usb<_packLinux2Ard, _packArd2Linux, true, (unsigned short)8, (unsigned short)4>::instance
 .bss.cfgidx.10403
                0x00000000200004f4        0x1 Middlewares/ST/STM32_USB_Device_Library/Core/Src/usbd_ctlreq.o
 *fill*         0x00000000200004f5        0x3 
 .bss.mem.10472
                0x00000000200004f8      0x220 USB_DEVICE/Target/usbd_conf.o
 *(COMMON)
 COMMON         0x0000000020000718        0x4 Drivers/STM32F4xx_HAL_Driver/Src/stm32f4xx_hal.o
                0x0000000020000718                uwTick
 COMMON         0x000000002000071c      0x2d0 USB_DEVICE/App/usb_device.o
                0x000000002000071c                hUsbDeviceFS
 COMMON         0x00000000200009ec     0x1000 USB_DEVICE/App/usbd_cdc_if.o
                0x00000000200009ec                UserRxBufferFS
                0x00000000200011ec                UserTxBufferFS
 COMMON         0x00000000200019ec      0x200 USB_DEVICE/App/usbd_desc.o
                0x00000000200019ec                USBD_StrDesc
 COMMON         0x0000000020001bec      0x408 USB_DEVICE/Target/usbd_conf.o
                0x0000000020001bec                hpcd_USB_OTG_FS
 COMMON         0x0000000020001ff4        0x4 /opt/st/stm32cubeide_1.6.1/plugins/com.st.stm32cube.ide.mcu.externaltools.gnu-tools-for-stm32.9-2020-q2-update.linux64_1.5.0.202011040924/tools/bin/../lib/gcc/arm-none-eabi/9.3.1/../../../../arm-none-eabi/lib/thumb/v7e-m+fp/hard/libc_nano.a(lib_a-reent.o)
                0x0000000020001ff4                errno
                0x0000000020001ff8                . = ALIGN (0x4)
                0x0000000020001ff8                _ebss = .
                0x0000000020001ff8                __bss_end__ = _ebss

._user_heap_stack
                0x0000000020001ff8      0x600 load address 0x0000000008008e8c
                0x0000000020001ff8                . = ALIGN (0x8)
                [!provide]                        PROVIDE (end = .)
                0x0000000020001ff8                PROVIDE (_end = .)
                0x00000000200021f8                . = (. + _Min_Heap_Size)
 *fill*         0x0000000020001ff8      0x200 
                0x00000000200025f8                . = (. + _Min_Stack_Size)
 *fill*         0x00000000200021f8      0x400 
                0x00000000200025f8                . = ALIGN (0x8)

/DISCARD/
 libc.a(*)
 libm.a(*)
 libgcc.a(*)

.ARM.attributes
                0x0000000000000000       0x30
 *(.ARM.attributes)
 .ARM.attributes
                0x0000000000000000       0x1e /opt/st/stm32cubeide_1.6.1/plugins/com.st.stm32cube.ide.mcu.externaltools.gnu-tools-for-stm32.9-2020-q2-update.linux64_1.5.0.202011040924/tools/bin/../lib/gcc/arm-none-eabi/9.3.1/thumb/v7e-m+fp/hard/crti.o
 .ARM.attributes
                0x000000000000001e       0x34 /opt/st/stm32cubeide_1.6.1/plugins/com.st.stm32cube.ide.mcu.externaltools.gnu-tools-for-stm32.9-2020-q2-update.linux64_1.5.0.202011040924/tools/bin/../lib/gcc/arm-none-eabi/9.3.1/thumb/v7e-m+fp/hard/crtbegin.o
 .ARM.attributes
                0x0000000000000052       0x34 Core/Src/main.o
 .ARM.attributes
                0x0000000000000086       0x34 Core/Src/stm32f4xx_hal_msp.o
 .ARM.attributes
                0x00000000000000ba       0x34 Core/Src/stm32f4xx_it.o
 .ARM.attributes
                0x00000000000000ee       0x34 Core/Src/syscalls.o
 .ARM.attributes
                0x0000000000000122       0x34 Core/Src/system_stm32f4xx.o
 .ARM.attributes
                0x0000000000000156       0x21 Core/Startup/startup_stm32f407vgtx.o
 .ARM.attributes
                0x0000000000000177       0x34 Drivers/STM32F4xx_HAL_Driver/Src/stm32f4xx_hal.o
 .ARM.attributes
                0x00000000000001ab       0x34 Drivers/STM32F4xx_HAL_Driver/Src/stm32f4xx_hal_cortex.o
 .ARM.attributes
                0x00000000000001df       0x34 Drivers/STM32F4xx_HAL_Driver/Src/stm32f4xx_hal_gpio.o
 .ARM.attributes
                0x0000000000000213       0x34 Drivers/STM32F4xx_HAL_Driver/Src/stm32f4xx_hal_i2c.o
 .ARM.attributes
                0x0000000000000247       0x34 Drivers/STM32F4xx_HAL_Driver/Src/stm32f4xx_hal_i2s.o
 .ARM.attributes
                0x000000000000027b       0x34 Drivers/STM32F4xx_HAL_Driver/Src/stm32f4xx_hal_i2s_ex.o
 .ARM.attributes
                0x00000000000002af       0x34 Drivers/STM32F4xx_HAL_Driver/Src/stm32f4xx_hal_pcd.o
 .ARM.attributes
                0x00000000000002e3       0x34 Drivers/STM32F4xx_HAL_Driver/Src/stm32f4xx_hal_pcd_ex.o
 .ARM.attributes
                0x0000000000000317       0x34 Drivers/STM32F4xx_HAL_Driver/Src/stm32f4xx_hal_rcc.o
 .ARM.attributes
                0x000000000000034b       0x34 Drivers/STM32F4xx_HAL_Driver/Src/stm32f4xx_hal_rcc_ex.o
 .ARM.attributes
                0x000000000000037f       0x34 Drivers/STM32F4xx_HAL_Driver/Src/stm32f4xx_hal_spi.o
 .ARM.attributes
                0x00000000000003b3       0x34 Drivers/STM32F4xx_HAL_Driver/Src/stm32f4xx_ll_usb.o
 .ARM.attributes
                0x00000000000003e7       0x34 EMPlibs/MPcore/cobs-c/cobs.o
 .ARM.attributes
                0x000000000000041b       0x34 EMPlibs/MPcore/crc8/crc8.o
 .ARM.attributes
                0x000000000000044f       0x34 Middlewares/ST/STM32_USB_Device_Library/Class/CDC/Src/usbd_cdc.o
 .ARM.attributes
                0x0000000000000483       0x34 Middlewares/ST/STM32_USB_Device_Library/Core/Src/usbd_core.o
 .ARM.attributes
                0x00000000000004b7       0x34 Middlewares/ST/STM32_USB_Device_Library/Core/Src/usbd_ctlreq.o
 .ARM.attributes
                0x00000000000004eb       0x34 Middlewares/ST/STM32_USB_Device_Library/Core/Src/usbd_ioreq.o
 .ARM.attributes
                0x000000000000051f       0x34 USB_DEVICE/App/usb_device.o
 .ARM.attributes
                0x0000000000000553       0x34 USB_DEVICE/App/usbd_cdc_if.o
 .ARM.attributes
                0x0000000000000587       0x34 USB_DEVICE/App/usbd_desc.o
 .ARM.attributes
                0x00000000000005bb       0x34 USB_DEVICE/Target/usbd_conf.o
 .ARM.attributes
                0x00000000000005ef       0x34 /opt/st/stm32cubeide_1.6.1/plugins/com.st.stm32cube.ide.mcu.externaltools.gnu-tools-for-stm32.9-2020-q2-update.linux64_1.5.0.202011040924/tools/bin/../lib/gcc/arm-none-eabi/9.3.1/../../../../arm-none-eabi/lib/thumb/v7e-m+fp/hard/libstdc++_nano.a(pure.o)
 .ARM.attributes
                0x0000000000000623       0x34 /opt/st/stm32cubeide_1.6.1/plugins/com.st.stm32cube.ide.mcu.externaltools.gnu-tools-for-stm32.9-2020-q2-update.linux64_1.5.0.202011040924/tools/bin/../lib/gcc/arm-none-eabi/9.3.1/../../../../arm-none-eabi/lib/thumb/v7e-m+fp/hard/libstdc++_nano.a(eh_terminate.o)
 .ARM.attributes
                0x0000000000000657       0x32 /opt/st/stm32cubeide_1.6.1/plugins/com.st.stm32cube.ide.mcu.externaltools.gnu-tools-for-stm32.9-2020-q2-update.linux64_1.5.0.202011040924/tools/bin/../lib/gcc/arm-none-eabi/9.3.1/../../../../arm-none-eabi/lib/thumb/v7e-m+fp/hard/libstdc++_nano.a(eh_term_handler.o)
 .ARM.attributes
                0x0000000000000689       0x34 /opt/st/stm32cubeide_1.6.1/plugins/com.st.stm32cube.ide.mcu.externaltools.gnu-tools-for-stm32.9-2020-q2-update.linux64_1.5.0.202011040924/tools/bin/../lib/gcc/arm-none-eabi/9.3.1/../../../../arm-none-eabi/lib/thumb/v7e-m+fp/hard/libc_nano.a(lib_a-abort.o)
 .ARM.attributes
                0x00000000000006bd       0x34 /opt/st/stm32cubeide_1.6.1/plugins/com.st.stm32cube.ide.mcu.externaltools.gnu-tools-for-stm32.9-2020-q2-update.linux64_1.5.0.202011040924/tools/bin/../lib/gcc/arm-none-eabi/9.3.1/../../../../arm-none-eabi/lib/thumb/v7e-m+fp/hard/libc_nano.a(lib_a-errno.o)
 .ARM.attributes
                0x00000000000006f1       0x32 /opt/st/stm32cubeide_1.6.1/plugins/com.st.stm32cube.ide.mcu.externaltools.gnu-tools-for-stm32.9-2020-q2-update.linux64_1.5.0.202011040924/tools/bin/../lib/gcc/arm-none-eabi/9.3.1/../../../../arm-none-eabi/lib/thumb/v7e-m+fp/hard/libc_nano.a(lib_a-impure.o)
 .ARM.attributes
                0x0000000000000723       0x34 /opt/st/stm32cubeide_1.6.1/plugins/com.st.stm32cube.ide.mcu.externaltools.gnu-tools-for-stm32.9-2020-q2-update.linux64_1.5.0.202011040924/tools/bin/../lib/gcc/arm-none-eabi/9.3.1/../../../../arm-none-eabi/lib/thumb/v7e-m+fp/hard/libc_nano.a(lib_a-init.o)
 .ARM.attributes
                0x0000000000000757       0x34 /opt/st/stm32cubeide_1.6.1/plugins/com.st.stm32cube.ide.mcu.externaltools.gnu-tools-for-stm32.9-2020-q2-update.linux64_1.5.0.202011040924/tools/bin/../lib/gcc/arm-none-eabi/9.3.1/../../../../arm-none-eabi/lib/thumb/v7e-m+fp/hard/libc_nano.a(lib_a-memcpy-stub.o)
 .ARM.attributes
                0x000000000000078b       0x34 /opt/st/stm32cubeide_1.6.1/plugins/com.st.stm32cube.ide.mcu.externaltools.gnu-tools-for-stm32.9-2020-q2-update.linux64_1.5.0.202011040924/tools/bin/../lib/gcc/arm-none-eabi/9.3.1/../../../../arm-none-eabi/lib/thumb/v7e-m+fp/hard/libc_nano.a(lib_a-memset.o)
 .ARM.attributes
                0x00000000000007bf       0x34 /opt/st/stm32cubeide_1.6.1/plugins/com.st.stm32cube.ide.mcu.externaltools.gnu-tools-for-stm32.9-2020-q2-update.linux64_1.5.0.202011040924/tools/bin/../lib/gcc/arm-none-eabi/9.3.1/../../../../arm-none-eabi/lib/thumb/v7e-m+fp/hard/libc_nano.a(lib_a-signal.o)
 .ARM.attributes
                0x00000000000007f3       0x34 /opt/st/stm32cubeide_1.6.1/plugins/com.st.stm32cube.ide.mcu.externaltools.gnu-tools-for-stm32.9-2020-q2-update.linux64_1.5.0.202011040924/tools/bin/../lib/gcc/arm-none-eabi/9.3.1/../../../../arm-none-eabi/lib/thumb/v7e-m+fp/hard/libc_nano.a(lib_a-signalr.o)
 .ARM.attributes
                0x0000000000000827       0x34 /opt/st/stm32cubeide_1.6.1/plugins/com.st.stm32cube.ide.mcu.externaltools.gnu-tools-for-stm32.9-2020-q2-update.linux64_1.5.0.202011040924/tools/bin/../lib/gcc/arm-none-eabi/9.3.1/../../../../arm-none-eabi/lib/thumb/v7e-m+fp/hard/libc_nano.a(lib_a-reent.o)
 .ARM.attributes
                0x000000000000085b       0x1e /opt/st/stm32cubeide_1.6.1/plugins/com.st.stm32cube.ide.mcu.externaltools.gnu-tools-for-stm32.9-2020-q2-update.linux64_1.5.0.202011040924/tools/bin/../lib/gcc/arm-none-eabi/9.3.1/thumb/v7e-m+fp/hard/libgcc.a(_aeabi_uldivmod.o)
 .ARM.attributes
                0x0000000000000879       0x34 /opt/st/stm32cubeide_1.6.1/plugins/com.st.stm32cube.ide.mcu.externaltools.gnu-tools-for-stm32.9-2020-q2-update.linux64_1.5.0.202011040924/tools/bin/../lib/gcc/arm-none-eabi/9.3.1/thumb/v7e-m+fp/hard/libgcc.a(_udivmoddi4.o)
 .ARM.attributes
                0x00000000000008ad       0x1e /opt/st/stm32cubeide_1.6.1/plugins/com.st.stm32cube.ide.mcu.externaltools.gnu-tools-for-stm32.9-2020-q2-update.linux64_1.5.0.202011040924/tools/bin/../lib/gcc/arm-none-eabi/9.3.1/thumb/v7e-m+fp/hard/libgcc.a(_dvmd_tls.o)
 .ARM.attributes
                0x00000000000008cb       0x1e /opt/st/stm32cubeide_1.6.1/plugins/com.st.stm32cube.ide.mcu.externaltools.gnu-tools-for-stm32.9-2020-q2-update.linux64_1.5.0.202011040924/tools/bin/../lib/gcc/arm-none-eabi/9.3.1/thumb/v7e-m+fp/hard/crtn.o
OUTPUT(STM_EMP_usb.elf elf32-littlearm)
LOAD linker stubs
LOAD /opt/st/stm32cubeide_1.6.1/plugins/com.st.stm32cube.ide.mcu.externaltools.gnu-tools-for-stm32.9-2020-q2-update.linux64_1.5.0.202011040924/tools/bin/../lib/gcc/arm-none-eabi/9.3.1/../../../../arm-none-eabi/lib/thumb/v7e-m+fp/hard/libc.a
LOAD /opt/st/stm32cubeide_1.6.1/plugins/com.st.stm32cube.ide.mcu.externaltools.gnu-tools-for-stm32.9-2020-q2-update.linux64_1.5.0.202011040924/tools/bin/../lib/gcc/arm-none-eabi/9.3.1/../../../../arm-none-eabi/lib/thumb/v7e-m+fp/hard/libm.a
LOAD /opt/st/stm32cubeide_1.6.1/plugins/com.st.stm32cube.ide.mcu.externaltools.gnu-tools-for-stm32.9-2020-q2-update.linux64_1.5.0.202011040924/tools/bin/../lib/gcc/arm-none-eabi/9.3.1/thumb/v7e-m+fp/hard/libgcc.a

.debug_info     0x0000000000000000    0x1e055
 .debug_info    0x0000000000000000     0x43bc Core/Src/main.o