main.cpp:69:6:void readMPcallBack(EMP::MP<_packLinux2Ard, _packArd2Linux, true, 16, 4>*)	64	static
MP_ST_usb.h:160:19:void EMP::MP_ST_usb<pIn, pOut, CRC8_enable, cdBinStore, cbPackStore>::packTimeRefresh() [with pIn = _packLinux2Ard; pOut = _packArd2Linux; bool CRC8_enable = true; short unsigned int cdBinStore = 16; short unsigned int cbPackStore = 4]	8	static
MP_ST_usb.h:164:28:long unsigned int EMP::MP_ST_usb<pIn, pOut, CRC8_enable, cdBinStore, cbPackStore>::lastPackElapsed() [with pIn = _packLinux2Ard; pOut = _packArd2Linux; bool CRC8_enable = true; short unsigned int cdBinStore = 16; short unsigned int cbPackStore = 4]	8	static
main.cpp:100:6:void SystemClock_Config()	112	static,ignoring_inline_asm
main.cpp:81:5:int main()	56	static,ignoring_inline_asm
main.cpp:342:6:void Error_Handler()	0	static,ignoring_inline_asm
CircularBuffer.h:95:40:void CircularBuffer<T, nElem>::memClean() [with T = unsigned char; short unsigned int nElem = 368]	0	static
CircularBuffer.h:272:51:uint16_t CircularBuffer<T, nElem>::usedSpace() const [with T = unsigned char; short unsigned int nElem = 368]	8	static
MP_ST_usb.h:104:21:static int8_t EMP::MP_ST_usb<pIn, pOut, CRC8_enable, cdBinStore, cbPackStore>::isrSendNotify(uint8_t*, uint32_t*, uint8_t) [with pIn = _packLinux2Ard; pOut = _packArd2Linux; bool CRC8_enable = true; short unsigned int cdBinStore = 16; short unsigned int cbPackStore = 4]	16	static
CircularBuffer.h:161:10:uint16_t CircularBuffer<T, nElem>::putArray(T*, uint16_t, uint16_t) [with T = unsigned char; short unsigned int nElem = 368]	32	static
MP_ST_usb.h:148:18:int EMP::MP_ST_usb<pIn, pOut, CRC8_enable, cdBinStore, cbPackStore>::packSend_Concrete(uint8_t*, uint16_t) [with pIn = _packLinux2Ard; pOut = _packArd2Linux; bool CRC8_enable = true; short unsigned int cdBinStore = 16; short unsigned int cbPackStore = 4]	24	static
CircularBuffer.h:95:40:void CircularBuffer<T, nElem>::memClean() [with T = _packLinux2Ard; short unsigned int nElem = 4]	16	static
CircularBuffer.h:272:51:uint16_t CircularBuffer<T, nElem>::usedSpace() const [with T = _packLinux2Ard; short unsigned int nElem = 4]	8	static
MP.h:189:24:uint16_t EMP::MP<pIn, pOut, CRC8_enable, cdBinStore, cbPackStore>::byteParsing() [with pIn = _packLinux2Ard; pOut = _packArd2Linux; bool CRC8_enable = true; short unsigned int cdBinStore = 16; short unsigned int cbPackStore = 4]	88	dynamic
MP_ST_usb.h:139:21:static int8_t EMP::MP_ST_usb<pIn, pOut, CRC8_enable, cdBinStore, cbPackStore>::isrRead(uint8_t*, uint32_t*) [with pIn = _packLinux2Ard; pOut = _packArd2Linux; bool CRC8_enable = true; short unsigned int cdBinStore = 16; short unsigned int cbPackStore = 4]	24	static
MP_ST_usb.h:76:22:int16_t EMP::MP_ST_usb<pIn, pOut, CRC8_enable, cdBinStore, cbPackStore>::getData_wait(pIn*) [with pIn = _packLinux2Ard; pOut = _packArd2Linux; bool CRC8_enable = true; short unsigned int cdBinStore = 16; short unsigned int cbPackStore = 4]	16	static
MP.h:178:23:int16_t EMP::MP<pIn, pOut, CRC8_enable, cdBinStore, cbPackStore>::getData_try(pIn*) [with pIn = _packLinux2Ard; pOut = _packArd2Linux; bool CRC8_enable = true; short unsigned int cdBinStore = 16; short unsigned int cbPackStore = 4]	24	static
main.cpp:349:1:cpp)	24	static
