Archive member included to satisfy reference by file (symbol)

/opt/st/stm32cubeide_1.6.1/plugins/com.st.stm32cube.ide.mcu.externaltools.gnu-tools-for-stm32.9-2020-q2-update.linux64_1.5.0.202011040924/tools/bin/../lib/gcc/arm-none-eabi/9.3.1/../../../../arm-none-eabi/lib/thumb/v7e-m+fp/hard/libstdc++_nano.a(pure.o)
                              Core/Src/main.o (__cxa_pure_virtual)
/opt/st/stm32cubeide_1.6.1/plugins/com.st.stm32cube.ide.mcu.externaltools.gnu-tools-for-stm32.9-2020-q2-update.linux64_1.5.0.202011040924/tools/bin/../lib/gcc/arm-none-eabi/9.3.1/../../../../arm-none-eabi/lib/thumb/v7e-m+fp/hard/libstdc++_nano.a(eh_terminate.o)
                              /opt/st/stm32cubeide_1.6.1/plugins/com.st.stm32cube.ide.mcu.externaltools.gnu-tools-for-stm32.9-2020-q2-update.linux64_1.5.0.202011040924/tools/bin/../lib/gcc/arm-none-eabi/9.3.1/../../../../arm-none-eabi/lib/thumb/v7e-m+fp/hard/libstdc++_nano.a(pure.o) (std::terminate())
/opt/st/stm32cubeide_1.6.1/plugins/com.st.stm32cube.ide.mcu.externaltools.gnu-tools-for-stm32.9-2020-q2-update.linux64_1.5.0.202011040924/tools/bin/../lib/gcc/arm-none-eabi/9.3.1/../../../../arm-none-eabi/lib/thumb/v7e-m+fp/hard/libstdc++_nano.a(eh_unex_handler.o)
                              /opt/st/stm32cubeide_1.6.1/plugins/com.st.stm32cube.ide.mcu.externaltools.gnu-tools-for-stm32.9-2020-q2-update.linux64_1.5.0.202011040924/tools/bin/../lib/gcc/arm-none-eabi/9.3.1/../../../../arm-none-eabi/lib/thumb/v7e-m+fp/hard/libstdc++_nano.a(eh_terminate.o) (__cxxabiv1::__unexpected_handler)
/opt/st/stm32cubeide_1.6.1/plugins/com.st.stm32cube.ide.mcu.externaltools.gnu-tools-for-stm32.9-2020-q2-update.linux64_1.5.0.202011040924/tools/bin/../lib/gcc/arm-none-eabi/9.3.1/../../../../arm-none-eabi/lib/thumb/v7e-m+fp/hard/libstdc++_nano.a(eh_term_handler.o)
                              /opt/st/stm32cubeide_1.6.1/plugins/com.st.stm32cube.ide.mcu.externaltools.gnu-tools-for-stm32.9-2020-q2-update.linux64_1.5.0.202011040924/tools/bin/../lib/gcc/arm-none-eabi/9.3.1/../../../../arm-none-eabi/lib/thumb/v7e-m+fp/hard/libstdc++_nano.a(eh_terminate.o) (__cxxabiv1::__terminate_handler)
/opt/st/stm32cubeide_1.6.1/plugins/com.st.stm32cube.ide.mcu.externaltools.gnu-tools-for-stm32.9-2020-q2-update.linux64_1.5.0.202011040924/tools/bin/../lib/gcc/arm-none-eabi/9.3.1/../../../../arm-none-eabi/lib/thumb/v7e-m+fp/hard/libc_nano.a(lib_a-abort.o)
                              /opt/st/stm32cubeide_1.6.1/plugins/com.st.stm32cube.ide.mcu.externaltools.gnu-tools-for-stm32.9-2020-q2-update.linux64_1.5.0.202011040924/tools/bin/../lib/gcc/arm-none-eabi/9.3.1/../../../../arm-none-eabi/lib/thumb/v7e-m+fp/hard/libstdc++_nano.a(eh_terminate.o) (abort)
/opt/st/stm32cubeide_1.6.1/plugins/com.st.stm32cube.ide.mcu.externaltools.gnu-tools-for-stm32.9-2020-q2-update.linux64_1.5.0.202011040924/tools/bin/../lib/gcc/arm-none-eabi/9.3.1/../../../../arm-none-eabi/lib/thumb/v7e-m+fp/hard/libc_nano.a(lib_a-errno.o)
                              Core/Src/syscalls.o (__errno)
/opt/st/stm32cubeide_1.6.1/plugins/com.st.stm32cube.ide.mcu.externaltools.gnu-tools-for-stm32.9-2020-q2-update.linux64_1.5.0.202011040924/tools/bin/../lib/gcc/arm-none-eabi/9.3.1/../../../../arm-none-eabi/lib/thumb/v7e-m+fp/hard/libc_nano.a(lib_a-exit.o)
                              /opt/st/stm32cubeide_1.6.1/plugins/com.st.stm32cube.ide.mcu.externaltools.gnu-tools-for-stm32.9-2020-q2-update.linux64_1.5.0.202011040924/tools/bin/../lib/gcc/arm-none-eabi/9.3.1/../../../../arm-none-eabi/lib/thumb/v7e-m+fp/hard/crt0.o (exit)
/opt/st/stm32cubeide_1.6.1/plugins/com.st.stm32cube.ide.mcu.externaltools.gnu-tools-for-stm32.9-2020-q2-update.linux64_1.5.0.202011040924/tools/bin/../lib/gcc/arm-none-eabi/9.3.1/../../../../arm-none-eabi/lib/thumb/v7e-m+fp/hard/libc_nano.a(lib_a-impure.o)
                              /opt/st/stm32cubeide_1.6.1/plugins/com.st.stm32cube.ide.mcu.externaltools.gnu-tools-for-stm32.9-2020-q2-update.linux64_1.5.0.202011040924/tools/bin/../lib/gcc/arm-none-eabi/9.3.1/../../../../arm-none-eabi/lib/thumb/v7e-m+fp/hard/libc_nano.a(lib_a-exit.o) (_global_impure_ptr)
/opt/st/stm32cubeide_1.6.1/plugins/com.st.stm32cube.ide.mcu.externaltools.gnu-tools-for-stm32.9-2020-q2-update.linux64_1.5.0.202011040924/tools/bin/../lib/gcc/arm-none-eabi/9.3.1/../../../../arm-none-eabi/lib/thumb/v7e-m+fp/hard/libc_nano.a(lib_a-init.o)
                              /opt/st/stm32cubeide_1.6.1/plugins/com.st.stm32cube.ide.mcu.externaltools.gnu-tools-for-stm32.9-2020-q2-update.linux64_1.5.0.202011040924/tools/bin/../lib/gcc/arm-none-eabi/9.3.1/../../../../arm-none-eabi/lib/thumb/v7e-m+fp/hard/crt0.o (__libc_init_array)
/opt/st/stm32cubeide_1.6.1/plugins/com.st.stm32cube.ide.mcu.externaltools.gnu-tools-for-stm32.9-2020-q2-update.linux64_1.5.0.202011040924/tools/bin/../lib/gcc/arm-none-eabi/9.3.1/../../../../arm-none-eabi/lib/thumb/v7e-m+fp/hard/libc_nano.a(lib_a-memcpy-stub.o)
                              Core/Src/main.o (memcpy)
[...]
Memory Configuration

Name             Origin             Length             Attributes
CCMRAM           0x0000000010000000 0x0000000000010000 xrw
RAM              0x0000000020000000 0x0000000000020000 xrw
FLASH            0x0000000008000000 0x0000000000100000 xr
*default*        0x0000000000000000 0xffffffffffffffff

Linker script and memory map

LOAD /opt/st/stm32cubeide_1.6.1/plugins/com.st.stm32cube.ide.mcu.externaltools.gnu-tools-for-stm32.9-2020-q2-update.linux64_1.5.0.202011040924/tools/bin/../lib/gcc/arm-none-eabi/9.3.1/thumb/v7e-m+fp/hard/crti.o
LOAD /opt/st/stm32cubeide_1.6.1/plugins/com.st.stm32cube.ide.mcu.externaltools.gnu-tools-for-stm32.9-2020-q2-update.linux64_1.5.0.202011040924/tools/bin/../lib/gcc/arm-none-eabi/9.3.1/thumb/v7e-m+fp/hard/crtbegin.o
LOAD /opt/st/stm32cubeide_1.6.1/plugins/com.st.stm32cube.ide.mcu.externaltools.gnu-tools-for-stm32.9-2020-q2-update.linux64_1.5.0.202011040924/tools/bin/../lib/gcc/arm-none-eabi/9.3.1/../../../../arm-none-eabi/lib/thumb/v7e-m+fp/hard/crt0.o
LOAD Core/Src/main.o
LOAD Core/Src/stm32f4xx_hal_msp.o
LOAD Core/Src/stm32f4xx_it.o
LOAD Core/Src/syscalls.o
LOAD Core/Src/sysmem.o
LOAD Core/Src/system_stm32f4xx.o
LOAD Core/Startup/startup_stm32f407vgtx.o
LOAD Drivers/STM32F4xx_HAL_Driver/Src/stm32f4xx_hal.o
LOAD Drivers/STM32F4xx_HAL_Driver/Src/stm32f4xx_hal_cortex.o
LOAD Drivers/STM32F4xx_HAL_Driver/Src/stm32f4xx_hal_dma.o
LOAD Drivers/STM32F4xx_HAL_Driver/Src/stm32f4xx_hal_dma_ex.o
LOAD Drivers/STM32F4xx_HAL_Driver/Src/stm32f4xx_hal_exti.o
LOAD Drivers/STM32F4xx_HAL_Driver/Src/stm32f4xx_hal_flash.o
LOAD Drivers/STM32F4xx_HAL_Driver/Src/stm32f4xx_hal_flash_ex.o
LOAD Drivers/STM32F4xx_HAL_Driver/Src/stm32f4xx_hal_flash_ramfunc.o
LOAD Drivers/STM32F4xx_HAL_Driver/Src/stm32f4xx_hal_gpio.o
LOAD Drivers/STM32F4xx_HAL_Driver/Src/stm32f4xx_hal_i2c.o
LOAD Drivers/STM32F4xx_HAL_Driver/Src/stm32f4xx_hal_i2c_ex.o
LOAD Drivers/STM32F4xx_HAL_Driver/Src/stm32f4xx_hal_i2s.o
LOAD Drivers/STM32F4xx_HAL_Driver/Src/stm32f4xx_hal_i2s_ex.o
LOAD Drivers/STM32F4xx_HAL_Driver/Src/stm32f4xx_hal_pcd.o
LOAD Drivers/STM32F4xx_HAL_Driver/Src/stm32f4xx_hal_pcd_ex.o
LOAD Drivers/STM32F4xx_HAL_Driver/Src/stm32f4xx_hal_pwr.o
LOAD Drivers/STM32F4xx_HAL_Driver/Src/stm32f4xx_hal_pwr_ex.o
LOAD Drivers/STM32F4xx_HAL_Driver/Src/stm32f4xx_hal_rcc.o
LOAD Drivers/STM32F4xx_HAL_Driver/Src/stm32f4xx_hal_rcc_ex.o
LOAD Drivers/STM32F4xx_HAL_Driver/Src/stm32f4xx_hal_spi.o
LOAD Drivers/STM32F4xx_HAL_Driver/Src/stm32f4xx_hal_tim.o
LOAD Drivers/STM32F4xx_HAL_Driver/Src/stm32f4xx_hal_tim_ex.o
LOAD Drivers/STM32F4xx_HAL_Driver/Src/stm32f4xx_ll_usb.o
LOAD EMPlibs/MP_Fd.o
LOAD EMPlibs/MP_ST_usb.o
LOAD EMPlibs/MP_Serial.o
LOAD EMPlibs/MP_Uart.o
LOAD EMPlibs/MPcore/MP.o
LOAD EMPlibs/MPcore/circularBuffer/CircularBuffer.o
LOAD EMPlibs/MPcore/cobs-c/cobs.o
LOAD EMPlibs/MPcore/crc8/crc8.o
LOAD EMPlibs/timeOp/timerSpecOp.o
LOAD Middlewares/ST/STM32_USB_Device_Library/Class/CDC/Src/usbd_cdc.o
LOAD Middlewares/ST/STM32_USB_Device_Library/Core/Src/usbd_core.o
LOAD Middlewares/ST/STM32_USB_Device_Library/Core/Src/usbd_ctlreq.o
LOAD Middlewares/ST/STM32_USB_Device_Library/Core/Src/usbd_ioreq.o
LOAD USB_DEVICE/App/usb_device.o
LOAD USB_DEVICE/App/usbd_cdc_if.o
LOAD USB_DEVICE/App/usbd_desc.o
LOAD USB_DEVICE/Target/usbd_conf.o
START GROUP
LOAD /opt/st/stm32cubeide_1.6.1/plugins/com.st.stm32cube.ide.mcu.externaltools.gnu-tools-for-stm32.9-2020-q2-update.linux64_1.5.0.202011040924/tools/bin/../lib/gcc/arm-none-eabi/9.3.1/../../../../arm-none-eabi/lib/thumb/v7e-m+fp/hard/libstdc++_nano.a
LOAD /opt/st/stm32cubeide_1.6.1/plugins/com.st.stm32cube.ide.mcu.externaltools.gnu-tools-for-stm32.9-2020-q2-update.linux64_1.5.0.202011040924/tools/bin/../lib/gcc/arm-none-eabi/9.3.1/../../../../arm-none-eabi/lib/thumb/v7e-m+fp/hard/libsupc++_nano.a
END GROUP
LOAD /opt/st/stm32cubeide_1.6.1/plugins/com.st.stm32cube.ide.mcu.externaltools.gnu-tools-for-stm32.9-2020-q2-update.linux64_1.5.0.202011040924/tools/bin/../lib/gcc/arm-none-eabi/9.3.1/../../../../arm-none-eabi/lib/thumb/v7e-m+fp/hard/libstdc++_nano.a
LOAD /opt/st/stm32cubeide_1.6.1/plugins/com.st.stm32cube.ide.mcu.externaltools.gnu-tools-for-stm32.9-2020-q2-update.linux64_1.5.0.202011040924/tools/bin/../lib/gcc/arm-none-eabi/9.3.1/../../../../arm-none-eabi/lib/thumb/v7e-m+fp/hard/libm.a
LOAD /opt/st/stm32cubeide_1.6.1/plugins/com.st.stm32cube.ide.mcu.externaltools.gnu-tools-for-stm32.9-2020-q2-update.linux64_1.5.0.202011040924/tools/bin/../lib/gcc/arm-none-eabi/9.3.1/../../../../arm-none-eabi/lib/thumb/v7e-m+fp/hard/libc_nano.a
START GROUP
LOAD /opt/st/stm32cubeide_1.6.1/plugins/com.st.stm32cube.ide.mcu.externaltools.gnu-tools-for-stm32.9-2020-q2-update.linux64_1.5.0.202011040924/tools/bin/../lib/gcc/arm-none-eabi/9.3.1/thumb/v7e-m+fp/hard/libgcc.a
LOAD /opt/st/stm32cubeide_1.6.1/plugins/com.st.stm32cube.ide.mcu.externaltools.gnu-tools-for-stm32.9-2020-q2-update.linux64_1.5.0.202011040924/tools/bin/../lib/gcc/arm-none-eabi/9.3.1/../../../../arm-none-eabi/lib/thumb/v7e-m+fp/hard/libc_nano.a
END GROUP
START GROUP
LOAD /opt/st/stm32cubeide_1.6.1/plugins/com.st.stm32cube.ide.mcu.externaltools.gnu-tools-for-stm32.9-2020-q2-update.linux64_1.5.0.202011040924/tools/bin/../lib/gcc/arm-none-eabi/9.3.1/thumb/v7e-m+fp/hard/libgcc.a
LOAD /opt/st/stm32cubeide_1.6.1/plugins/com.st.stm32cube.ide.mcu.externaltools.gnu-tools-for-stm32.9-2020-q2-update.linux64_1.5.0.202011040924/tools/bin/../lib/gcc/arm-none-eabi/9.3.1/../../../../arm-none-eabi/lib/thumb/v7e-m+fp/hard/libc_nano.a
LOAD /opt/st/stm32cubeide_1.6.1/plugins/com.st.stm32cube.ide.mcu.externaltools.gnu-tools-for-stm32.9-2020-q2-update.linux64_1.5.0.202011040924/tools/bin/../lib/gcc/arm-none-eabi/9.3.1/../../../../arm-none-eabi/lib/thumb/v7e-m+fp/hard/libnosys.a
END GROUP
START GROUP
LOAD /opt/st/stm32cubeide_1.6.1/plugins/com.st.stm32cube.ide.mcu.externaltools.gnu-tools-for-stm32.9-2020-q2-update.linux64_1.5.0.202011040924/tools/bin/../lib/gcc/arm-none-eabi/9.3.1/thumb/v7e-m+fp/hard/libgcc.a
LOAD /opt/st/stm32cubeide_1.6.1/plugins/com.st.stm32cube.ide.mcu.externaltools.gnu-tools-for-stm32.9-2020-q2-update.linux64_1.5.0.202011040924/tools/bin/../lib/gcc/arm-none-eabi/9.3.1/../../../../arm-none-eabi/lib/thumb/v7e-m+fp/hard/libc_nano.a
LOAD /opt/st/stm32cubeide_1.6.1/plugins/com.st.stm32cube.ide.mcu.externaltools.gnu-tools-for-stm32.9-2020-q2-update.linux64_1.5.0.202011040924/tools/bin/../lib/gcc/arm-none-eabi/9.3.1/../../../../arm-none-eabi/lib/thumb/v7e-m+fp/hard/libnosys.a
END GROUP
LOAD /opt/st/stm32cubeide_1.6.1/plugins/com.st.stm32cube.ide.mcu.externaltools.gnu-tools-for-stm32.9-2020-q2-update.linux64_1.5.0.202011040924/tools/bin/../lib/gcc/arm-none-eabi/9.3.1/thumb/v7e-m+fp/hard/crtend.o
LOAD /opt/st/stm32cubeide_1.6.1/plugins/com.st.stm32cube.ide.mcu.externaltools.gnu-tools-for-stm32.9-2020-q2-update.linux64_1.5.0.202011040924/tools/bin/../lib/gcc/arm-none-eabi/9.3.1/thumb/v7e-m+fp/hard/crtn.o
                0x0000000020020000                _estack = (ORIGIN (RAM) + LENGTH (RAM))
                0x0000000000000200                _Min_Heap_Size = 0x200
                0x0000000000000400                _Min_Stack_Size = 0x400

.isr_vector     0x0000000008000000      0x188
                0x0000000008000000                . = ALIGN (0x4)
 *(.isr_vector)
 .isr_vector    0x0000000008000000      0x188 Core/Startup/startup_stm32f407vgtx.o
                0x0000000008000000                g_pfnVectors
                0x0000000008000188                . = ALIGN (0x4)

.text           0x0000000008000188     0x8b00
                0x0000000008000188                . = ALIGN (0x4)
 *(.text)
 .text          0x0000000008000188       0x40 /opt/st/stm32cubeide_1.6.1/plugins/com.st.stm32cube.ide.mcu.externaltools.gnu-tools-for-stm32.9-2020-q2-update.linux64_1.5.0.202011040924/tools/bin/../lib/gcc/arm-none-eabi/9.3.1/thumb/v7e-m+fp/hard/crtbegin.o
 .text          0x00000000080001c8       0x30 /opt/st/stm32cubeide_1.6.1/plugins/com.st.stm32cube.ide.mcu.externaltools.gnu-tools-for-stm32.9-2020-q2-update.linux64_1.5.0.202011040924/tools/bin/../lib/gcc/arm-none-eabi/9.3.1/thumb/v7e-m+fp/hard/libgcc.a(_aeabi_uldivmod.o)
                0x00000000080001c8                __aeabi_uldivmod
 .text          0x00000000080001f8      0x2c4 /opt/st/stm32cubeide_1.6.1/plugins/com.st.stm32cube.ide.mcu.externaltools.gnu-tools-for-stm32.9-2020-q2-update.linux64_1.5.0.202011040924/tools/bin/../lib/gcc/arm-none-eabi/9.3.1/thumb/v7e-m+fp/hard/libgcc.a(_udivmoddi4.o)
                0x00000000080001f8                __udivmoddi4
 .text          0x00000000080004bc        0x4 /opt/st/stm32cubeide_1.6.1/plugins/com.st.stm32cube.ide.mcu.externaltools.gnu-tools-for-stm32.9-2020-q2-update.linux64_1.5.0.202011040924/tools/bin/../lib/gcc/arm-none-eabi/9.3.1/thumb/v7e-m+fp/hard/libgcc.a(_dvmd_tls.o)
                0x00000000080004bc                __aeabi_ldiv0
                0x00000000080004bc                __aeabi_idiv0
 *(.text*)
 .text.main     0x00000000080004c0       0x68 Core/Src/main.o
                0x00000000080004c0                main
 .text._Z18SystemClock_Configv
                0x0000000008000528      0x120 Core/Src/main.o
                0x0000000008000528                SystemClock_Config()
 .text._ZL12MX_I2C1_Initv
                0x0000000008000648       0x68 Core/Src/main.o
 .text._ZL12MX_I2S3_Initv
                0x00000000080006b0       0x68 Core/Src/main.o
 .text._ZL12MX_SPI1_Initv
                0x0000000008000718       0x78 Core/Src/main.o
 .text._ZL12MX_GPIO_Initv
                0x0000000008000790      0x1fc Core/Src/main.o
 .text.Error_Handler
                0x000000000800098c        0xa Core/Src/main.o
                0x000000000800098c                Error_Handler
 .text._ZN3EMP2MPI14_packLinux2Ard14_packArd2LinuxLb1ELt16ELt4EE10_callBacksC2Ev
                0x0000000008000996       0x1c Core/Src/main.o
                0x0000000008000996                EMP::MP<_packLinux2Ard, _packArd2Linux, true, (unsigned short)16, (unsigned short)4>::_callBacks::_callBacks()
                0x0000000008000996                EMP::MP<_packLinux2Ard, _packArd2Linux, true, (unsigned short)16, (unsigned short)4>::_callBacks::_callBacks()
 .text._ZN3EMP9MP_ST_usbI14_packLinux2Ard14_packArd2LinuxLb1ELt16ELt4EEC2Ev
                0x00000000080009b2       0x28 Core/Src/main.o
                0x00000000080009b2                EMP::MP_ST_usb<_packLinux2Ard, _packArd2Linux, true, (unsigned short)16, (unsigned short)4>::MP_ST_usb()
                0x00000000080009b2                EMP::MP_ST_usb<_packLinux2Ard, _packArd2Linux, true, (unsigned short)16, (unsigned short)4>::MP_ST_usb()
 .text._ZN3EMP9MP_ST_usbI14_packLinux2Ard14_packArd2LinuxLb1ELt16ELt4EE12getData_waitEPS1_
                0x00000000080009da       0x3c Core/Src/main.o
                0x00000000080009da                EMP::MP_ST_usb<_packLinux2Ard, _packArd2Linux, true, (unsigned short)16, (unsigned short)4>::getData_wait(_packLinux2Ard*)
 *fill*         0x0000000008000a16        0x2 
 .text._ZN3EMP9MP_ST_usbI14_packLinux2Ard14_packArd2LinuxLb1ELt16ELt4EEC2ENS_2MPIS1_S2_Lb1ELt16ELt4EE10_callBacksE
                0x0000000008000a18       0x64 Core/Src/main.o
                0x0000000008000a18                EMP::MP_ST_usb<_packLinux2Ard, _packArd2Linux, true, (unsigned short)16, (unsigned short)4>::MP_ST_usb(EMP::MP<_packLinux2Ard, _packArd2Linux, true, (unsigned short)16, (unsigned short)4>::_callBacks)
                0x0000000008000a18                EMP::MP_ST_usb<_packLinux2Ard, _packArd2Linux, true, (unsigned short)16, (unsigned short)4>::MP_ST_usb(EMP::MP<_packLinux2Ard, _packArd2Linux, true, (unsigned short)16, (unsigned short)4>::_callBacks)
 .text._ZN3EMP9MP_ST_usbI14_packLinux2Ard14_packArd2LinuxLb1ELt16ELt4EED2Ev
                0x0000000008000a7c       0x20 Core/Src/main.o
                0x0000000008000a7c                EMP::MP_ST_usb<_packLinux2Ard, _packArd2Linux, true, (unsigned short)16, (unsigned short)4>::~MP_ST_usb()
                0x0000000008000a7c                EMP::MP_ST_usb<_packLinux2Ard, _packArd2Linux, true, (unsigned short)16, (unsigned short)4>::~MP_ST_usb()
 .text._ZN3EMP2MPI14_packLinux2Ard14_packArd2LinuxLb1ELt16ELt4EE13dataAvailableEv
                0x0000000008000a9c       0x1e Core/Src/main.o
                0x0000000008000a9c                EMP::MP<_packLinux2Ard, _packArd2Linux, true, (unsigned short)16, (unsigned short)4>::dataAvailable()
 .text._ZN3EMP2MPI14_packLinux2Ard14_packArd2LinuxLb1ELt16ELt4EE11getData_tryEPS1_
                0x0000000008000aba       0x4c Core/Src/main.o
                0x0000000008000aba                EMP::MP<_packLinux2Ard, _packArd2Linux, true, (unsigned short)16, (unsigned short)4>::getData_try(_packLinux2Ard*)
 .text._ZN3EMP2MPI14_packLinux2Ard14_packArd2LinuxLb1ELt16ELt4EE8packSendEPS2_t
                0x0000000008000b06      0x13c Core/Src/main.o
                0x0000000008000b06                EMP::MP<_packLinux2Ard, _packArd2Linux, true, (unsigned short)16, (unsigned short)4>::packSend(_packArd2Linux*, unsigned short)
 *fill*         0x0000000008000c42        0x2 
 .text._ZN3EMP2MPI14_packLinux2Ard14_packArd2LinuxLb1ELt16ELt4EEC2ENS3_10_callBacksE
                0x0000000008000c44       0x48 Core/Src/main.o
                0x0000000008000c44                EMP::MP<_packLinux2Ard, _packArd2Linux, true, (unsigned short)16, (unsigned short)4>::MP(EMP::MP<_packLinux2Ard, _packArd2Linux, true, (unsigned short)16, (unsigned short)4>::_callBacks)
                0x0000000008000c44                EMP::MP<_packLinux2Ard, _packArd2Linux, true, (unsigned short)16, (unsigned short)4>::MP(EMP::MP<_packLinux2Ard, _packArd2Linux, true, (unsigned short)16, (unsigned short)4>::_callBacks)
 .text._ZN14CircularBufferIhLt368EEC2Ev
                0x0000000008000c8c       0x28 Core/Src/main.o
                0x0000000008000c8c                CircularBuffer<unsigned char, (unsigned short)368>::CircularBuffer()
                0x0000000008000c8c                CircularBuffer<unsigned char, (unsigned short)368>::CircularBuffer()
 .text._ZN14CircularBufferIhLt368EE8memCleanEv
                0x0000000008000cb4       0x3a Core/Src/main.o
                0x0000000008000cb4                CircularBuffer<unsigned char, (unsigned short)368>::memClean()
 *fill*         0x0000000008000cee        0x2 
 .text._ZN3EMP9MP_ST_usbI14_packLinux2Ard14_packArd2LinuxLb1ELt16ELt4EE7isrReadEPhPm
                0x0000000008000cf0       0x44 Core/Src/main.o
                0x0000000008000cf0                EMP::MP_ST_usb<_packLinux2Ard, _packArd2Linux, true, (unsigned short)16, (unsigned short)4>::isrRead(unsigned char*, unsigned long*)
 .text._ZN3EMP9MP_ST_usbI14_packLinux2Ard14_packArd2LinuxLb1ELt16ELt4EE13isrSendNotifyEPhPmh
                0x0000000008000d34       0xac Core/Src/main.o
                0x0000000008000d34                EMP::MP_ST_usb<_packLinux2Ard, _packArd2Linux, true, (unsigned short)16, (unsigned short)4>::isrSendNotify(unsigned char*, unsigned long*, unsigned char)
 .text._ZNK14CircularBufferI14_packLinux2ArdLt4EE9usedSpaceEv
                0x0000000008000de0       0x46 Core/Src/main.o
                0x0000000008000de0                CircularBuffer<_packLinux2Ard, (unsigned short)4>::usedSpace() const
 .text._ZNK14CircularBufferI14_packLinux2ArdLt4EE7isEmptyEv
                0x0000000008000e26       0x2a Core/Src/main.o
                0x0000000008000e26                CircularBuffer<_packLinux2Ard, (unsigned short)4>::isEmpty() const
 .text._ZN14CircularBufferI14_packLinux2ArdLt4EE6getPtrEv
                0x0000000008000e50       0x30 Core/Src/main.o
                0x0000000008000e50                CircularBuffer<_packLinux2Ard, (unsigned short)4>::getPtr()
 .text._ZN14CircularBufferI14_packLinux2ArdLt4EEC2Ev
                0x0000000008000e80       0x28 Core/Src/main.o
                0x0000000008000e80                CircularBuffer<_packLinux2Ard, (unsigned short)4>::CircularBuffer()
                0x0000000008000e80                CircularBuffer<_packLinux2Ard, (unsigned short)4>::CircularBuffer()
 .text._ZN3EMP2MPI14_packLinux2Ard14_packArd2LinuxLb1ELt16ELt4EE8bufClearEv
                0x0000000008000ea8       0x2c Core/Src/main.o
                0x0000000008000ea8                EMP::MP<_packLinux2Ard, _packArd2Linux, true, (unsigned short)16, (unsigned short)4>::bufClear()
 .text._ZN14CircularBufferIhLt368EE5resetEv
                0x0000000008000ed4       0x20 Core/Src/main.o
                0x0000000008000ed4                CircularBuffer<unsigned char, (unsigned short)368>::reset()
 .text._ZN14CircularBufferIhLt368EE8putArrayEPht
                0x0000000008000ef4       0x24 Core/Src/main.o
                0x0000000008000ef4                CircularBuffer<unsigned char, (unsigned short)368>::putArray(unsigned char*, unsigned short)
 .text._ZN3EMP2MPI14_packLinux2Ard14_packArd2LinuxLb1ELt16ELt4EE11byteParsingEv
                0x0000000008000f18      0x182 Core/Src/main.o
                0x0000000008000f18                EMP::MP<_packLinux2Ard, _packArd2Linux, true, (unsigned short)16, (unsigned short)4>::byteParsing()
 .text._ZNK14CircularBufferIhLt368EE9usedSpaceEv
                0x000000000800109a       0x48 Core/Src/main.o
                0x000000000800109a                CircularBuffer<unsigned char, (unsigned short)368>::usedSpace() const
 .text._ZNK14CircularBufferIhLt368EE15usedSpaceLinearEv
                0x00000000080010e2       0x44 Core/Src/main.o
                0x00000000080010e2                CircularBuffer<unsigned char, (unsigned short)368>::usedSpaceLinear() const
 .text._ZN14CircularBufferIhLt368EE10getTailPtrEv
                0x0000000008001126       0x20 Core/Src/main.o
                0x0000000008001126                CircularBuffer<unsigned char, (unsigned short)368>::getTailPtr()
 .text._ZNK14CircularBufferIhLt368EE7getTailEv
                0x0000000008001146       0x1a Core/Src/main.o
                0x0000000008001146                CircularBuffer<unsigned char, (unsigned short)368>::getTail() const
 .text._ZN14CircularBufferIhLt368EE7tailAddEt
                0x0000000008001160       0x6c Core/Src/main.o
                0x0000000008001160                CircularBuffer<unsigned char, (unsigned short)368>::tailAdd(unsigned short)
 .text._ZN14CircularBufferIhLt368EE7tailSetEt
                0x00000000080011cc       0x2a Core/Src/main.o
                0x00000000080011cc                CircularBuffer<unsigned char, (unsigned short)368>::tailSet(unsigned short)
 *fill*         0x00000000080011f6        0x2 
 .text._ZNK14CircularBufferI14_packLinux2ArdLt4EE6isFullEv
                0x00000000080011f8       0x48 Core/Src/main.o
                0x00000000080011f8                CircularBuffer<_packLinux2Ard, (unsigned short)4>::isFull() const
 .text._ZNK14CircularBufferI14_packLinux2ArdLt4EE16countSlotBetweenEtt
                0x0000000008001240       0x40 Core/Src/main.o
                0x0000000008001240                CircularBuffer<_packLinux2Ard, (unsigned short)4>::countSlotBetween(unsigned short, unsigned short) const
 .text._ZN14CircularBufferI14_packLinux2ArdLt4EE10getTailPtrEv
                0x0000000008001280       0x26 Core/Src/main.o
                0x0000000008001280                CircularBuffer<_packLinux2Ard, (unsigned short)4>::getTailPtr()
 .text._ZN14CircularBufferI14_packLinux2ArdLt4EE7tailIncEv
                0x00000000080012a6       0x1a Core/Src/main.o
                0x00000000080012a6                CircularBuffer<_packLinux2Ard, (unsigned short)4>::tailInc()
 .text._ZN14CircularBufferI14_packLinux2ArdLt4EE8memCleanEv
                0x00000000080012c0       0x3e Core/Src/main.o
                0x00000000080012c0                CircularBuffer<_packLinux2Ard, (unsigned short)4>::memClean()
 .text._ZN14CircularBufferIhLt368EE8putArrayEPhtt
                0x00000000080012fe       0x8a Core/Src/main.o
                0x00000000080012fe                CircularBuffer<unsigned char, (unsigned short)368>::putArray(unsigned char*, unsigned short, unsigned short)
 .text._ZNK14CircularBufferIhLt368EE14availableSpaceEv
                0x0000000008001388       0x1e Core/Src/main.o
                0x0000000008001388                CircularBuffer<unsigned char, (unsigned short)368>::availableSpace() const
 *fill*         0x00000000080013a6        0x2 
 .text._ZN14CircularBufferIhLt368EE7headAddEt
                0x00000000080013a8       0x70 Core/Src/main.o
                0x00000000080013a8                CircularBuffer<unsigned char, (unsigned short)368>::headAdd(unsigned short)
 .text._ZNK14CircularBufferIhLt368EE7isEmptyEv
                0x0000000008001418       0x2a Core/Src/main.o
                0x0000000008001418                CircularBuffer<unsigned char, (unsigned short)368>::isEmpty() const
 .text._ZN14CircularBufferIhLt368EE3getEPt
                0x0000000008001442       0x28 Core/Src/main.o
                0x0000000008001442                CircularBuffer<unsigned char, (unsigned short)368>::get(unsigned short*)
 *fill*         0x000000000800146a        0x2 
 .text._ZNK14CircularBufferIhLt368EE16countSlotBetweenEtt
                0x000000000800146c       0x44 Core/Src/main.o
                0x000000000800146c                CircularBuffer<unsigned char, (unsigned short)368>::countSlotBetween(unsigned short, unsigned short) const
 .text._ZN14CircularBufferIhLt368EE8memcpyCbEPhtt
                0x00000000080014b0       0x64 Core/Src/main.o
                0x00000000080014b0                CircularBuffer<unsigned char, (unsigned short)368>::memcpyCb(unsigned char*, unsigned short, unsigned short)
 .text._ZN14CircularBufferI14_packLinux2ArdLt4EE3putEPS0_t
                0x0000000008001514       0x58 Core/Src/main.o
                0x0000000008001514                CircularBuffer<_packLinux2Ard, (unsigned short)4>::put(_packLinux2Ard*, unsigned short)
 .text._ZNK14CircularBufferIhLt368EE6isFullEv
                0x000000000800156c       0x4c Core/Src/main.o
                0x000000000800156c                CircularBuffer<unsigned char, (unsigned short)368>::isFull() const
 .text._ZN14CircularBufferI14_packLinux2ArdLt4EE7tailAddEt
                0x00000000080015b8       0x68 Core/Src/main.o
                0x00000000080015b8                CircularBuffer<_packLinux2Ard, (unsigned short)4>::tailAdd(unsigned short)
 .text._ZN14CircularBufferI14_packLinux2ArdLt4EE5resetEv
                0x0000000008001620       0x20 Core/Src/main.o
                0x0000000008001620                CircularBuffer<_packLinux2Ard, (unsigned short)4>::reset()
 .text._ZN14CircularBufferIhLt368EE7headIncEv
                0x0000000008001640       0x1a Core/Src/main.o
                0x0000000008001640                CircularBuffer<unsigned char, (unsigned short)368>::headInc()
 .text._ZN14CircularBufferIhLt368EE3getEv
                0x000000000800165a       0x32 Core/Src/main.o
                0x000000000800165a                CircularBuffer<unsigned char, (unsigned short)368>::get()
 .text._ZN14CircularBufferI14_packLinux2ArdLt4EE7headIncEv
                0x000000000800168c       0x1a Core/Src/main.o
                0x000000000800168c                CircularBuffer<_packLinux2Ard, (unsigned short)4>::headInc()
 .text._ZNK14CircularBufferIhLt368EE8readTailEv
                0x00000000080016a6       0x20 Core/Src/main.o
                0x00000000080016a6                CircularBuffer<unsigned char, (unsigned short)368>::readTail() const
 .text._ZN14CircularBufferIhLt368EE7tailIncEv
                0x00000000080016c6       0x1a Core/Src/main.o
                0x00000000080016c6                CircularBuffer<unsigned char, (unsigned short)368>::tailInc()
 .text._ZN14CircularBufferI14_packLinux2ArdLt4EE7headAddEt
                0x00000000080016e0       0x6c Core/Src/main.o
                0x00000000080016e0                CircularBuffer<_packLinux2Ard, (unsigned short)4>::headAdd(unsigned short)
 .text._ZNK14CircularBufferI14_packLinux2ArdLt4EE14availableSpaceEv
                0x000000000800174c       0x1e Core/Src/main.o
                0x000000000800174c                CircularBuffer<_packLinux2Ard, (unsigned short)4>::availableSpace() const
 *fill*         0x000000000800176a        0x2 
 .text._Z41__static_initialization_and_destruction_0ii
                0x000000000800176c       0x44 Core/Src/main.o
 .text._ZN3EMP9MP_ST_usbI14_packLinux2Ard14_packArd2LinuxLb1ELt16ELt4EE17packSend_ConcreteEPht
                0x00000000080017b0       0x6e Core/Src/main.o
                0x00000000080017b0                EMP::MP_ST_usb<_packLinux2Ard, _packArd2Linux, true, (unsigned short)16, (unsigned short)4>::packSend_Concrete(unsigned char*, unsigned short)
 .text._ZN3EMP9MP_ST_usbI14_packLinux2Ard14_packArd2LinuxLb1ELt16ELt4EE15packTimeRefreshEv
                0x000000000800181e       0x1c Core/Src/main.o
                0x000000000800181e                EMP::MP_ST_usb<_packLinux2Ard, _packArd2Linux, true, (unsigned short)16, (unsigned short)4>::packTimeRefresh()
 .text._ZN3EMP9MP_ST_usbI14_packLinux2Ard14_packArd2LinuxLb1ELt16ELt4EE15lastPackElapsedEv
                0x000000000800183a       0x1e Core/Src/main.o
                0x000000000800183a                EMP::MP_ST_usb<_packLinux2Ard, _packArd2Linux, true, (unsigned short)16, (unsigned short)4>::lastPackElapsed()
 .text._GLOBAL__sub_I_hi2c1
                0x0000000008001858       0x10 Core/Src/main.o
 .text._GLOBAL__sub_D_hi2c1
                0x0000000008001868       0x10 Core/Src/main.o
 .text.HAL_MspInit
                0x0000000008001878       0x50 Core/Src/stm32f4xx_hal_msp.o
                0x0000000008001878                HAL_MspInit
 .text.HAL_I2C_MspInit
                0x00000000080018c8       0x90 Core/Src/stm32f4xx_hal_msp.o
                0x00000000080018c8                HAL_I2C_MspInit
 .text.HAL_I2S_MspInit
                0x0000000008001958       0xd0 Core/Src/stm32f4xx_hal_msp.o
                0x0000000008001958                HAL_I2S_MspInit
 .text.HAL_SPI_MspInit
                0x0000000008001a28       0x90 Core/Src/stm32f4xx_hal_msp.o
                0x0000000008001a28                HAL_SPI_MspInit
 .text.NMI_Handler
                0x0000000008001ab8        0x6 Core/Src/stm32f4xx_it.o
                0x0000000008001ab8                NMI_Handler
 .text.HardFault_Handler
                0x0000000008001abe        0x6 Core/Src/stm32f4xx_it.o
                0x0000000008001abe                HardFault_Handler
 .text.MemManage_Handler
                0x0000000008001ac4        0x6 Core/Src/stm32f4xx_it.o
                0x0000000008001ac4                MemManage_Handler
 .text.BusFault_Handler
                0x0000000008001aca        0x6 Core/Src/stm32f4xx_it.o
                0x0000000008001aca                BusFault_Handler
 .text.UsageFault_Handler
                0x0000000008001ad0        0x6 Core/Src/stm32f4xx_it.o
                0x0000000008001ad0                UsageFault_Handler
 .text.SVC_Handler
                0x0000000008001ad6        0xe Core/Src/stm32f4xx_it.o
                0x0000000008001ad6                SVC_Handler
 .text.DebugMon_Handler
                0x0000000008001ae4        0xe Core/Src/stm32f4xx_it.o
                0x0000000008001ae4                DebugMon_Handler
 .text.PendSV_Handler
                0x0000000008001af2        0xe Core/Src/stm32f4xx_it.o
                0x0000000008001af2                PendSV_Handler
 .text.SysTick_Handler
                0x0000000008001b00        0xc Core/Src/stm32f4xx_it.o
                0x0000000008001b00                SysTick_Handler
 .text.OTG_FS_IRQHandler
                0x0000000008001b0c       0x14 Core/Src/stm32f4xx_it.o
                0x0000000008001b0c                OTG_FS_IRQHandler
 .text._getpid  0x0000000008001b20       0x10 Core/Src/syscalls.o
                0x0000000008001b20                _getpid
 .text._kill    0x0000000008001b30       0x20 Core/Src/syscalls.o
                0x0000000008001b30                _kill
 .text._exit    0x0000000008001b50       0x14 Core/Src/syscalls.o
                0x0000000008001b50                _exit
 .text.SystemInit
                0x0000000008001b64       0x24 Core/Src/system_stm32f4xx.o
                0x0000000008001b64                SystemInit
 .text.Reset_Handler
                0x0000000008001b88       0x50 Core/Startup/startup_stm32f407vgtx.o
                0x0000000008001b88                Reset_Handler
 .text.Default_Handler
                0x0000000008001bd8        0x2 Core/Startup/startup_stm32f407vgtx.o
                0x0000000008001bd8                RTC_Alarm_IRQHandler
                0x0000000008001bd8                HASH_RNG_IRQHandler
                0x0000000008001bd8                EXTI2_IRQHandler
                0x0000000008001bd8                TIM8_CC_IRQHandler
                0x0000000008001bd8                TIM1_CC_IRQHandler
                0x0000000008001bd8                DMA2_Stream5_IRQHandler
                0x0000000008001bd8                DMA1_Stream5_IRQHandler
                0x0000000008001bd8                PVD_IRQHandler
                0x0000000008001bd8                SDIO_IRQHandler
                0x0000000008001bd8                TAMP_STAMP_IRQHandler
                0x0000000008001bd8                CAN2_RX1_IRQHandler
                0x0000000008001bd8                EXTI3_IRQHandler
                0x0000000008001bd8                TIM8_TRG_COM_TIM14_IRQHandler
                0x0000000008001bd8                TIM1_UP_TIM10_IRQHandler
                0x0000000008001bd8                TIM8_UP_TIM13_IRQHandler
                0x0000000008001bd8                I2C3_ER_IRQHandler
                0x0000000008001bd8                EXTI0_IRQHandler
                0x0000000008001bd8                I2C2_EV_IRQHandler
                0x0000000008001bd8                DMA1_Stream2_IRQHandler
                0x0000000008001bd8                CAN1_RX0_IRQHandler
                0x0000000008001bd8                FPU_IRQHandler
                0x0000000008001bd8                OTG_HS_WKUP_IRQHandler
                0x0000000008001bd8                CAN2_SCE_IRQHandler
                0x0000000008001bd8                DMA2_Stream2_IRQHandler
                0x0000000008001bd8                SPI1_IRQHandler
                0x0000000008001bd8                TIM6_DAC_IRQHandler
                0x0000000008001bd8                TIM1_BRK_TIM9_IRQHandler
                0x0000000008001bd8                DCMI_IRQHandler
                0x0000000008001bd8                CAN2_RX0_IRQHandler
                0x0000000008001bd8                DMA2_Stream3_IRQHandler
                0x0000000008001bd8                USART6_IRQHandler
                0x0000000008001bd8                USART3_IRQHandler
                0x0000000008001bd8                CAN1_RX1_IRQHandler
                0x0000000008001bd8                UART5_IRQHandler
                0x0000000008001bd8                DMA2_Stream0_IRQHandler
                0x0000000008001bd8                TIM4_IRQHandler
                0x0000000008001bd8                I2C1_EV_IRQHandler
                0x0000000008001bd8                DMA1_Stream6_IRQHandler
                0x0000000008001bd8                DMA1_Stream1_IRQHandler
                0x0000000008001bd8                UART4_IRQHandler
                0x0000000008001bd8                TIM3_IRQHandler
                0x0000000008001bd8                RCC_IRQHandler
                0x0000000008001bd8                TIM8_BRK_TIM12_IRQHandler
                0x0000000008001bd8                Default_Handler
                0x0000000008001bd8                EXTI15_10_IRQHandler
                0x0000000008001bd8                ADC_IRQHandler
                0x0000000008001bd8                DMA1_Stream7_IRQHandler
                0x0000000008001bd8                TIM7_IRQHandler
                0x0000000008001bd8                CAN2_TX_IRQHandler
                0x0000000008001bd8                TIM5_IRQHandler
                0x0000000008001bd8                DMA2_Stream7_IRQHandler
                0x0000000008001bd8                I2C3_EV_IRQHandler
                0x0000000008001bd8                EXTI9_5_IRQHandler
                0x0000000008001bd8                RTC_WKUP_IRQHandler
                0x0000000008001bd8                ETH_WKUP_IRQHandler
                0x0000000008001bd8                SPI2_IRQHandler
                0x0000000008001bd8                OTG_HS_EP1_IN_IRQHandler
                0x0000000008001bd8                DMA1_Stream0_IRQHandler
                0x0000000008001bd8                CAN1_TX_IRQHandler
                0x0000000008001bd8                EXTI4_IRQHandler
                0x0000000008001bd8                FSMC_IRQHandler
                0x0000000008001bd8                ETH_IRQHandler
                0x0000000008001bd8                OTG_HS_EP1_OUT_IRQHandler
                0x0000000008001bd8                WWDG_IRQHandler
                0x0000000008001bd8                TIM2_IRQHandler
                0x0000000008001bd8                OTG_FS_WKUP_IRQHandler
                0x0000000008001bd8                TIM1_TRG_COM_TIM11_IRQHandler
                0x0000000008001bd8                OTG_HS_IRQHandler
                0x0000000008001bd8                EXTI1_IRQHandler
                0x0000000008001bd8                USART2_IRQHandler
                0x0000000008001bd8                I2C2_ER_IRQHandler
                0x0000000008001bd8                DMA2_Stream1_IRQHandler
                0x0000000008001bd8                CAN1_SCE_IRQHandler
                0x0000000008001bd8                FLASH_IRQHandler
                0x0000000008001bd8                DMA2_Stream4_IRQHandler
                0x0000000008001bd8                USART1_IRQHandler
                0x0000000008001bd8                SPI3_IRQHandler
                0x0000000008001bd8                DMA1_Stream4_IRQHandler
                0x0000000008001bd8                I2C1_ER_IRQHandler
                0x0000000008001bd8                DMA2_Stream6_IRQHandler
                0x0000000008001bd8                DMA1_Stream3_IRQHandler
 *fill*         0x0000000008001bda        0x2 
 .text.HAL_Init
                0x0000000008001bdc       0x44 Drivers/STM32F4xx_HAL_Driver/Src/stm32f4xx_hal.o
                0x0000000008001bdc                HAL_Init
 .text.HAL_InitTick
                0x0000000008001c20       0x60 Drivers/STM32F4xx_HAL_Driver/Src/stm32f4xx_hal.o
                0x0000000008001c20                HAL_InitTick
 .text.HAL_IncTick
                0x0000000008001c80       0x28 Drivers/STM32F4xx_HAL_Driver/Src/stm32f4xx_hal.o
                0x0000000008001c80                HAL_IncTick
 .text.HAL_GetTick
                0x0000000008001ca8       0x18 Drivers/STM32F4xx_HAL_Driver/Src/stm32f4xx_hal.o
                0x0000000008001ca8                HAL_GetTick
 .text.HAL_Delay
                0x0000000008001cc0       0x48 Drivers/STM32F4xx_HAL_Driver/Src/stm32f4xx_hal.o
                0x0000000008001cc0                HAL_Delay
 .text.__NVIC_SetPriorityGrouping
                0x0000000008001d08       0x48 Drivers/STM32F4xx_HAL_Driver/Src/stm32f4xx_hal_cortex.o
 .text.__NVIC_GetPriorityGrouping
                0x0000000008001d50       0x1c Drivers/STM32F4xx_HAL_Driver/Src/stm32f4xx_hal_cortex.o
 .text.__NVIC_EnableIRQ
                0x0000000008001d6c       0x3c Drivers/STM32F4xx_HAL_Driver/Src/stm32f4xx_hal_cortex.o
 .text.__NVIC_SetPriority
                0x0000000008001da8       0x54 Drivers/STM32F4xx_HAL_Driver/Src/stm32f4xx_hal_cortex.o
 .text.NVIC_EncodePriority
                0x0000000008001dfc       0x66 Drivers/STM32F4xx_HAL_Driver/Src/stm32f4xx_hal_cortex.o
 *fill*         0x0000000008001e62        0x2 
 .text.SysTick_Config
                0x0000000008001e64       0x44 Drivers/STM32F4xx_HAL_Driver/Src/stm32f4xx_hal_cortex.o
 .text.HAL_NVIC_SetPriorityGrouping
                0x0000000008001ea8       0x16 Drivers/STM32F4xx_HAL_Driver/Src/stm32f4xx_hal_cortex.o
                0x0000000008001ea8                HAL_NVIC_SetPriorityGrouping
 .text.HAL_NVIC_SetPriority
                0x0000000008001ebe       0x38 Drivers/STM32F4xx_HAL_Driver/Src/stm32f4xx_hal_cortex.o
                0x0000000008001ebe                HAL_NVIC_SetPriority
 .text.HAL_NVIC_EnableIRQ
                0x0000000008001ef6       0x1c Drivers/STM32F4xx_HAL_Driver/Src/stm32f4xx_hal_cortex.o
                0x0000000008001ef6                HAL_NVIC_EnableIRQ
 .text.HAL_SYSTICK_Config
                0x0000000008001f12       0x18 Drivers/STM32F4xx_HAL_Driver/Src/stm32f4xx_hal_cortex.o
                0x0000000008001f12                HAL_SYSTICK_Config
 *fill*         0x0000000008001f2a        0x2 
 .text.HAL_GPIO_Init
                0x0000000008001f2c      0x338 Drivers/STM32F4xx_HAL_Driver/Src/stm32f4xx_hal_gpio.o
                0x0000000008001f2c                HAL_GPIO_Init
 .text.HAL_GPIO_WritePin
                0x0000000008002264       0x32 Drivers/STM32F4xx_HAL_Driver/Src/stm32f4xx_hal_gpio.o
                0x0000000008002264                HAL_GPIO_WritePin
 *fill*         0x0000000008002296        0x2 
 .text.HAL_I2C_Init
                0x0000000008002298      0x288 Drivers/STM32F4xx_HAL_Driver/Src/stm32f4xx_hal_i2c.o
                0x0000000008002298                HAL_I2C_Init
 .text.HAL_I2S_Init
                0x0000000008002520      0x280 Drivers/STM32F4xx_HAL_Driver/Src/stm32f4xx_hal_i2s.o
                0x0000000008002520                HAL_I2S_Init
 .text.HAL_I2S_TxCpltCallback
                0x00000000080027a0       0x14 Drivers/STM32F4xx_HAL_Driver/Src/stm32f4xx_hal_i2s.o
                0x00000000080027a0                HAL_I2S_TxCpltCallback
 .text.HAL_I2S_RxCpltCallback
                0x00000000080027b4       0x14 Drivers/STM32F4xx_HAL_Driver/Src/stm32f4xx_hal_i2s.o
                0x00000000080027b4                HAL_I2S_RxCpltCallback
 .text.HAL_I2S_ErrorCallback
                0x00000000080027c8       0x14 Drivers/STM32F4xx_HAL_Driver/Src/stm32f4xx_hal_i2s.o
                0x00000000080027c8                HAL_I2S_ErrorCallback
 .text.I2S_Transmit_IT
                0x00000000080027dc       0x5c Drivers/STM32F4xx_HAL_Driver/Src/stm32f4xx_hal_i2s.o
 .text.I2S_Receive_IT
                0x0000000008002838       0x5e Drivers/STM32F4xx_HAL_Driver/Src/stm32f4xx_hal_i2s.o
 .text.I2S_IRQHandler
                0x0000000008002896      0x114 Drivers/STM32F4xx_HAL_Driver/Src/stm32f4xx_hal_i2s.o
 *fill*         0x00000000080029aa        0x2 
 .text.HAL_I2SEx_FullDuplex_IRQHandler
                0x00000000080029ac      0x2a8 Drivers/STM32F4xx_HAL_Driver/Src/stm32f4xx_hal_i2s_ex.o
                0x00000000080029ac                HAL_I2SEx_FullDuplex_IRQHandler
 .text.HAL_I2SEx_TxRxCpltCallback
                0x0000000008002c54       0x14 Drivers/STM32F4xx_HAL_Driver/Src/stm32f4xx_hal_i2s_ex.o
                0x0000000008002c54                HAL_I2SEx_TxRxCpltCallback
 .text.I2SEx_TxISR_I2S
                0x0000000008002c68       0x62 Drivers/STM32F4xx_HAL_Driver/Src/stm32f4xx_hal_i2s_ex.o
 *fill*         0x0000000008002cca        0x2 
 .text.I2SEx_TxISR_I2SExt
                0x0000000008002ccc       0x98 Drivers/STM32F4xx_HAL_Driver/Src/stm32f4xx_hal_i2s_ex.o
 .text.I2SEx_RxISR_I2S
                0x0000000008002d64       0x64 Drivers/STM32F4xx_HAL_Driver/Src/stm32f4xx_hal_i2s_ex.o
 .text.I2SEx_RxISR_I2SExt
                0x0000000008002dc8       0x98 Drivers/STM32F4xx_HAL_Driver/Src/stm32f4xx_hal_i2s_ex.o
 .text.HAL_PCD_Init
                0x0000000008002e60      0x23a Drivers/STM32F4xx_HAL_Driver/Src/stm32f4xx_hal_pcd.o
                0x0000000008002e60                HAL_PCD_Init
 .text.HAL_PCD_Start
                0x000000000800309a       0x66 Drivers/STM32F4xx_HAL_Driver/Src/stm32f4xx_hal_pcd.o
                0x000000000800309a                HAL_PCD_Start
 .text.HAL_PCD_IRQHandler
                0x0000000008003100      0x764 Drivers/STM32F4xx_HAL_Driver/Src/stm32f4xx_hal_pcd.o
                0x0000000008003100                HAL_PCD_IRQHandler
 .text.HAL_PCD_SetAddress
                0x0000000008003864       0x4a Drivers/STM32F4xx_HAL_Driver/Src/stm32f4xx_hal_pcd.o
                0x0000000008003864                HAL_PCD_SetAddress
 .text.HAL_PCD_EP_Open
                0x00000000080038ae       0xd0 Drivers/STM32F4xx_HAL_Driver/Src/stm32f4xx_hal_pcd.o
                0x00000000080038ae                HAL_PCD_EP_Open
 .text.HAL_PCD_EP_Close
                0x000000000800397e       0x94 Drivers/STM32F4xx_HAL_Driver/Src/stm32f4xx_hal_pcd.o
                0x000000000800397e                HAL_PCD_EP_Close
 .text.HAL_PCD_EP_Receive
                0x0000000008003a12       0x96 Drivers/STM32F4xx_HAL_Driver/Src/stm32f4xx_hal_pcd.o
                0x0000000008003a12                HAL_PCD_EP_Receive
 .text.HAL_PCD_EP_GetRxCount
                0x0000000008003aa8       0x30 Drivers/STM32F4xx_HAL_Driver/Src/stm32f4xx_hal_pcd.o
                0x0000000008003aa8                HAL_PCD_EP_GetRxCount
 .text.HAL_PCD_EP_Transmit
                0x0000000008003ad8       0x94 Drivers/STM32F4xx_HAL_Driver/Src/stm32f4xx_hal_pcd.o
                0x0000000008003ad8                HAL_PCD_EP_Transmit
 .text.HAL_PCD_EP_SetStall
                0x0000000008003b6c       0xc8 Drivers/STM32F4xx_HAL_Driver/Src/stm32f4xx_hal_pcd.o
                0x0000000008003b6c                HAL_PCD_EP_SetStall
 .text.HAL_PCD_EP_ClrStall
                0x0000000008003c34       0xac Drivers/STM32F4xx_HAL_Driver/Src/stm32f4xx_hal_pcd.o
                0x0000000008003c34                HAL_PCD_EP_ClrStall
 .text.PCD_WriteEmptyTxFifo
                0x0000000008003ce0      0x11a Drivers/STM32F4xx_HAL_Driver/Src/stm32f4xx_hal_pcd.o
 *fill*         0x0000000008003dfa        0x2 
 .text.PCD_EP_OutXfrComplete_int
                0x0000000008003dfc      0x218 Drivers/STM32F4xx_HAL_Driver/Src/stm32f4xx_hal_pcd.o
 .text.PCD_EP_OutSetupPacket_int
                0x0000000008004014       0x8c Drivers/STM32F4xx_HAL_Driver/Src/stm32f4xx_hal_pcd.o
 .text.HAL_PCDEx_SetTxFiFo
                0x00000000080040a0       0x8e Drivers/STM32F4xx_HAL_Driver/Src/stm32f4xx_hal_pcd_ex.o
                0x00000000080040a0                HAL_PCDEx_SetTxFiFo
 .text.HAL_PCDEx_SetRxFiFo
                0x000000000800412e       0x22 Drivers/STM32F4xx_HAL_Driver/Src/stm32f4xx_hal_pcd_ex.o
                0x000000000800412e                HAL_PCDEx_SetRxFiFo
 .text.HAL_PCDEx_LPM_Callback
                0x0000000008004150       0x18 Drivers/STM32F4xx_HAL_Driver/Src/stm32f4xx_hal_pcd_ex.o
                0x0000000008004150                HAL_PCDEx_LPM_Callback
 .text.HAL_RCC_OscConfig
                0x0000000008004168      0x4f0 Drivers/STM32F4xx_HAL_Driver/Src/stm32f4xx_hal_rcc.o
                0x0000000008004168                HAL_RCC_OscConfig
 .text.HAL_RCC_ClockConfig
                0x0000000008004658      0x1cc Drivers/STM32F4xx_HAL_Driver/Src/stm32f4xx_hal_rcc.o
                0x0000000008004658                HAL_RCC_ClockConfig
 .text.HAL_RCC_GetSysClockFreq
                0x0000000008004824      0x1c4 Drivers/STM32F4xx_HAL_Driver/Src/stm32f4xx_hal_rcc.o
                0x0000000008004824                HAL_RCC_GetSysClockFreq
 .text.HAL_RCC_GetHCLKFreq
                0x00000000080049e8       0x18 Drivers/STM32F4xx_HAL_Driver/Src/stm32f4xx_hal_rcc.o
                0x00000000080049e8                HAL_RCC_GetHCLKFreq
 .text.HAL_RCC_GetPCLK1Freq
                0x0000000008004a00       0x28 Drivers/STM32F4xx_HAL_Driver/Src/stm32f4xx_hal_rcc.o
                0x0000000008004a00                HAL_RCC_GetPCLK1Freq
 .text.HAL_RCCEx_PeriphCLKConfig
                0x0000000008004a28      0x1c4 Drivers/STM32F4xx_HAL_Driver/Src/stm32f4xx_hal_rcc_ex.o
                0x0000000008004a28                HAL_RCCEx_PeriphCLKConfig
 .text.HAL_RCCEx_GetPeriphCLKFreq
                0x0000000008004bec       0xbc Drivers/STM32F4xx_HAL_Driver/Src/stm32f4xx_hal_rcc_ex.o
                0x0000000008004bec                HAL_RCCEx_GetPeriphCLKFreq
 .text.HAL_SPI_Init
                0x0000000008004ca8      0x112 Drivers/STM32F4xx_HAL_Driver/Src/stm32f4xx_hal_spi.o
                0x0000000008004ca8                HAL_SPI_Init
 .text.USB_CoreInit
                0x0000000008004dba       0xc2 Drivers/STM32F4xx_HAL_Driver/Src/stm32f4xx_ll_usb.o
                0x0000000008004dba                USB_CoreInit
 .text.USB_SetTurnaroundTime
                0x0000000008004e7c      0x144 Drivers/STM32F4xx_HAL_Driver/Src/stm32f4xx_ll_usb.o
                0x0000000008004e7c                USB_SetTurnaroundTime
 .text.USB_EnableGlobalInt
                0x0000000008004fc0       0x22 Drivers/STM32F4xx_HAL_Driver/Src/stm32f4xx_ll_usb.o
                0x0000000008004fc0                USB_EnableGlobalInt
 .text.USB_DisableGlobalInt
                0x0000000008004fe2       0x22 Drivers/STM32F4xx_HAL_Driver/Src/stm32f4xx_ll_usb.o
                0x0000000008004fe2                USB_DisableGlobalInt
 .text.USB_SetCurrentMode
                0x0000000008005004       0x54 Drivers/STM32F4xx_HAL_Driver/Src/stm32f4xx_ll_usb.o
                0x0000000008005004                USB_SetCurrentMode
 .text.USB_DevInit
                0x0000000008005058      0x2c8 Drivers/STM32F4xx_HAL_Driver/Src/stm32f4xx_ll_usb.o
                0x0000000008005058                USB_DevInit
 .text.USB_FlushTxFifo
                0x0000000008005320       0x4c Drivers/STM32F4xx_HAL_Driver/Src/stm32f4xx_ll_usb.o
                0x0000000008005320                USB_FlushTxFifo
 .text.USB_FlushRxFifo
                0x000000000800536c       0x44 Drivers/STM32F4xx_HAL_Driver/Src/stm32f4xx_ll_usb.o
                0x000000000800536c                USB_FlushRxFifo
 .text.USB_SetDevSpeed
                0x00000000080053b0       0x32 Drivers/STM32F4xx_HAL_Driver/Src/stm32f4xx_ll_usb.o
                0x00000000080053b0                USB_SetDevSpeed
 .text.USB_GetDevSpeed
                0x00000000080053e2       0x4a Drivers/STM32F4xx_HAL_Driver/Src/stm32f4xx_ll_usb.o
                0x00000000080053e2                USB_GetDevSpeed
 .text.USB_ActivateEndpoint
                0x000000000800542c      0x10e Drivers/STM32F4xx_HAL_Driver/Src/stm32f4xx_ll_usb.o
                0x000000000800542c                USB_ActivateEndpoint
 *fill*         0x000000000800553a        0x2 
 .text.USB_DeactivateEndpoint
                0x000000000800553c      0x1b8 Drivers/STM32F4xx_HAL_Driver/Src/stm32f4xx_ll_usb.o
                0x000000000800553c                USB_DeactivateEndpoint
 .text.USB_EPStartXfer
                0x00000000080056f4      0x488 Drivers/STM32F4xx_HAL_Driver/Src/stm32f4xx_ll_usb.o
                0x00000000080056f4                USB_EPStartXfer
 .text.USB_EP0StartXfer
                0x0000000008005b7c      0x2a6 Drivers/STM32F4xx_HAL_Driver/Src/stm32f4xx_ll_usb.o
                0x0000000008005b7c                USB_EP0StartXfer
 .text.USB_WritePacket
                0x0000000008005e22       0x6a Drivers/STM32F4xx_HAL_Driver/Src/stm32f4xx_ll_usb.o
                0x0000000008005e22                USB_WritePacket
 .text.USB_ReadPacket
                0x0000000008005e8c       0x52 Drivers/STM32F4xx_HAL_Driver/Src/stm32f4xx_ll_usb.o
                0x0000000008005e8c                USB_ReadPacket
 .text.USB_EPSetStall
                0x0000000008005ede       0xdc Drivers/STM32F4xx_HAL_Driver/Src/stm32f4xx_ll_usb.o
                0x0000000008005ede                USB_EPSetStall
 .text.USB_EPClearStall
                0x0000000008005fba       0xcc Drivers/STM32F4xx_HAL_Driver/Src/stm32f4xx_ll_usb.o
                0x0000000008005fba                USB_EPClearStall
 .text.USB_SetDevAddress
                0x0000000008006086       0x4c Drivers/STM32F4xx_HAL_Driver/Src/stm32f4xx_ll_usb.o
                0x0000000008006086                USB_SetDevAddress
 .text.USB_DevConnect
                0x00000000080060d2       0x42 Drivers/STM32F4xx_HAL_Driver/Src/stm32f4xx_ll_usb.o
                0x00000000080060d2                USB_DevConnect
 .text.USB_DevDisconnect
                0x0000000008006114       0x42 Drivers/STM32F4xx_HAL_Driver/Src/stm32f4xx_ll_usb.o
                0x0000000008006114                USB_DevDisconnect
 .text.USB_ReadInterrupts
                0x0000000008006156       0x26 Drivers/STM32F4xx_HAL_Driver/Src/stm32f4xx_ll_usb.o
                0x0000000008006156                USB_ReadInterrupts
 .text.USB_ReadDevAllOutEpInterrupt
                0x000000000800617c       0x34 Drivers/STM32F4xx_HAL_Driver/Src/stm32f4xx_ll_usb.o
                0x000000000800617c                USB_ReadDevAllOutEpInterrupt
 .text.USB_ReadDevAllInEpInterrupt
                0x00000000080061b0       0x34 Drivers/STM32F4xx_HAL_Driver/Src/stm32f4xx_ll_usb.o
                0x00000000080061b0                USB_ReadDevAllInEpInterrupt
 .text.USB_ReadDevOutEPInterrupt
                0x00000000080061e4       0x3c Drivers/STM32F4xx_HAL_Driver/Src/stm32f4xx_ll_usb.o
                0x00000000080061e4                USB_ReadDevOutEPInterrupt
 .text.USB_ReadDevInEPInterrupt
                0x0000000008006220       0x5c Drivers/STM32F4xx_HAL_Driver/Src/stm32f4xx_ll_usb.o
                0x0000000008006220                USB_ReadDevInEPInterrupt
 .text.USB_GetMode
                0x000000000800627c       0x1c Drivers/STM32F4xx_HAL_Driver/Src/stm32f4xx_ll_usb.o
                0x000000000800627c                USB_GetMode
 .text.USB_ActivateSetup
                0x0000000008006298       0x46 Drivers/STM32F4xx_HAL_Driver/Src/stm32f4xx_ll_usb.o
                0x0000000008006298                USB_ActivateSetup
 *fill*         0x00000000080062de        0x2 
 .text.USB_EP0_OutStart
                0x00000000080062e0       0xbc Drivers/STM32F4xx_HAL_Driver/Src/stm32f4xx_ll_usb.o
                0x00000000080062e0                USB_EP0_OutStart
 .text.USB_CoreReset
                0x000000000800639c       0x68 Drivers/STM32F4xx_HAL_Driver/Src/stm32f4xx_ll_usb.o
 .text.cobs_encode
                0x0000000008006404      0x130 EMPlibs/MPcore/cobs-c/cobs.o
                0x0000000008006404                cobs_encode
 .text.cobs_decode
                0x0000000008006534      0x15e EMPlibs/MPcore/cobs-c/cobs.o
                0x0000000008006534                cobs_decode
 .text._Z8crc_mathhh
                0x0000000008006692       0xc0 EMPlibs/MPcore/crc8/crc8.o
                0x0000000008006692                crc_math(unsigned char, unsigned char)
 .text._Z9crc8_bytehh
                0x0000000008006752       0x2a EMPlibs/MPcore/crc8/crc8.o
                0x0000000008006752                crc8_byte(unsigned char, unsigned char)
 .text._Z11crc8_streamPht
                0x000000000800677c       0x44 EMPlibs/MPcore/crc8/crc8.o
                0x000000000800677c                crc8_stream(unsigned char*, unsigned short)
 .text.USBD_CDC_Init
                0x00000000080067c0       0xfe Middlewares/ST/STM32_USB_Device_Library/Class/CDC/Src/usbd_cdc.o
 .text.USBD_CDC_DeInit
                0x00000000080068be       0x74 Middlewares/ST/STM32_USB_Device_Library/Class/CDC/Src/usbd_cdc.o
 *fill*         0x0000000008006932        0x2 
 .text.USBD_CDC_Setup
                0x0000000008006934      0x190 Middlewares/ST/STM32_USB_Device_Library/Class/CDC/Src/usbd_cdc.o
 .text.USBD_CDC_DataIn
                0x0000000008006ac4       0xca Middlewares/ST/STM32_USB_Device_Library/Class/CDC/Src/usbd_cdc.o
 .text.USBD_CDC_DataOut
                0x0000000008006b8e       0x56 Middlewares/ST/STM32_USB_Device_Library/Class/CDC/Src/usbd_cdc.o
 .text.USBD_CDC_EP0_RxReady
                0x0000000008006be4       0x5a Middlewares/ST/STM32_USB_Device_Library/Class/CDC/Src/usbd_cdc.o
 *fill*         0x0000000008006c3e        0x2 
 .text.USBD_CDC_GetFSCfgDesc
                0x0000000008006c40       0x20 Middlewares/ST/STM32_USB_Device_Library/Class/CDC/Src/usbd_cdc.o
 .text.USBD_CDC_GetHSCfgDesc
                0x0000000008006c60       0x20 Middlewares/ST/STM32_USB_Device_Library/Class/CDC/Src/usbd_cdc.o
 .text.USBD_CDC_GetOtherSpeedCfgDesc
                0x0000000008006c80       0x20 Middlewares/ST/STM32_USB_Device_Library/Class/CDC/Src/usbd_cdc.o
 .text.USBD_CDC_GetDeviceQualifierDescriptor
                0x0000000008006ca0       0x20 Middlewares/ST/STM32_USB_Device_Library/Class/CDC/Src/usbd_cdc.o
                0x0000000008006ca0                USBD_CDC_GetDeviceQualifierDescriptor
 .text.USBD_CDC_RegisterInterface
                0x0000000008006cc0       0x2a Middlewares/ST/STM32_USB_Device_Library/Class/CDC/Src/usbd_cdc.o
                0x0000000008006cc0                USBD_CDC_RegisterInterface
 .text.USBD_CDC_SetTxBuffer
                0x0000000008006cea       0x3c Middlewares/ST/STM32_USB_Device_Library/Class/CDC/Src/usbd_cdc.o
                0x0000000008006cea                USBD_CDC_SetTxBuffer
 .text.USBD_CDC_SetRxBuffer
                0x0000000008006d26       0x32 Middlewares/ST/STM32_USB_Device_Library/Class/CDC/Src/usbd_cdc.o
                0x0000000008006d26                USBD_CDC_SetRxBuffer
 .text.USBD_CDC_TransmitPacket
                0x0000000008006d58       0x60 Middlewares/ST/STM32_USB_Device_Library/Class/CDC/Src/usbd_cdc.o
                0x0000000008006d58                USBD_CDC_TransmitPacket
 .text.USBD_CDC_ReceivePacket
                0x0000000008006db8       0x54 Middlewares/ST/STM32_USB_Device_Library/Class/CDC/Src/usbd_cdc.o
                0x0000000008006db8                USBD_CDC_ReceivePacket
 .text.USBD_Init
                0x0000000008006e0c       0x60 Middlewares/ST/STM32_USB_Device_Library/Core/Src/usbd_core.o
                0x0000000008006e0c                USBD_Init
 .text.USBD_RegisterClass
                0x0000000008006e6c       0x4e Middlewares/ST/STM32_USB_Device_Library/Core/Src/usbd_core.o
                0x0000000008006e6c                USBD_RegisterClass
 .text.USBD_Start
                0x0000000008006eba       0x18 Middlewares/ST/STM32_USB_Device_Library/Core/Src/usbd_core.o
                0x0000000008006eba                USBD_Start
 .text.USBD_RunTestMode
                0x0000000008006ed2       0x16 Middlewares/ST/STM32_USB_Device_Library/Core/Src/usbd_core.o
                0x0000000008006ed2                USBD_RunTestMode
 .text.USBD_SetClassConfig
                0x0000000008006ee8       0x38 Middlewares/ST/STM32_USB_Device_Library/Core/Src/usbd_core.o
                0x0000000008006ee8                USBD_SetClassConfig
 .text.USBD_ClrClassConfig
                0x0000000008006f20       0x30 Middlewares/ST/STM32_USB_Device_Library/Core/Src/usbd_core.o
                0x0000000008006f20                USBD_ClrClassConfig
 .text.USBD_LL_SetupStage
                0x0000000008006f50       0xaa Middlewares/ST/STM32_USB_Device_Library/Core/Src/usbd_core.o
                0x0000000008006f50                USBD_LL_SetupStage
 .text.USBD_LL_DataOutStage
                0x0000000008006ffa       0xc6 Middlewares/ST/STM32_USB_Device_Library/Core/Src/usbd_core.o
                0x0000000008006ffa                USBD_LL_DataOutStage
 .text.USBD_LL_DataInStage
                0x00000000080070c0      0x12c Middlewares/ST/STM32_USB_Device_Library/Core/Src/usbd_core.o
                0x00000000080070c0                USBD_LL_DataInStage
 .text.USBD_LL_Reset
                0x00000000080071ec       0x9c Middlewares/ST/STM32_USB_Device_Library/Core/Src/usbd_core.o
                0x00000000080071ec                USBD_LL_Reset
 .text.USBD_LL_SetSpeed
                0x0000000008007288       0x20 Middlewares/ST/STM32_USB_Device_Library/Core/Src/usbd_core.o
                0x0000000008007288                USBD_LL_SetSpeed
 .text.USBD_LL_Suspend
                0x00000000080072a8       0x2c Middlewares/ST/STM32_USB_Device_Library/Core/Src/usbd_core.o
                0x00000000080072a8                USBD_LL_Suspend
 .text.USBD_LL_Resume
                0x00000000080072d4       0x30 Middlewares/ST/STM32_USB_Device_Library/Core/Src/usbd_core.o
                0x00000000080072d4                USBD_LL_Resume
 .text.USBD_LL_SOF
                0x0000000008007304       0x44 Middlewares/ST/STM32_USB_Device_Library/Core/Src/usbd_core.o
                0x0000000008007304                USBD_LL_SOF
 .text.USBD_LL_IsoINIncomplete
                0x0000000008007348       0x4c Middlewares/ST/STM32_USB_Device_Library/Core/Src/usbd_core.o
                0x0000000008007348                USBD_LL_IsoINIncomplete
 .text.USBD_LL_IsoOUTIncomplete
                0x0000000008007394       0x4c Middlewares/ST/STM32_USB_Device_Library/Core/Src/usbd_core.o
                0x0000000008007394                USBD_LL_IsoOUTIncomplete
 .text.USBD_LL_DevConnected
                0x00000000080073e0       0x16 Middlewares/ST/STM32_USB_Device_Library/Core/Src/usbd_core.o
                0x00000000080073e0                USBD_LL_DevConnected
 .text.USBD_LL_DevDisconnected
                0x00000000080073f6       0x38 Middlewares/ST/STM32_USB_Device_Library/Core/Src/usbd_core.o
                0x00000000080073f6                USBD_LL_DevDisconnected
 .text.SWAPBYTE
                0x000000000800742e       0x3c Middlewares/ST/STM32_USB_Device_Library/Core/Src/usbd_ctlreq.o
 *fill*         0x000000000800746a        0x2 
 .text.USBD_StdDevReq
                0x000000000800746c       0xdc Middlewares/ST/STM32_USB_Device_Library/Core/Src/usbd_ctlreq.o
                0x000000000800746c                USBD_StdDevReq
 .text.USBD_StdItfReq
                0x0000000008007548       0x92 Middlewares/ST/STM32_USB_Device_Library/Core/Src/usbd_ctlreq.o
                0x0000000008007548                USBD_StdItfReq
 .text.USBD_StdEPReq
                0x00000000080075da      0x2c4 Middlewares/ST/STM32_USB_Device_Library/Core/Src/usbd_ctlreq.o
                0x00000000080075da                USBD_StdEPReq
 *fill*         0x000000000800789e        0x2 
 .text.USBD_GetDescriptor
                0x00000000080078a0      0x2d4 Middlewares/ST/STM32_USB_Device_Library/Core/Src/usbd_ctlreq.o
 .text.USBD_SetAddress
                0x0000000008007b74       0x88 Middlewares/ST/STM32_USB_Device_Library/Core/Src/usbd_ctlreq.o
 .text.USBD_SetConfig
                0x0000000008007bfc      0x14c Middlewares/ST/STM32_USB_Device_Library/Core/Src/usbd_ctlreq.o
 .text.USBD_GetConfig
                0x0000000008007d48       0x6c Middlewares/ST/STM32_USB_Device_Library/Core/Src/usbd_ctlreq.o
 .text.USBD_GetStatus
                0x0000000008007db4       0x68 Middlewares/ST/STM32_USB_Device_Library/Core/Src/usbd_ctlreq.o
 .text.USBD_SetFeature
                0x0000000008007e1c       0x28 Middlewares/ST/STM32_USB_Device_Library/Core/Src/usbd_ctlreq.o
 .text.USBD_ClrFeature
                0x0000000008007e44       0x44 Middlewares/ST/STM32_USB_Device_Library/Core/Src/usbd_ctlreq.o
 .text.USBD_ParseSetupRequest
                0x0000000008007e88       0x74 Middlewares/ST/STM32_USB_Device_Library/Core/Src/usbd_ctlreq.o
                0x0000000008007e88                USBD_ParseSetupRequest
 .text.USBD_CtlError
                0x0000000008007efc       0x22 Middlewares/ST/STM32_USB_Device_Library/Core/Src/usbd_ctlreq.o
                0x0000000008007efc                USBD_CtlError
 .text.USBD_GetString
                0x0000000008007f1e       0x8c Middlewares/ST/STM32_USB_Device_Library/Core/Src/usbd_ctlreq.o
                0x0000000008007f1e                USBD_GetString
 .text.USBD_GetLen
                0x0000000008007faa       0x34 Middlewares/ST/STM32_USB_Device_Library/Core/Src/usbd_ctlreq.o
 .text.USBD_CtlSendData
                0x0000000008007fde       0x36 Middlewares/ST/STM32_USB_Device_Library/Core/Src/usbd_ioreq.o
                0x0000000008007fde                USBD_CtlSendData
 .text.USBD_CtlContinueSendData
                0x0000000008008014       0x22 Middlewares/ST/STM32_USB_Device_Library/Core/Src/usbd_ioreq.o
                0x0000000008008014                USBD_CtlContinueSendData
 .text.USBD_CtlPrepareRx
                0x0000000008008036       0x3a Middlewares/ST/STM32_USB_Device_Library/Core/Src/usbd_ioreq.o
                0x0000000008008036                USBD_CtlPrepareRx
 .text.USBD_CtlContinueRx
                0x0000000008008070       0x22 Middlewares/ST/STM32_USB_Device_Library/Core/Src/usbd_ioreq.o
                0x0000000008008070                USBD_CtlContinueRx
 .text.USBD_CtlSendStatus
                0x0000000008008092       0x26 Middlewares/ST/STM32_USB_Device_Library/Core/Src/usbd_ioreq.o
                0x0000000008008092                USBD_CtlSendStatus
 .text.USBD_CtlReceiveStatus
                0x00000000080080b8       0x26 Middlewares/ST/STM32_USB_Device_Library/Core/Src/usbd_ioreq.o
                0x00000000080080b8                USBD_CtlReceiveStatus
 *fill*         0x00000000080080de        0x2 
 .text.MX_USB_DEVICE_Init
                0x00000000080080e0       0x60 USB_DEVICE/App/usb_device.o
                0x00000000080080e0                MX_USB_DEVICE_Init
 .text.CDC_Init_FS
                0x0000000008008140       0x28 USB_DEVICE/App/usbd_cdc_if.o
 .text.CDC_DeInit_FS
                0x0000000008008168       0x10 USB_DEVICE/App/usbd_cdc_if.o
 .text.CDC_Control_FS
                0x0000000008008178       0xbc USB_DEVICE/App/usbd_cdc_if.o
 .text.CDC_Receive_FS
                0x0000000008008234       0x28 USB_DEVICE/App/usbd_cdc_if.o
 .text.CDC_Transmit_FS
                0x000000000800825c       0x4c USB_DEVICE/App/usbd_cdc_if.o
                0x000000000800825c                CDC_Transmit_FS
 .text.CDC_TransmitCplt_FS
                0x00000000080082a8       0x22 USB_DEVICE/App/usbd_cdc_if.o
 *fill*         0x00000000080082ca        0x2 
 .text.USBD_FS_DeviceDescriptor
                0x00000000080082cc       0x24 USB_DEVICE/App/usbd_desc.o
                0x00000000080082cc                USBD_FS_DeviceDescriptor
 .text.USBD_FS_LangIDStrDescriptor
                0x00000000080082f0       0x24 USB_DEVICE/App/usbd_desc.o
                0x00000000080082f0                USBD_FS_LangIDStrDescriptor
 .text.USBD_FS_ProductStrDescriptor
                0x0000000008008314       0x3c USB_DEVICE/App/usbd_desc.o
                0x0000000008008314                USBD_FS_ProductStrDescriptor
 .text.USBD_FS_ManufacturerStrDescriptor
                0x0000000008008350       0x28 USB_DEVICE/App/usbd_desc.o
                0x0000000008008350                USBD_FS_ManufacturerStrDescriptor
 .text.USBD_FS_SerialStrDescriptor
                0x0000000008008378       0x24 USB_DEVICE/App/usbd_desc.o
                0x0000000008008378                USBD_FS_SerialStrDescriptor
 .text.USBD_FS_ConfigStrDescriptor
                0x000000000800839c       0x3c USB_DEVICE/App/usbd_desc.o
                0x000000000800839c                USBD_FS_ConfigStrDescriptor
 .text.USBD_FS_InterfaceStrDescriptor
                0x00000000080083d8       0x3c USB_DEVICE/App/usbd_desc.o
                0x00000000080083d8                USBD_FS_InterfaceStrDescriptor
 .text.Get_SerialNum
                0x0000000008008414       0x58 USB_DEVICE/App/usbd_desc.o
 .text.IntToUnicode
                0x000000000800846c       0x7e USB_DEVICE/App/usbd_desc.o
 *fill*         0x00000000080084ea        0x2 
 .text.HAL_PCD_MspInit
                0x00000000080084ec       0xc4 USB_DEVICE/Target/usbd_conf.o
                0x00000000080084ec                HAL_PCD_MspInit
 .text.HAL_PCD_SetupStageCallback
                0x00000000080085b0       0x24 USB_DEVICE/Target/usbd_conf.o
                0x00000000080085b0                HAL_PCD_SetupStageCallback
 .text.HAL_PCD_DataOutStageCallback
                0x00000000080085d4       0x36 USB_DEVICE/Target/usbd_conf.o
                0x00000000080085d4                HAL_PCD_DataOutStageCallback
 .text.HAL_PCD_DataInStageCallback
                0x000000000800860a       0x34 USB_DEVICE/Target/usbd_conf.o
                0x000000000800860a                HAL_PCD_DataInStageCallback
 .text.HAL_PCD_SOFCallback
                0x000000000800863e       0x1c USB_DEVICE/Target/usbd_conf.o
                0x000000000800863e                HAL_PCD_SOFCallback
 .text.HAL_PCD_ResetCallback
                0x000000000800865a       0x50 USB_DEVICE/Target/usbd_conf.o
                0x000000000800865a                HAL_PCD_ResetCallback
 *fill*         0x00000000080086aa        0x2 
 .text.HAL_PCD_SuspendCallback
                0x00000000080086ac       0x4c USB_DEVICE/Target/usbd_conf.o
                0x00000000080086ac                HAL_PCD_SuspendCallback
 .text.HAL_PCD_ResumeCallback
                0x00000000080086f8       0x1c USB_DEVICE/Target/usbd_conf.o
                0x00000000080086f8                HAL_PCD_ResumeCallback
 .text.HAL_PCD_ISOOUTIncompleteCallback
                0x0000000008008714       0x24 USB_DEVICE/Target/usbd_conf.o
                0x0000000008008714                HAL_PCD_ISOOUTIncompleteCallback
 .text.HAL_PCD_ISOINIncompleteCallback
                0x0000000008008738       0x24 USB_DEVICE/Target/usbd_conf.o
                0x0000000008008738                HAL_PCD_ISOINIncompleteCallback
 .text.HAL_PCD_ConnectCallback
                0x000000000800875c       0x1c USB_DEVICE/Target/usbd_conf.o
                0x000000000800875c                HAL_PCD_ConnectCallback
 .text.HAL_PCD_DisconnectCallback
                0x0000000008008778       0x1c USB_DEVICE/Target/usbd_conf.o
                0x0000000008008778                HAL_PCD_DisconnectCallback
 .text.USBD_LL_Init
                0x0000000008008794       0x98 USB_DEVICE/Target/usbd_conf.o
                0x0000000008008794                USBD_LL_Init
 .text.USBD_LL_Start
                0x000000000800882c       0x36 USB_DEVICE/Target/usbd_conf.o
                0x000000000800882c                USBD_LL_Start
 .text.USBD_LL_OpenEP
                0x0000000008008862       0x4c USB_DEVICE/Target/usbd_conf.o
                0x0000000008008862                USBD_LL_OpenEP
 .text.USBD_LL_CloseEP
                0x00000000080088ae       0x3e USB_DEVICE/Target/usbd_conf.o
                0x00000000080088ae                USBD_LL_CloseEP
 .text.USBD_LL_StallEP
                0x00000000080088ec       0x3e USB_DEVICE/Target/usbd_conf.o
                0x00000000080088ec                USBD_LL_StallEP
 .text.USBD_LL_ClearStallEP
                0x000000000800892a       0x3e USB_DEVICE/Target/usbd_conf.o
                0x000000000800892a                USBD_LL_ClearStallEP
 .text.USBD_LL_IsStallEP
                0x0000000008008968       0x58 USB_DEVICE/Target/usbd_conf.o
                0x0000000008008968                USBD_LL_IsStallEP
 .text.USBD_LL_SetUSBAddress
                0x00000000080089c0       0x3e USB_DEVICE/Target/usbd_conf.o
                0x00000000080089c0                USBD_LL_SetUSBAddress
 .text.USBD_LL_Transmit
                0x00000000080089fe       0x42 USB_DEVICE/Target/usbd_conf.o
                0x00000000080089fe                USBD_LL_Transmit
 .text.USBD_LL_PrepareReceive
                0x0000000008008a40       0x42 USB_DEVICE/Target/usbd_conf.o
                0x0000000008008a40                USBD_LL_PrepareReceive
 .text.USBD_LL_GetRxDataSize
                0x0000000008008a82       0x26 USB_DEVICE/Target/usbd_conf.o
                0x0000000008008a82                USBD_LL_GetRxDataSize
 .text.USBD_static_malloc
                0x0000000008008aa8       0x1c USB_DEVICE/Target/usbd_conf.o
                0x0000000008008aa8                USBD_static_malloc
 .text.USBD_static_free
                0x0000000008008ac4       0x14 USB_DEVICE/Target/usbd_conf.o
                0x0000000008008ac4                USBD_static_free
 .text.USBD_Get_USB_Status
                0x0000000008008ad8       0x58 USB_DEVICE/Target/usbd_conf.o
                0x0000000008008ad8                USBD_Get_USB_Status
 .text.__cxa_pure_virtual
                0x0000000008008b30        0x6 /opt/st/stm32cubeide_1.6.1/plugins/com.st.stm32cube.ide.mcu.externaltools.gnu-tools-for-stm32.9-2020-q2-update.linux64_1.5.0.202011040924/tools/bin/../lib/gcc/arm-none-eabi/9.3.1/../../../../arm-none-eabi/lib/thumb/v7e-m+fp/hard/libstdc++_nano.a(pure.o)
                0x0000000008008b30                __cxa_pure_virtual
 .text._ZN10__cxxabiv111__terminateEPFvvE
                0x0000000008008b36        0x8 /opt/st/stm32cubeide_1.6.1/plugins/com.st.stm32cube.ide.mcu.externaltools.gnu-tools-for-stm32.9-2020-q2-update.linux64_1.5.0.202011040924/tools/bin/../lib/gcc/arm-none-eabi/9.3.1/../../../../arm-none-eabi/lib/thumb/v7e-m+fp/hard/libstdc++_nano.a(eh_terminate.o)
                0x0000000008008b36                __cxxabiv1::__terminate(void (*)())
 *fill*         0x0000000008008b3e        0x2 
 .text._ZSt13get_terminatev
                0x0000000008008b40       0x10 /opt/st/stm32cubeide_1.6.1/plugins/com.st.stm32cube.ide.mcu.externaltools.gnu-tools-for-stm32.9-2020-q2-update.linux64_1.5.0.202011040924/tools/bin/../lib/gcc/arm-none-eabi/9.3.1/../../../../arm-none-eabi/lib/thumb/v7e-m+fp/hard/libstdc++_nano.a(eh_terminate.o)
                0x0000000008008b40                std::get_terminate()
 .text._ZSt9terminatev
                0x0000000008008b50        0xa /opt/st/stm32cubeide_1.6.1/plugins/com.st.stm32cube.ide.mcu.externaltools.gnu-tools-for-stm32.9-2020-q2-update.linux64_1.5.0.202011040924/tools/bin/../lib/gcc/arm-none-eabi/9.3.1/../../../../arm-none-eabi/lib/thumb/v7e-m+fp/hard/libstdc++_nano.a(eh_terminate.o)
                0x0000000008008b50                std::terminate()
 .text.abort    0x0000000008008b5a        0xe /opt/st/stm32cubeide_1.6.1/plugins/com.st.stm32cube.ide.mcu.externaltools.gnu-tools-for-stm32.9-2020-q2-update.linux64_1.5.0.202011040924/tools/bin/../lib/gcc/arm-none-eabi/9.3.1/../../../../arm-none-eabi/lib/thumb/v7e-m+fp/hard/libc_nano.a(lib_a-abort.o)
                0x0000000008008b5a                abort
 .text.__errno  0x0000000008008b68        0xc /opt/st/stm32cubeide_1.6.1/plugins/com.st.stm32cube.ide.mcu.externaltools.gnu-tools-for-stm32.9-2020-q2-update.linux64_1.5.0.202011040924/tools/bin/../lib/gcc/arm-none-eabi/9.3.1/../../../../arm-none-eabi/lib/thumb/v7e-m+fp/hard/libc_nano.a(lib_a-errno.o)
                0x0000000008008b68                __errno
 .text.__libc_init_array
                0x0000000008008b74       0x48 /opt/st/stm32cubeide_1.6.1/plugins/com.st.stm32cube.ide.mcu.externaltools.gnu-tools-for-stm32.9-2020-q2-update.linux64_1.5.0.202011040924/tools/bin/../lib/gcc/arm-none-eabi/9.3.1/../../../../arm-none-eabi/lib/thumb/v7e-m+fp/hard/libc_nano.a(lib_a-init.o)
                0x0000000008008b74                __libc_init_array
 .text.memcpy   0x0000000008008bbc       0x1c /opt/st/stm32cubeide_1.6.1/plugins/com.st.stm32cube.ide.mcu.externaltools.gnu-tools-for-stm32.9-2020-q2-update.linux64_1.5.0.202011040924/tools/bin/../lib/gcc/arm-none-eabi/9.3.1/../../../../arm-none-eabi/lib/thumb/v7e-m+fp/hard/libc_nano.a(lib_a-memcpy-stub.o)
                0x0000000008008bbc                memcpy
 .text.memset   0x0000000008008bd8       0x10 /opt/st/stm32cubeide_1.6.1/plugins/com.st.stm32cube.ide.mcu.externaltools.gnu-tools-for-stm32.9-2020-q2-update.linux64_1.5.0.202011040924/tools/bin/../lib/gcc/arm-none-eabi/9.3.1/../../../../arm-none-eabi/lib/thumb/v7e-m+fp/hard/libc_nano.a(lib_a-memset.o)
                0x0000000008008bd8                memset
 .text._raise_r
                0x0000000008008be8       0x50 /opt/st/stm32cubeide_1.6.1/plugins/com.st.stm32cube.ide.mcu.externaltools.gnu-tools-for-stm32.9-2020-q2-update.linux64_1.5.0.202011040924/tools/bin/../lib/gcc/arm-none-eabi/9.3.1/../../../../arm-none-eabi/lib/thumb/v7e-m+fp/hard/libc_nano.a(lib_a-signal.o)
                0x0000000008008be8                _raise_r
 .text.raise    0x0000000008008c38       0x10 /opt/st/stm32cubeide_1.6.1/plugins/com.st.stm32cube.ide.mcu.externaltools.gnu-tools-for-stm32.9-2020-q2-update.linux64_1.5.0.202011040924/tools/bin/../lib/gcc/arm-none-eabi/9.3.1/../../../../arm-none-eabi/lib/thumb/v7e-m+fp/hard/libc_nano.a(lib_a-signal.o)
                0x0000000008008c38                raise
 .text._kill_r  0x0000000008008c48       0x24 /opt/st/stm32cubeide_1.6.1/plugins/com.st.stm32cube.ide.mcu.externaltools.gnu-tools-for-stm32.9-2020-q2-update.linux64_1.5.0.202011040924/tools/bin/../lib/gcc/arm-none-eabi/9.3.1/../../../../arm-none-eabi/lib/thumb/v7e-m+fp/hard/libc_nano.a(lib_a-signalr.o)
                0x0000000008008c48                _kill_r
 .text._getpid_r
                0x0000000008008c6c        0x4 /opt/st/stm32cubeide_1.6.1/plugins/com.st.stm32cube.ide.mcu.externaltools.gnu-tools-for-stm32.9-2020-q2-update.linux64_1.5.0.202011040924/tools/bin/../lib/gcc/arm-none-eabi/9.3.1/../../../../arm-none-eabi/lib/thumb/v7e-m+fp/hard/libc_nano.a(lib_a-signalr.o)
                0x0000000008008c6c                _getpid_r
 *(.glue_7)
 .glue_7        0x0000000008008c70        0x0 linker stubs
 *(.glue_7t)
 .glue_7t       0x0000000008008c70        0x0 linker stubs
 *(.eh_frame)
 .eh_frame      0x0000000008008c70        0x0 /opt/st/stm32cubeide_1.6.1/plugins/com.st.stm32cube.ide.mcu.externaltools.gnu-tools-for-stm32.9-2020-q2-update.linux64_1.5.0.202011040924/tools/bin/../lib/gcc/arm-none-eabi/9.3.1/thumb/v7e-m+fp/hard/crtbegin.o
 *(.init)
 .init          0x0000000008008c70        0x4 /opt/st/stm32cubeide_1.6.1/plugins/com.st.stm32cube.ide.mcu.externaltools.gnu-tools-for-stm32.9-2020-q2-update.linux64_1.5.0.202011040924/tools/bin/../lib/gcc/arm-none-eabi/9.3.1/thumb/v7e-m+fp/hard/crti.o
                0x0000000008008c70                _init
 .init          0x0000000008008c74        0x8 /opt/st/stm32cubeide_1.6.1/plugins/com.st.stm32cube.ide.mcu.externaltools.gnu-tools-for-stm32.9-2020-q2-update.linux64_1.5.0.202011040924/tools/bin/../lib/gcc/arm-none-eabi/9.3.1/thumb/v7e-m+fp/hard/crtn.o
 *(.fini)
 .fini          0x0000000008008c7c        0x4 /opt/st/stm32cubeide_1.6.1/plugins/com.st.stm32cube.ide.mcu.externaltools.gnu-tools-for-stm32.9-2020-q2-update.linux64_1.5.0.202011040924/tools/bin/../lib/gcc/arm-none-eabi/9.3.1/thumb/v7e-m+fp/hard/crti.o
                0x0000000008008c7c                _fini
 .fini          0x0000000008008c80        0x8 /opt/st/stm32cubeide_1.6.1/plugins/com.st.stm32cube.ide.mcu.externaltools.gnu-tools-for-stm32.9-2020-q2-update.linux64_1.5.0.202011040924/tools/bin/../lib/gcc/arm-none-eabi/9.3.1/thumb/v7e-m+fp/hard/crtn.o
                0x0000000008008c88                . = ALIGN (0x4)
                0x0000000008008c88                _etext = .

.vfp11_veneer   0x0000000008008c88        0x0
 .vfp11_veneer  0x0000000008008c88        0x0 linker stubs

.v4_bx          0x0000000008008c88        0x0
 .v4_bx         0x0000000008008c88        0x0 linker stubs

.iplt           0x0000000008008c88        0x0
 .iplt          0x0000000008008c88        0x0 /opt/st/stm32cubeide_1.6.1/plugins/com.st.stm32cube.ide.mcu.externaltools.gnu-tools-for-stm32.9-2020-q2-update.linux64_1.5.0.202011040924/tools/bin/../lib/gcc/arm-none-eabi/9.3.1/thumb/v7e-m+fp/hard/crtbegin.o

.rodata         0x0000000008008c88       0xa4
                0x0000000008008c88                . = ALIGN (0x4)
 *(.rodata)
 .rodata        0x0000000008008c88        0xc Core/Src/main.o
 .rodata        0x0000000008008c94       0x46 USB_DEVICE/App/usbd_desc.o
 *(.rodata*)
 *fill*         0x0000000008008cda        0x2 
 .rodata._ZTVN3EMP9MP_ST_usbI14_packLinux2Ard14_packArd2LinuxLb1ELt16ELt4EEE
                0x0000000008008cdc       0x1c Core/Src/main.o
                0x0000000008008cdc                vtable for EMP::MP_ST_usb<_packLinux2Ard, _packArd2Linux, true, (unsigned short)16, (unsigned short)4>
 .rodata._ZTVN3EMP2MPI14_packLinux2Ard14_packArd2LinuxLb1ELt16ELt4EEE
                0x0000000008008cf8       0x1c Core/Src/main.o
                0x0000000008008cf8                vtable for EMP::MP<_packLinux2Ard, _packArd2Linux, true, (unsigned short)16, (unsigned short)4>
 .rodata.AHBPrescTable
                0x0000000008008d14       0x10 Core/Src/system_stm32f4xx.o
                0x0000000008008d14                AHBPrescTable
 .rodata.APBPrescTable
                0x0000000008008d24        0x8 Core/Src/system_stm32f4xx.o
                0x0000000008008d24                APBPrescTable
                0x0000000008008d2c                . = ALIGN (0x4)

.ARM.extab      0x0000000008008d2c        0x0
                0x0000000008008d2c                . = ALIGN (0x4)
 *(.ARM.extab* .gnu.linkonce.armextab.*)
                0x0000000008008d2c                . = ALIGN (0x4)

.ARM            0x0000000008008d2c        0x8
                0x0000000008008d2c                . = ALIGN (0x4)
                0x0000000008008d2c                __exidx_start = .
 *(.ARM.exidx*)
 .ARM.exidx     0x0000000008008d2c        0x8 /opt/st/stm32cubeide_1.6.1/plugins/com.st.stm32cube.ide.mcu.externaltools.gnu-tools-for-stm32.9-2020-q2-update.linux64_1.5.0.202011040924/tools/bin/../lib/gcc/arm-none-eabi/9.3.1/thumb/v7e-m+fp/hard/libgcc.a(_udivmoddi4.o)
                0x0000000008008d34                __exidx_end = .
                0x0000000008008d34                . = ALIGN (0x4)

.rel.dyn        0x0000000008008d34        0x0
 .rel.iplt      0x0000000008008d34        0x0 /opt/st/stm32cubeide_1.6.1/plugins/com.st.stm32cube.ide.mcu.externaltools.gnu-tools-for-stm32.9-2020-q2-update.linux64_1.5.0.202011040924/tools/bin/../lib/gcc/arm-none-eabi/9.3.1/thumb/v7e-m+fp/hard/crtbegin.o

.preinit_array  0x0000000008008d34        0x0
                0x0000000008008d34                . = ALIGN (0x4)
                0x0000000008008d34                PROVIDE (__preinit_array_start = .)
 *(.preinit_array*)
                0x0000000008008d34                PROVIDE (__preinit_array_end = .)
                0x0000000008008d34                . = ALIGN (0x4)

.init_array     0x0000000008008d34        0x8
                0x0000000008008d34                . = ALIGN (0x4)
                0x0000000008008d34                PROVIDE (__init_array_start = .)
 *(SORT_BY_NAME(.init_array.*))
 *(.init_array*)
 .init_array    0x0000000008008d34        0x4 /opt/st/stm32cubeide_1.6.1/plugins/com.st.stm32cube.ide.mcu.externaltools.gnu-tools-for-stm32.9-2020-q2-update.linux64_1.5.0.202011040924/tools/bin/../lib/gcc/arm-none-eabi/9.3.1/thumb/v7e-m+fp/hard/crtbegin.o
 .init_array    0x0000000008008d38        0x4 Core/Src/main.o
                0x0000000008008d3c                PROVIDE (__init_array_end = .)
                0x0000000008008d3c                . = ALIGN (0x4)

.fini_array     0x0000000008008d3c        0x8
                0x0000000008008d3c                . = ALIGN (0x4)
                [!provide]                        PROVIDE (__fini_array_start = .)
 *(SORT_BY_NAME(.fini_array.*))
 *(.fini_array*)
 .fini_array    0x0000000008008d3c        0x4 /opt/st/stm32cubeide_1.6.1/plugins/com.st.stm32cube.ide.mcu.externaltools.gnu-tools-for-stm32.9-2020-q2-update.linux64_1.5.0.202011040924/tools/bin/../lib/gcc/arm-none-eabi/9.3.1/thumb/v7e-m+fp/hard/crtbegin.o
 .fini_array    0x0000000008008d40        0x4 Core/Src/main.o
                [!provide]                        PROVIDE (__fini_array_end = .)
                0x0000000008008d44                . = ALIGN (0x4)
                0x0000000008008d44                _sidata = LOADADDR (.data)

.data           0x0000000020000000      0x1e8 load address 0x0000000008008d44
                0x0000000020000000                . = ALIGN (0x4)
                0x0000000020000000                _sdata = .
 *(.data)
 *(.data*)
 .data.SystemCoreClock
                0x0000000020000000        0x4 Core/Src/system_stm32f4xx.o
                0x0000000020000000                SystemCoreClock
 .data.uwTickPrio
                0x0000000020000004        0x4 Drivers/STM32F4xx_HAL_Driver/Src/stm32f4xx_hal.o
                0x0000000020000004                uwTickPrio
 .data.uwTickFreq
                0x0000000020000008        0x1 Drivers/STM32F4xx_HAL_Driver/Src/stm32f4xx_hal.o
                0x0000000020000008                uwTickFreq
 *fill*         0x0000000020000009        0x3 
 .data.USBD_CDC_DeviceQualifierDesc
                0x000000002000000c        0xa Middlewares/ST/STM32_USB_Device_Library/Class/CDC/Src/usbd_cdc.o
 *fill*         0x0000000020000016        0x2 
 .data.USBD_CDC
                0x0000000020000018       0x38 Middlewares/ST/STM32_USB_Device_Library/Class/CDC/Src/usbd_cdc.o
                0x0000000020000018                USBD_CDC
 .data.USBD_CDC_CfgHSDesc
                0x0000000020000050       0x43 Middlewares/ST/STM32_USB_Device_Library/Class/CDC/Src/usbd_cdc.o
 *fill*         0x0000000020000093        0x1 
 .data.USBD_CDC_CfgFSDesc
                0x0000000020000094       0x43 Middlewares/ST/STM32_USB_Device_Library/Class/CDC/Src/usbd_cdc.o
 *fill*         0x00000000200000d7        0x1 
 .data.USBD_CDC_OtherSpeedCfgDesc
                0x00000000200000d8       0x43 Middlewares/ST/STM32_USB_Device_Library/Class/CDC/Src/usbd_cdc.o
 *fill*         0x000000002000011b        0x1 
 .data.USBD_Interface_fops_FS
                0x000000002000011c       0x14 USB_DEVICE/App/usbd_cdc_if.o
                0x000000002000011c                USBD_Interface_fops_FS
 .data.FS_Desc  0x0000000020000130       0x1c USB_DEVICE/App/usbd_desc.o
                0x0000000020000130                FS_Desc
 .data.USBD_FS_DeviceDesc
                0x000000002000014c       0x12 USB_DEVICE/App/usbd_desc.o
                0x000000002000014c                USBD_FS_DeviceDesc
 *fill*         0x000000002000015e        0x2 
 .data.USBD_LangIDDesc
                0x0000000020000160        0x4 USB_DEVICE/App/usbd_desc.o
                0x0000000020000160                USBD_LangIDDesc
 .data.USBD_StringSerial
                0x0000000020000164       0x1a USB_DEVICE/App/usbd_desc.o
                0x0000000020000164                USBD_StringSerial
 *fill*         0x000000002000017e        0x2 
 .data._ZN10__cxxabiv119__terminate_handlerE
                0x0000000020000180        0x4 /opt/st/stm32cubeide_1.6.1/plugins/com.st.stm32cube.ide.mcu.externaltools.gnu-tools-for-stm32.9-2020-q2-update.linux64_1.5.0.202011040924/tools/bin/../lib/gcc/arm-none-eabi/9.3.1/../../../../arm-none-eabi/lib/thumb/v7e-m+fp/hard/libstdc++_nano.a(eh_term_handler.o)
                0x0000000020000180                __cxxabiv1::__terminate_handler
 .data._impure_ptr
                0x0000000020000184        0x4 /opt/st/stm32cubeide_1.6.1/plugins/com.st.stm32cube.ide.mcu.externaltools.gnu-tools-for-stm32.9-2020-q2-update.linux64_1.5.0.202011040924/tools/bin/../lib/gcc/arm-none-eabi/9.3.1/../../../../arm-none-eabi/lib/thumb/v7e-m+fp/hard/libc_nano.a(lib_a-impure.o)
                0x0000000020000184                _impure_ptr
 .data.impure_data
                0x0000000020000188       0x60 /opt/st/stm32cubeide_1.6.1/plugins/com.st.stm32cube.ide.mcu.externaltools.gnu-tools-for-stm32.9-2020-q2-update.linux64_1.5.0.202011040924/tools/bin/../lib/gcc/arm-none-eabi/9.3.1/../../../../arm-none-eabi/lib/thumb/v7e-m+fp/hard/libc_nano.a(lib_a-impure.o)
 *(.RamFunc)
 *(.RamFunc*)
                0x00000000200001e8                . = ALIGN (0x4)
                0x00000000200001e8                _edata = .

.igot.plt       0x00000000200001e8        0x0 load address 0x0000000008008f2c
 .igot.plt      0x00000000200001e8        0x0 /opt/st/stm32cubeide_1.6.1/plugins/com.st.stm32cube.ide.mcu.externaltools.gnu-tools-for-stm32.9-2020-q2-update.linux64_1.5.0.202011040924/tools/bin/../lib/gcc/arm-none-eabi/9.3.1/thumb/v7e-m+fp/hard/crtbegin.o
                0x00000000200001e8                . = ALIGN (0x4)

.bss            0x00000000200001e8     0x1f84 load address 0x0000000008008f2c
                0x00000000200001e8                _sbss = .
                0x00000000200001e8                __bss_start__ = _sbss
 *(.bss)
 .bss           0x00000000200001e8       0x1c /opt/st/stm32cubeide_1.6.1/plugins/com.st.stm32cube.ide.mcu.externaltools.gnu-tools-for-stm32.9-2020-q2-update.linux64_1.5.0.202011040924/tools/bin/../lib/gcc/arm-none-eabi/9.3.1/thumb/v7e-m+fp/hard/crtbegin.o
 *(.bss*)
 .bss.hi2c1     0x0000000020000204       0x54 Core/Src/main.o
                0x0000000020000204                hi2c1
 .bss.hi2s3     0x0000000020000258       0x48 Core/Src/main.o
                0x0000000020000258                hi2s3
 .bss.hspi1     0x00000000200002a0       0x58 Core/Src/main.o
                0x00000000200002a0                hspi1
 .bss.MP_St     0x00000000200002f8      0x36c Core/Src/main.o
                0x00000000200002f8                MP_St
 .bss._ZN3EMP9MP_ST_usbI14_packLinux2Ard14_packArd2LinuxLb1ELt16ELt4EE8instanceE
                0x0000000020000664        0x4 Core/Src/main.o
                0x0000000020000664                EMP::MP_ST_usb<_packLinux2Ard, _packArd2Linux, true, (unsigned short)16, (unsigned short)4>::instance
 .bss.cfgidx.10403
                0x0000000020000668        0x1 Middlewares/ST/STM32_USB_Device_Library/Core/Src/usbd_ctlreq.o
 *fill*         0x0000000020000669        0x3 
 .bss.mem.10472
                0x000000002000066c      0x220 USB_DEVICE/Target/usbd_conf.o
 *(COMMON)
 COMMON         0x000000002000088c        0x4 Drivers/STM32F4xx_HAL_Driver/Src/stm32f4xx_hal.o
                0x000000002000088c                uwTick
 COMMON         0x0000000020000890      0x2d0 USB_DEVICE/App/usb_device.o
                0x0000000020000890                hUsbDeviceFS
 COMMON         0x0000000020000b60     0x1000 USB_DEVICE/App/usbd_cdc_if.o
                0x0000000020000b60                UserRxBufferFS
                0x0000000020001360                UserTxBufferFS
 COMMON         0x0000000020001b60      0x200 USB_DEVICE/App/usbd_desc.o
                0x0000000020001b60                USBD_StrDesc
 COMMON         0x0000000020001d60      0x408 USB_DEVICE/Target/usbd_conf.o
                0x0000000020001d60                hpcd_USB_OTG_FS
 COMMON         0x0000000020002168        0x4 /opt/st/stm32cubeide_1.6.1/plugins/com.st.stm32cube.ide.mcu.externaltools.gnu-tools-for-stm32.9-2020-q2-update.linux64_1.5.0.202011040924/tools/bin/../lib/gcc/arm-none-eabi/9.3.1/../../../../arm-none-eabi/lib/thumb/v7e-m+fp/hard/libc_nano.a(lib_a-reent.o)
                0x0000000020002168                errno
                0x000000002000216c                . = ALIGN (0x4)
                0x000000002000216c                _ebss = .
                0x000000002000216c                __bss_end__ = _ebss

._user_heap_stack
                0x000000002000216c      0x604 load address 0x0000000008008f2c
                0x0000000020002170                . = ALIGN (0x8)
 *fill*         0x000000002000216c        0x4 
                [!provide]                        PROVIDE (end = .)
                0x0000000020002170                PROVIDE (_end = .)
                0x0000000020002370                . = (. + _Min_Heap_Size)
 *fill*         0x0000000020002170      0x200 
                0x0000000020002770                . = (. + _Min_Stack_Size)
 *fill*         0x0000000020002370      0x400 
                0x0000000020002770                . = ALIGN (0x8)

/DISCARD/
 libc.a(*)
 libm.a(*)
 libgcc.a(*)

.ARM.attributes
                0x0000000000000000       0x30
 *(.ARM.attributes)
 .ARM.attributes
                0x0000000000000000       0x1e /opt/st/stm32cubeide_1.6.1/plugins/com.st.stm32cube.ide.mcu.externaltools.gnu-tools-for-stm32.9-2020-q2-update.linux64_1.5.0.202011040924/tools/bin/../lib/gcc/arm-none-eabi/9.3.1/thumb/v7e-m+fp/hard/crti.o
 .ARM.attributes
                0x000000000000001e       0x34 /opt/st/stm32cubeide_1.6.1/plugins/com.st.stm32cube.ide.mcu.externaltools.gnu-tools-for-stm32.9-2020-q2-update.linux64_1.5.0.202011040924/tools/bin/../lib/gcc/arm-none-eabi/9.3.1/thumb/v7e-m+fp/hard/crtbegin.o
 .ARM.attributes
                0x0000000000000052       0x34 Core/Src/main.o
 .ARM.attributes
                0x0000000000000086       0x34 Core/Src/stm32f4xx_hal_msp.o
 .ARM.attributes
                0x00000000000000ba       0x34 Core/Src/stm32f4xx_it.o
 .ARM.attributes
                0x00000000000000ee       0x34 Core/Src/syscalls.o
 .ARM.attributes
                0x0000000000000122       0x34 Core/Src/system_stm32f4xx.o
 .ARM.attributes
                0x0000000000000156       0x21 Core/Startup/startup_stm32f407vgtx.o
 .ARM.attributes
                0x0000000000000177       0x34 Drivers/STM32F4xx_HAL_Driver/Src/stm32f4xx_hal.o
 .ARM.attributes
                0x00000000000001ab       0x34 Drivers/STM32F4xx_HAL_Driver/Src/stm32f4xx_hal_cortex.o
 .ARM.attributes
                0x00000000000001df       0x34 Drivers/STM32F4xx_HAL_Driver/Src/stm32f4xx_hal_gpio.o
 .ARM.attributes
                0x0000000000000213       0x34 Drivers/STM32F4xx_HAL_Driver/Src/stm32f4xx_hal_i2c.o
 .ARM.attributes
                0x0000000000000247       0x34 Drivers/STM32F4xx_HAL_Driver/Src/stm32f4xx_hal_i2s.o
 .ARM.attributes
                0x000000000000027b       0x34 Drivers/STM32F4xx_HAL_Driver/Src/stm32f4xx_hal_i2s_ex.o
 .ARM.attributes
                0x00000000000002af       0x34 Drivers/STM32F4xx_HAL_Driver/Src/stm32f4xx_hal_pcd.o
 .ARM.attributes
                0x00000000000002e3       0x34 Drivers/STM32F4xx_HAL_Driver/Src/stm32f4xx_hal_pcd_ex.o
 .ARM.attributes
                0x0000000000000317       0x34 Drivers/STM32F4xx_HAL_Driver/Src/stm32f4xx_hal_rcc.o
 .ARM.attributes
                0x000000000000034b       0x34 Drivers/STM32F4xx_HAL_Driver/Src/stm32f4xx_hal_rcc_ex.o
 .ARM.attributes
                0x000000000000037f       0x34 Drivers/STM32F4xx_HAL_Driver/Src/stm32f4xx_hal_spi.o
 .ARM.attributes
                0x00000000000003b3       0x34 Drivers/STM32F4xx_HAL_Driver/Src/stm32f4xx_ll_usb.o
 .ARM.attributes
                0x00000000000003e7       0x34 EMPlibs/MPcore/cobs-c/cobs.o
 .ARM.attributes
                0x000000000000041b       0x34 EMPlibs/MPcore/crc8/crc8.o
 .ARM.attributes
                0x000000000000044f       0x34 Middlewares/ST/STM32_USB_Device_Library/Class/CDC/Src/usbd_cdc.o
 .ARM.attributes
                0x0000000000000483       0x34 Middlewares/ST/STM32_USB_Device_Library/Core/Src/usbd_core.o
 .ARM.attributes
                0x00000000000004b7       0x34 Middlewares/ST/STM32_USB_Device_Library/Core/Src/usbd_ctlreq.o
 .ARM.attributes
                0x00000000000004eb       0x34 Middlewares/ST/STM32_USB_Device_Library/Core/Src/usbd_ioreq.o
 .ARM.attributes
                0x000000000000051f       0x34 USB_DEVICE/App/usb_device.o
 .ARM.attributes
                0x0000000000000553       0x34 USB_DEVICE/App/usbd_cdc_if.o
 .ARM.attributes
                0x0000000000000587       0x34 USB_DEVICE/App/usbd_desc.o
 .ARM.attributes
                0x00000000000005bb       0x34 USB_DEVICE/Target/usbd_conf.o
 .ARM.attributes
                0x00000000000005ef       0x34 /opt/st/stm32cubeide_1.6.1/plugins/com.st.stm32cube.ide.mcu.externaltools.gnu-tools-for-stm32.9-2020-q2-update.linux64_1.5.0.202011040924/tools/bin/../lib/gcc/arm-none-eabi/9.3.1/../../../../arm-none-eabi/lib/thumb/v7e-m+fp/hard/libstdc++_nano.a(pure.o)
 .ARM.attributes
                0x0000000000000623       0x34 /opt/st/stm32cubeide_1.6.1/plugins/com.st.stm32cube.ide.mcu.externaltools.gnu-tools-for-stm32.9-2020-q2-update.linux64_1.5.0.202011040924/tools/bin/../lib/gcc/arm-none-eabi/9.3.1/../../../../arm-none-eabi/lib/thumb/v7e-m+fp/hard/libstdc++_nano.a(eh_terminate.o)
 .ARM.attributes
                0x0000000000000657       0x32 /opt/st/stm32cubeide_1.6.1/plugins/com.st.stm32cube.ide.mcu.externaltools.gnu-tools-for-stm32.9-2020-q2-update.linux64_1.5.0.202011040924/tools/bin/../lib/gcc/arm-none-eabi/9.3.1/../../../../arm-none-eabi/lib/thumb/v7e-m+fp/hard/libstdc++_nano.a(eh_term_handler.o)
 .ARM.attributes
                0x0000000000000689       0x34 /opt/st/stm32cubeide_1.6.1/plugins/com.st.stm32cube.ide.mcu.externaltools.gnu-tools-for-stm32.9-2020-q2-update.linux64_1.5.0.202011040924/tools/bin/../lib/gcc/arm-none-eabi/9.3.1/../../../../arm-none-eabi/lib/thumb/v7e-m+fp/hard/libc_nano.a(lib_a-abort.o)
 .ARM.attributes
                0x00000000000006bd       0x34 /opt/st/stm32cubeide_1.6.1/plugins/com.st.stm32cube.ide.mcu.externaltools.gnu-tools-for-stm32.9-2020-q2-update.linux64_1.5.0.202011040924/tools/bin/../lib/gcc/arm-none-eabi/9.3.1/../../../../arm-none-eabi/lib/thumb/v7e-m+fp/hard/libc_nano.a(lib_a-errno.o)
 .ARM.attributes
                0x00000000000006f1       0x32 /opt/st/stm32cubeide_1.6.1/plugins/com.st.stm32cube.ide.mcu.externaltools.gnu-tools-for-stm32.9-2020-q2-update.linux64_1.5.0.202011040924/tools/bin/../lib/gcc/arm-none-eabi/9.3.1/../../../../arm-none-eabi/lib/thumb/v7e-m+fp/hard/libc_nano.a(lib_a-impure.o)
 .ARM.attributes
                0x0000000000000723       0x34 /opt/st/stm32cubeide_1.6.1/plugins/com.st.stm32cube.ide.mcu.externaltools.gnu-tools-for-stm32.9-2020-q2-update.linux64_1.5.0.202011040924/tools/bin/../lib/gcc/arm-none-eabi/9.3.1/../../../../arm-none-eabi/lib/thumb/v7e-m+fp/hard/libc_nano.a(lib_a-init.o)
 .ARM.attributes
                0x0000000000000757       0x34 /opt/st/stm32cubeide_1.6.1/plugins/com.st.stm32cube.ide.mcu.externaltools.gnu-tools-for-stm32.9-2020-q2-update.linux64_1.5.0.202011040924/tools/bin/../lib/gcc/arm-none-eabi/9.3.1/../../../../arm-none-eabi/lib/thumb/v7e-m+fp/hard/libc_nano.a(lib_a-memcpy-stub.o)
 .ARM.attributes
                0x000000000000078b       0x34 /opt/st/stm32cubeide_1.6.1/plugins/com.st.stm32cube.ide.mcu.externaltools.gnu-tools-for-stm32.9-2020-q2-update.linux64_1.5.0.202011040924/tools/bin/../lib/gcc/arm-none-eabi/9.3.1/../../../../arm-none-eabi/lib/thumb/v7e-m+fp/hard/libc_nano.a(lib_a-memset.o)
 .ARM.attributes
                0x00000000000007bf       0x34 /opt/st/stm32cubeide_1.6.1/plugins/com.st.stm32cube.ide.mcu.externaltools.gnu-tools-for-stm32.9-2020-q2-update.linux64_1.5.0.202011040924/tools/bin/../lib/gcc/arm-none-eabi/9.3.1/../../../../arm-none-eabi/lib/thumb/v7e-m+fp/hard/libc_nano.a(lib_a-signal.o)
 .ARM.attributes
                0x00000000000007f3       0x34 /opt/st/stm32cubeide_1.6.1/plugins/com.st.stm32cube.ide.mcu.externaltools.gnu-tools-for-stm32.9-2020-q2-update.linux64_1.5.0.202011040924/tools/bin/../lib/gcc/arm-none-eabi/9.3.1/../../../../arm-none-eabi/lib/thumb/v7e-m+fp/hard/libc_nano.a(lib_a-signalr.o)
 .ARM.attributes
                0x0000000000000827       0x34 /opt/st/stm32cubeide_1.6.1/plugins/com.st.stm32cube.ide.mcu.externaltools.gnu-tools-for-stm32.9-2020-q2-update.linux64_1.5.0.202011040924/tools/bin/../lib/gcc/arm-none-eabi/9.3.1/../../../../arm-none-eabi/lib/thumb/v7e-m+fp/hard/libc_nano.a(lib_a-reent.o)
 .ARM.attributes