main.cpp:79:5:int main()	48	static
main.cpp:133:6:void SystemClock_Config()	104	static
main.cpp:181:13:void MX_I2C1_Init()	8	static
main.cpp:213:13:void MX_I2S3_Init()	8	static
main.cpp:245:13:void MX_SPI1_Init()	8	static
main.cpp:281:13:void MX_GPIO_Init()	56	static
main.cpp:375:6:void Error_Handler()	4	static,ignoring_inline_asm
MP_ST_usb.h:55:1:EMP::MP_ST_usb<pIn, pOut, CRC8_enable, cdBinStore, cbPackStore>::MP_ST_usb() [with pIn = _packLinux2Ard; pOut = _packArd2Linux; bool CRC8_enable = true; short unsigned int cdBinStore = 8; short unsigned int cbPackStore = 4]	16	static
MP.h:93:15:EMP::MP<pIn, pOut, CRC8_enable, cdBinStore, cbPackStore>::MP() [with pIn = _packLinux2Ard; pOut = _packArd2Linux; bool CRC8_enable = true; short unsigned int cdBinStore = 8; short unsigned int cbPackStore = 4]	16	static
CircularBuffer.h:92:36:CircularBuffer<T, nElem>::CircularBuffer() [with T = unsigned char; short unsigned int nElem = 184]	16	static
CircularBuffer.h:98:41:void CircularBuffer<T, nElem>::memClean() [with T = unsigned char; short unsigned int nElem = 184]	24	static
MP_ST_usb.h:114:21:static int8_t EMP::MP_ST_usb<pIn, pOut, CRC8_enable, cdBinStore, cbPackStore>::isrRead(uint8_t*, uint32_t*) [with pIn = _packLinux2Ard; pOut = _packArd2Linux; bool CRC8_enable = true; short unsigned int cdBinStore = 8; short unsigned int cbPackStore = 4]	24	static
MP_ST_usb.h:85:21:static int8_t EMP::MP_ST_usb<pIn, pOut, CRC8_enable, cdBinStore, cbPackStore>::isrSendNotify(uint8_t*, uint32_t*, uint8_t) [with pIn = _packLinux2Ard; pOut = _packArd2Linux; bool CRC8_enable = true; short unsigned int cdBinStore = 8; short unsigned int cbPackStore = 4]	32	static
MP.h:111:19:int EMP::MP<pIn, pOut, CRC8_enable, cdBinStore, cbPackStore>::packSend(pOut*, uint16_t) [with pIn = _packLinux2Ard; pOut = _packArd2Linux; bool CRC8_enable = true; short unsigned int cdBinStore = 8; short unsigned int cbPackStore = 4]	88	dynamic
CircularBuffer.h:92:36:CircularBuffer<T, nElem>::CircularBuffer() [with T = _packLinux2Ard; short unsigned int nElem = 4]	16	static
MP.h:95:20:void EMP::MP<pIn, pOut, CRC8_enable, cdBinStore, cbPackStore>::bufClear() [with pIn = _packLinux2Ard; pOut = _packArd2Linux; bool CRC8_enable = true; short unsigned int cdBinStore = 8; short unsigned int cbPackStore = 4]	16	static
CircularBuffer.h:104:48:void CircularBuffer<T, nElem>::reset() [with T = unsigned char; short unsigned int nElem = 184]	16	static
CircularBuffer.h:132:45:uint16_t CircularBuffer<T, nElem>::putArray(T*, uint16_t) [with T = unsigned char; short unsigned int nElem = 184]	24	static
MP.h:155:24:uint16_t EMP::MP<pIn, pOut, CRC8_enable, cdBinStore, cbPackStore>::byteParsing() [with pIn = _packLinux2Ard; pOut = _packArd2Linux; bool CRC8_enable = true; short unsigned int cdBinStore = 8; short unsigned int cbPackStore = 4]	88	dynamic
CircularBuffer.h:247:52:uint16_t CircularBuffer<T, nElem>::usedSpace() const [with T = unsigned char; short unsigned int nElem = 184]	16	static
CircularBuffer.h:257:52:uint16_t CircularBuffer<T, nElem>::usedSpaceLinear() const [with T = unsigned char; short unsigned int nElem = 184]	16	static
CircularBuffer.h:219:46:T* CircularBuffer<T, nElem>::getTailPtr() [with T = unsigned char; short unsigned int nElem = 184]	16	static
CircularBuffer.h:295:52:uint16_t CircularBuffer<T, nElem>::tailAdd(uint16_t) [with T = unsigned char; short unsigned int nElem = 184]	16	static
CircularBuffer.h:98:41:void CircularBuffer<T, nElem>::memClean() [with T = _packLinux2Ard; short unsigned int nElem = 4]	24	static
CircularBuffer.h:157:10:uint16_t CircularBuffer<T, nElem>::putArray(T*, uint16_t, uint16_t) [with T = unsigned char; short unsigned int nElem = 184]	32	static
CircularBuffer.h:264:45:uint16_t CircularBuffer<T, nElem>::availableSpace() const [with T = unsigned char; short unsigned int nElem = 184]	16	static
CircularBuffer.h:285:52:uint16_t CircularBuffer<T, nElem>::headAdd(uint16_t) [with T = unsigned char; short unsigned int nElem = 184]	24	static
CircularBuffer.h:225:48:bool CircularBuffer<T, nElem>::isEmpty() const [with T = unsigned char; short unsigned int nElem = 184]	16	static
CircularBuffer.h:184:38:T CircularBuffer<T, nElem>::get(uint16_t*) [with T = unsigned char; short unsigned int nElem = 184]	16	static
CircularBuffer.h:243:17:uint16_t CircularBuffer<T, nElem>::countSlotBetween(uint16_t, uint16_t) const [with T = unsigned char; short unsigned int nElem = 184]	16	static
CircularBuffer.h:205:6:void CircularBuffer<T, nElem>::memcpyCb(T*, uint16_t, uint16_t) [with T = unsigned char; short unsigned int nElem = 184]	32	static
CircularBuffer.h:123:45:uint16_t CircularBuffer<T, nElem>::put(T*, uint16_t) [with T = _packLinux2Ard; short unsigned int nElem = 4]	24	static
CircularBuffer.h:227:48:bool CircularBuffer<T, nElem>::isFull() const [with T = unsigned char; short unsigned int nElem = 184]	16	static
CircularBuffer.h:104:48:void CircularBuffer<T, nElem>::reset() [with T = _packLinux2Ard; short unsigned int nElem = 4]	16	static
CircularBuffer.h:281:52:uint16_t CircularBuffer<T, nElem>::headInc() [with T = unsigned char; short unsigned int nElem = 184]	16	static
CircularBuffer.h:218:52:uint16_t CircularBuffer<T, nElem>::getTail() const [with T = unsigned char; short unsigned int nElem = 184]	16	static
CircularBuffer.h:174:38:T CircularBuffer<T, nElem>::get() [with T = unsigned char; short unsigned int nElem = 184]	24	static
CircularBuffer.h:227:48:bool CircularBuffer<T, nElem>::isFull() const [with T = _packLinux2Ard; short unsigned int nElem = 4]	16	static
CircularBuffer.h:281:52:uint16_t CircularBuffer<T, nElem>::headInc() [with T = _packLinux2Ard; short unsigned int nElem = 4]	16	static
CircularBuffer.h:220:45:T CircularBuffer<T, nElem>::readTail() const [with T = unsigned char; short unsigned int nElem = 184]	16	static
CircularBuffer.h:293:52:uint16_t CircularBuffer<T, nElem>::tailInc() [with T = unsigned char; short unsigned int nElem = 184]	16	static
CircularBuffer.h:285:52:uint16_t CircularBuffer<T, nElem>::headAdd(uint16_t) [with T = _packLinux2Ard; short unsigned int nElem = 4]	24	static
CircularBuffer.h:264:45:uint16_t CircularBuffer<T, nElem>::availableSpace() const [with T = _packLinux2Ard; short unsigned int nElem = 4]	16	static
CircularBuffer.h:247:52:uint16_t CircularBuffer<T, nElem>::usedSpace() const [with T = _packLinux2Ard; short unsigned int nElem = 4]	16	static
CircularBuffer.h:225:48:bool CircularBuffer<T, nElem>::isEmpty() const [with T = _packLinux2Ard; short unsigned int nElem = 4]	16	static
main.cpp:382:1:void __static_initialization_and_destruction_0(int, int)	16	static
MP_ST_usb.h:67:22:int16_t EMP::MP_ST_usb<pIn, pOut, CRC8_enable, cdBinStore, cbPackStore>::getData_wait(pIn*) [with pIn = _packLinux2Ard; pOut = _packArd2Linux; bool CRC8_enable = true; short unsigned int cdBinStore = 8; short unsigned int cbPackStore = 4]	16	static
MP_ST_usb.h:123:18:int EMP::MP_ST_usb<pIn, pOut, CRC8_enable, cdBinStore, cbPackStore>::packSend_Concrete(uint8_t*, uint16_t) [with pIn = _packLinux2Ard; pOut = _packArd2Linux; bool CRC8_enable = true; short unsigned int cdBinStore = 8; short unsigned int cbPackStore = 4]	24	static
MP_ST_usb.h:140:19:void EMP::MP_ST_usb<pIn, pOut, CRC8_enable, cdBinStore, cbPackStore>::packTimeRefresh() [with pIn = _packLinux2Ard; pOut = _packArd2Linux; bool CRC8_enable = true; short unsigned int cdBinStore = 8; short unsigned int cbPackStore = 4]	16	static
MP_ST_usb.h:144:28:long unsigned int EMP::MP_ST_usb<pIn, pOut, CRC8_enable, cdBinStore, cbPackStore>::lastPackElapsed() [with pIn = _packLinux2Ard; pOut = _packArd2Linux; bool CRC8_enable = true; short unsigned int cdBinStore = 8; short unsigned int cbPackStore = 4]	16	static
MP_ST_usb.h:64:15:EMP::MP_ST_usb<pIn, pOut, CRC8_enable, cdBinStore, cbPackStore>::~MP_ST_usb() [with pIn = _packLinux2Ard; pOut = _packArd2Linux; bool CRC8_enable = true; short unsigned int cdBinStore = 8; short unsigned int cbPackStore = 4]	16	static
MP.h:139:24:uint16_t EMP::MP<pIn, pOut, CRC8_enable, cdBinStore, cbPackStore>::dataAvailable() [with pIn = _packLinux2Ard; pOut = _packArd2Linux; bool CRC8_enable = true; short unsigned int cdBinStore = 8; short unsigned int cbPackStore = 4]	16	static
MP.h:143:23:int16_t EMP::MP<pIn, pOut, CRC8_enable, cdBinStore, cbPackStore>::getData_try(pIn*) [with pIn = _packLinux2Ard; pOut = _packArd2Linux; bool CRC8_enable = true; short unsigned int cdBinStore = 8; short unsigned int cbPackStore = 4]	16	static
CircularBuffer.h:189:39:T* CircularBuffer<T, nElem>::getPtr() [with T = _packLinux2Ard; short unsigned int nElem = 4]	24	static
CircularBuffer.h:219:46:T* CircularBuffer<T, nElem>::getTailPtr() [with T = _packLinux2Ard; short unsigned int nElem = 4]	16	static
CircularBuffer.h:293:52:uint16_t CircularBuffer<T, nElem>::tailInc() [with T = _packLinux2Ard; short unsigned int nElem = 4]	16	static
CircularBuffer.h:295:52:uint16_t CircularBuffer<T, nElem>::tailAdd(uint16_t) [with T = _packLinux2Ard; short unsigned int nElem = 4]	16	static
main.cpp:382:1:cpp)	8	static
main.cpp:382:1:cpp)	8	static
