Archive member included to satisfy reference by file (symbol)

/opt/st/stm32cubeide_1.6.1/plugins/com.st.stm32cube.ide.mcu.externaltools.gnu-tools-for-stm32.9-2020-q2-update.linux64_1.5.0.202011040924/tools/bin/../lib/gcc/arm-none-eabi/9.3.1/../../../../arm-none-eabi/lib/thumb/v7e-m+fp/hard/libstdc++_nano.a(pure.o)
                              Core/Src/main.o (__cxa_pure_virtual)
/opt/st/stm32cubeide_1.6.1/plugins/com.st.stm32cube.ide.mcu.externaltools.gnu-tools-for-stm32.9-2020-q2-update.linux64_1.5.0.202011040924/tools/bin/../lib/gcc/arm-none-eabi/9.3.1/../../../../arm-none-eabi/lib/thumb/v7e-m+fp/hard/libstdc++_nano.a(eh_terminate.o)
                              /opt/st/stm32cubeide_1.6.1/plugins/com.st.stm32cube.ide.mcu.externaltools.gnu-tools-for-stm32.9-2020-q2-update.linux64_1.5.0.202011040924/tools/bin/../lib/gcc/arm-none-eabi/9.3.1/../../../../arm-none-eabi/lib/thumb/v7e-m+fp/hard/libstdc++_nano.a(pure.o) (std::terminate())
/opt/st/stm32cubeide_1.6.1/plugins/com.st.stm32cube.ide.mcu.externaltools.gnu-tools-for-stm32.9-2020-q2-update.linux64_1.5.0.202011040924/tools/bin/../lib/gcc/arm-none-eabi/9.3.1/../../../../arm-none-eabi/lib/thumb/v7e-m+fp/hard/libstdc++_nano.a(eh_unex_handler.o)
                              /opt/st/stm32cubeide_1.6.1/plugins/com.st.stm32cube.ide.mcu.externaltools.gnu-tools-for-stm32.9-2020-q2-update.linux64_1.5.0.202011040924/tools/bin/../lib/gcc/arm-none-eabi/9.3.1/../../../../arm-none-eabi/lib/thumb/v7e-m+fp/hard/libstdc++_nano.a(eh_terminate.o) (__cxxabiv1::__unexpected_handler)
/opt/st/stm32cubeide_1.6.1/plugins/com.st.stm32cube.ide.mcu.externaltools.gnu-tools-for-stm32.9-2020-q2-update.linux64_1.5.0.202011040924/tools/bin/../lib/gcc/arm-none-eabi/9.3.1/../../../../arm-none-eabi/lib/thumb/v7e-m+fp/hard/libstdc++_nano.a(eh_term_handler.o)
                              /opt/st/stm32cubeide_1.6.1/plugins/com.st.stm32cube.ide.mcu.externaltools.gnu-tools-for-stm32.9-2020-q2-update.linux64_1.5.0.202011040924/tools/bin/../lib/gcc/arm-none-eabi/9.3.1/../../../../arm-none-eabi/lib/thumb/v7e-m+fp/hard/libstdc++_nano.a(eh_terminate.o) (__cxxabiv1::__terminate_handler)
/opt/st/stm32cubeide_1.6.1/plugins/com.st.stm32cube.ide.mcu.externaltools.gnu-tools-for-stm32.9-2020-q2-update.linux64_1.5.0.202011040924/tools/bin/../lib/gcc/arm-none-eabi/9.3.1/../../../../arm-none-eabi/lib/thumb/v7e-m+fp/hard/libc_nano.a(lib_a-abort.o)
                              /opt/st/stm32cubeide_1.6.1/plugins/com.st.stm32cube.ide.mcu.externaltools.gnu-tools-for-stm32.9-2020-q2-update.linux64_1.5.0.202011040924/tools/bin/../lib/gcc/arm-none-eabi/9.3.1/../../../../arm-none-eabi/lib/thumb/v7e-m+fp/hard/libstdc++_nano.a(eh_terminate.o) (abort)
/opt/st/stm32cubeide_1.6.1/plugins/com.st.stm32cube.ide.mcu.externaltools.gnu-tools-for-stm32.9-2020-q2-update.linux64_1.5.0.202011040924/tools/bin/../lib/gcc/arm-none-eabi/9.3.1/../../../../arm-none-eabi/lib/thumb/v7e-m+fp/hard/libc_nano.a(lib_a-errno.o)
                              Core/Src/syscalls.o (__errno)
/opt/st/stm32cubeide_1.6.1/plugins/com.st.stm32cube.ide.mcu.externaltools.gnu-tools-for-stm32.9-2020-q2-update.linux64_1.5.0.202011040924/tools/bin/../lib/gcc/arm-none-eabi/9.3.1/../../../../arm-none-eabi/lib/thumb/v7e-m+fp/hard/libc_nano.a(lib_a-exit.o)
                              /opt/st/stm32cubeide_1.6.1/plugins/com.st.stm32cube.ide.mcu.externaltools.gnu-tools-for-stm32.9-2020-q2-update.linux64_1.5.0.202011040924/tools/bin/../lib/gcc/arm-none-eabi/9.3.1/../../../../arm-none-eabi/lib/thumb/v7e-m+fp/hard/crt0.o (exit)
/opt/st/stm32cubeide_1.6.1/plugins/com.st.stm32cube.ide.mcu.externaltools.gnu-tools-for-stm32.9-2020-q2-update.linux64_1.5.0.202011040924/tools/bin/../lib/gcc/arm-none-eabi/9.3.1/../../../../arm-none-eabi/lib/thumb/v7e-m+fp/hard/libc_nano.a(lib_a-impure.o)
                              /opt/st/stm32cubeide_1.6.1/plugins/com.st.stm32cube.ide.mcu.externaltools.gnu-tools-for-stm32.9-2020-q2-update.linux64_1.5.0.202011040924/tools/bin/../lib/gcc/arm-none-eabi/9.3.1/../../../../arm-none-eabi/lib/thumb/v7e-m+fp/hard/libc_nano.a(lib_a-exit.o) (_global_impure_ptr)
/opt/st/stm32cubeide_1.6.1/plugins/com.st.stm32cube.ide.mcu.externaltools.gnu-tools-for-stm32.9-2020-q2-update.linux64_1.5.0.202011040924/tools/bin/../lib/gcc/arm-none-eabi/9.3.1/../../../../arm-none-eabi/lib/thumb/v7e-m+fp/hard/libc_nano.a(lib_a-init.o)
                              /opt/st/stm32cubeide_1.6.1/plugins/com.st.stm32cube.ide.mcu.externaltools.gnu-tools-for-stm32.9-2020-q2-update.linux64_1.5.0.202011040924/tools/bin/../lib/gcc/arm-none-eabi/9.3.1/../../../../arm-none-eabi/lib/thumb/v7e-m+fp/hard/crt0.o (__libc_init_array)
/opt/st/stm32cubeide_1.6.1/plugins/com.st.stm32cube.ide.mcu.externaltools.gnu-tools-for-stm32.9-2020-q2-update.linux64_1.5.0.202011040924/tools/bin/../lib/gcc/arm-none-eabi/9.3.1/../../../../arm-none-eabi/lib/thumb/v7e-m+fp/hard/libc_nano.a(lib_a-memcpy-stub.o)
                              Core/Src/main.o (memcpy)
[...]
Memory Configuration

Name             Origin             Length             Attributes
CCMRAM           0x0000000010000000 0x0000000000010000 xrw
RAM              0x0000000020000000 0x0000000000020000 xrw
FLASH            0x0000000008000000 0x0000000000100000 xr
*default*        0x0000000000000000 0xffffffffffffffff

Linker script and memory map

LOAD /opt/st/stm32cubeide_1.6.1/plugins/com.st.stm32cube.ide.mcu.externaltools.gnu-tools-for-stm32.9-2020-q2-update.linux64_1.5.0.202011040924/tools/bin/../lib/gcc/arm-none-eabi/9.3.1/thumb/v7e-m+fp/hard/crti.o
LOAD /opt/st/stm32cubeide_1.6.1/plugins/com.st.stm32cube.ide.mcu.externaltools.gnu-tools-for-stm32.9-2020-q2-update.linux64_1.5.0.202011040924/tools/bin/../lib/gcc/arm-none-eabi/9.3.1/thumb/v7e-m+fp/hard/crtbegin.o
LOAD /opt/st/stm32cubeide_1.6.1/plugins/com.st.stm32cube.ide.mcu.externaltools.gnu-tools-for-stm32.9-2020-q2-update.linux64_1.5.0.202011040924/tools/bin/../lib/gcc/arm-none-eabi/9.3.1/../../../../arm-none-eabi/lib/thumb/v7e-m+fp/hard/crt0.o
LOAD Core/Src/main.o
LOAD Core/Src/stm32f4xx_hal_msp.o
LOAD Core/Src/stm32f4xx_it.o
LOAD Core/Src/syscalls.o
LOAD Core/Src/sysmem.o
LOAD Core/Src/system_stm32f4xx.o
LOAD Core/Startup/startup_stm32f407vgtx.o
LOAD Drivers/STM32F4xx_HAL_Driver/Src/stm32f4xx_hal.o
LOAD Drivers/STM32F4xx_HAL_Driver/Src/stm32f4xx_hal_cortex.o
LOAD Drivers/STM32F4xx_HAL_Driver/Src/stm32f4xx_hal_dma.o
LOAD Drivers/STM32F4xx_HAL_Driver/Src/stm32f4xx_hal_dma_ex.o
LOAD Drivers/STM32F4xx_HAL_Driver/Src/stm32f4xx_hal_exti.o
LOAD Drivers/STM32F4xx_HAL_Driver/Src/stm32f4xx_hal_flash.o
LOAD Drivers/STM32F4xx_HAL_Driver/Src/stm32f4xx_hal_flash_ex.o
LOAD Drivers/STM32F4xx_HAL_Driver/Src/stm32f4xx_hal_flash_ramfunc.o
LOAD Drivers/STM32F4xx_HAL_Driver/Src/stm32f4xx_hal_gpio.o
LOAD Drivers/STM32F4xx_HAL_Driver/Src/stm32f4xx_hal_i2c.o
LOAD Drivers/STM32F4xx_HAL_Driver/Src/stm32f4xx_hal_i2c_ex.o
LOAD Drivers/STM32F4xx_HAL_Driver/Src/stm32f4xx_hal_i2s.o
LOAD Drivers/STM32F4xx_HAL_Driver/Src/stm32f4xx_hal_i2s_ex.o
LOAD Drivers/STM32F4xx_HAL_Driver/Src/stm32f4xx_hal_pcd.o
LOAD Drivers/STM32F4xx_HAL_Driver/Src/stm32f4xx_hal_pcd_ex.o
LOAD Drivers/STM32F4xx_HAL_Driver/Src/stm32f4xx_hal_pwr.o
LOAD Drivers/STM32F4xx_HAL_Driver/Src/stm32f4xx_hal_pwr_ex.o
LOAD Drivers/STM32F4xx_HAL_Driver/Src/stm32f4xx_hal_rcc.o
LOAD Drivers/STM32F4xx_HAL_Driver/Src/stm32f4xx_hal_rcc_ex.o
LOAD Drivers/STM32F4xx_HAL_Driver/Src/stm32f4xx_hal_spi.o
LOAD Drivers/STM32F4xx_HAL_Driver/Src/stm32f4xx_hal_tim.o
LOAD Drivers/STM32F4xx_HAL_Driver/Src/stm32f4xx_hal_tim_ex.o
LOAD Drivers/STM32F4xx_HAL_Driver/Src/stm32f4xx_ll_usb.o
LOAD EMPlibs/src/MP_Fd.o
LOAD EMPlibs/src/MP_ST_usb.o
LOAD EMPlibs/src/MP_Serial.o
LOAD EMPlibs/src/MP_Uart.o
LOAD EMPlibs/src/MPcore/MP.o
LOAD EMPlibs/src/MPcore/circularBuffer/CircularBuffer.o
LOAD EMPlibs/src/MPcore/cobs-c/cobs.o
LOAD EMPlibs/src/MPcore/crc8/crc8.o
LOAD EMPlibs/src/timeOp/timerSpecOp.o
LOAD Middlewares/ST/STM32_USB_Device_Library/Class/CDC/Src/usbd_cdc.o
LOAD Middlewares/ST/STM32_USB_Device_Library/Core/Src/usbd_core.o
LOAD Middlewares/ST/STM32_USB_Device_Library/Core/Src/usbd_ctlreq.o
LOAD Middlewares/ST/STM32_USB_Device_Library/Core/Src/usbd_ioreq.o
LOAD USB_DEVICE/App/usb_device.o
LOAD USB_DEVICE/App/usbd_cdc_if.o
LOAD USB_DEVICE/App/usbd_desc.o
LOAD USB_DEVICE/Target/usbd_conf.o
START GROUP
LOAD /opt/st/stm32cubeide_1.6.1/plugins/com.st.stm32cube.ide.mcu.externaltools.gnu-tools-for-stm32.9-2020-q2-update.linux64_1.5.0.202011040924/tools/bin/../lib/gcc/arm-none-eabi/9.3.1/../../../../arm-none-eabi/lib/thumb/v7e-m+fp/hard/libstdc++_nano.a
LOAD /opt/st/stm32cubeide_1.6.1/plugins/com.st.stm32cube.ide.mcu.externaltools.gnu-tools-for-stm32.9-2020-q2-update.linux64_1.5.0.202011040924/tools/bin/../lib/gcc/arm-none-eabi/9.3.1/../../../../arm-none-eabi/lib/thumb/v7e-m+fp/hard/libsupc++_nano.a
END GROUP
LOAD /opt/st/stm32cubeide_1.6.1/plugins/com.st.stm32cube.ide.mcu.externaltools.gnu-tools-for-stm32.9-2020-q2-update.linux64_1.5.0.202011040924/tools/bin/../lib/gcc/arm-none-eabi/9.3.1/../../../../arm-none-eabi/lib/thumb/v7e-m+fp/hard/libstdc++_nano.a
LOAD /opt/st/stm32cubeide_1.6.1/plugins/com.st.stm32cube.ide.mcu.externaltools.gnu-tools-for-stm32.9-2020-q2-update.linux64_1.5.0.202011040924/tools/bin/../lib/gcc/arm-none-eabi/9.3.1/../../../../arm-none-eabi/lib/thumb/v7e-m+fp/hard/libm.a
LOAD /opt/st/stm32cubeide_1.6.1/plugins/com.st.stm32cube.ide.mcu.externaltools.gnu-tools-for-stm32.9-2020-q2-update.linux64_1.5.0.202011040924/tools/bin/../lib/gcc/arm-none-eabi/9.3.1/../../../../arm-none-eabi/lib/thumb/v7e-m+fp/hard/libc_nano.a
START GROUP
LOAD /opt/st/stm32cubeide_1.6.1/plugins/com.st.stm32cube.ide.mcu.externaltools.gnu-tools-for-stm32.9-2020-q2-update.linux64_1.5.0.202011040924/tools/bin/../lib/gcc/arm-none-eabi/9.3.1/thumb/v7e-m+fp/hard/libgcc.a
LOAD /opt/st/stm32cubeide_1.6.1/plugins/com.st.stm32cube.ide.mcu.externaltools.gnu-tools-for-stm32.9-2020-q2-update.linux64_1.5.0.202011040924/tools/bin/../lib/gcc/arm-none-eabi/9.3.1/../../../../arm-none-eabi/lib/thumb/v7e-m+fp/hard/libc_nano.a
END GROUP
START GROUP
LOAD /opt/st/stm32cubeide_1.6.1/plugins/com.st.stm32cube.ide.mcu.externaltools.gnu-tools-for-stm32.9-2020-q2-update.linux64_1.5.0.202011040924/tools/bin/../lib/gcc/arm-none-eabi/9.3.1/thumb/v7e-m+fp/hard/libgcc.a
LOAD /opt/st/stm32cubeide_1.6.1/plugins/com.st.stm32cube.ide.mcu.externaltools.gnu-tools-for-stm32.9-2020-q2-update.linux64_1.5.0.202011040924/tools/bin/../lib/gcc/arm-none-eabi/9.3.1/../../../../arm-none-eabi/lib/thumb/v7e-m+fp/hard/libc_nano.a
LOAD /opt/st/stm32cubeide_1.6.1/plugins/com.st.stm32cube.ide.mcu.externaltools.gnu-tools-for-stm32.9-2020-q2-update.linux64_1.5.0.202011040924/tools/bin/../lib/gcc/arm-none-eabi/9.3.1/../../../../arm-none-eabi/lib/thumb/v7e-m+fp/hard/libnosys.a
END GROUP
START GROUP
LOAD /opt/st/stm32cubeide_1.6.1/plugins/com.st.stm32cube.ide.mcu.externaltools.gnu-tools-for-stm32.9-2020-q2-update.linux64_1.5.0.202011040924/tools/bin/../lib/gcc/arm-none-eabi/9.3.1/thumb/v7e-m+fp/hard/libgcc.a
LOAD /opt/st/stm32cubeide_1.6.1/plugins/com.st.stm32cube.ide.mcu.externaltools.gnu-tools-for-stm32.9-2020-q2-update.linux64_1.5.0.202011040924/tools/bin/../lib/gcc/arm-none-eabi/9.3.1/../../../../arm-none-eabi/lib/thumb/v7e-m+fp/hard/libc_nano.a
LOAD /opt/st/stm32cubeide_1.6.1/plugins/com.st.stm32cube.ide.mcu.externaltools.gnu-tools-for-stm32.9-2020-q2-update.linux64_1.5.0.202011040924/tools/bin/../lib/gcc/arm-none-eabi/9.3.1/../../../../arm-none-eabi/lib/thumb/v7e-m+fp/hard/libnosys.a
END GROUP
LOAD /opt/st/stm32cubeide_1.6.1/plugins/com.st.stm32cube.ide.mcu.externaltools.gnu-tools-for-stm32.9-2020-q2-update.linux64_1.5.0.202011040924/tools/bin/../lib/gcc/arm-none-eabi/9.3.1/thumb/v7e-m+fp/hard/crtend.o
LOAD /opt/st/stm32cubeide_1.6.1/plugins/com.st.stm32cube.ide.mcu.externaltools.gnu-tools-for-stm32.9-2020-q2-update.linux64_1.5.0.202011040924/tools/bin/../lib/gcc/arm-none-eabi/9.3.1/thumb/v7e-m+fp/hard/crtn.o
                0x0000000020020000                _estack = (ORIGIN (RAM) + LENGTH (RAM))
                0x0000000000000200                _Min_Heap_Size = 0x200
                0x0000000000000400                _Min_Stack_Size = 0x400

.isr_vector     0x0000000008000000      0x188
                0x0000000008000000                . = ALIGN (0x4)
 *(.isr_vector)
 .isr_vector    0x0000000008000000      0x188 Core/Startup/startup_stm32f407vgtx.o
                0x0000000008000000                g_pfnVectors
                0x0000000008000188                . = ALIGN (0x4)

.text           0x0000000008000188     0x43a0
                0x0000000008000188                . = ALIGN (0x4)
 *(.text)
 .text          0x0000000008000188       0x40 /opt/st/stm32cubeide_1.6.1/plugins/com.st.stm32cube.ide.mcu.externaltools.gnu-tools-for-stm32.9-2020-q2-update.linux64_1.5.0.202011040924/tools/bin/../lib/gcc/arm-none-eabi/9.3.1/thumb/v7e-m+fp/hard/crtbegin.o
 .text          0x00000000080001c8       0x30 /opt/st/stm32cubeide_1.6.1/plugins/com.st.stm32cube.ide.mcu.externaltools.gnu-tools-for-stm32.9-2020-q2-update.linux64_1.5.0.202011040924/tools/bin/../lib/gcc/arm-none-eabi/9.3.1/thumb/v7e-m+fp/hard/libgcc.a(_aeabi_uldivmod.o)
                0x00000000080001c8                __aeabi_uldivmod
 .text          0x00000000080001f8      0x2c4 /opt/st/stm32cubeide_1.6.1/plugins/com.st.stm32cube.ide.mcu.externaltools.gnu-tools-for-stm32.9-2020-q2-update.linux64_1.5.0.202011040924/tools/bin/../lib/gcc/arm-none-eabi/9.3.1/thumb/v7e-m+fp/hard/libgcc.a(_udivmoddi4.o)
                0x00000000080001f8                __udivmoddi4
 .text          0x00000000080004bc        0x4 /opt/st/stm32cubeide_1.6.1/plugins/com.st.stm32cube.ide.mcu.externaltools.gnu-tools-for-stm32.9-2020-q2-update.linux64_1.5.0.202011040924/tools/bin/../lib/gcc/arm-none-eabi/9.3.1/thumb/v7e-m+fp/hard/libgcc.a(_dvmd_tls.o)
                0x00000000080004bc                __aeabi_ldiv0
                0x00000000080004bc                __aeabi_idiv0
 *(.text*)
 .text._Z14readMPcallBackPN3EMP2MPI14_packLinux2Ard14_packArd2LinuxLb1ELt16ELt4EEE
                0x00000000080004c0       0x64 Core/Src/main.o
                0x00000000080004c0                readMPcallBack(EMP::MP<_packLinux2Ard, _packArd2Linux, true, (unsigned short)16, (unsigned short)4>*)
 .text._ZN3EMP9MP_ST_usbI14_packLinux2Ard14_packArd2LinuxLb1ELt16ELt4EE15packTimeRefreshEv
                0x0000000008000524        0xe Core/Src/main.o
                0x0000000008000524                EMP::MP_ST_usb<_packLinux2Ard, _packArd2Linux, true, (unsigned short)16, (unsigned short)4>::packTimeRefresh()
 .text._ZN3EMP9MP_ST_usbI14_packLinux2Ard14_packArd2LinuxLb1ELt16ELt4EE15lastPackElapsedEv
                0x0000000008000532       0x10 Core/Src/main.o
                0x0000000008000532                EMP::MP_ST_usb<_packLinux2Ard, _packArd2Linux, true, (unsigned short)16, (unsigned short)4>::lastPackElapsed()
 *fill*         0x0000000008000542        0x2 
 .text._Z18SystemClock_Configv
                0x0000000008000544       0xc4 Core/Src/main.o
                0x0000000008000544                SystemClock_Config()
 .text.startup.main
                0x0000000008000608      0x220 Core/Src/main.o
                0x0000000008000608                main
 .text.Error_Handler
                0x0000000008000828        0x4 Core/Src/main.o
                0x0000000008000828                Error_Handler
 .text._ZN14CircularBufferIhLt368EE8memCleanEv
                0x000000000800082c       0x1a Core/Src/main.o
                0x000000000800082c                CircularBuffer<unsigned char, (unsigned short)368>::memClean()
 .text._ZNK14CircularBufferIhLt368EE9usedSpaceEv
                0x0000000008000846       0x3c Core/Src/main.o
                0x0000000008000846                CircularBuffer<unsigned char, (unsigned short)368>::usedSpace() const
 *fill*         0x0000000008000882        0x2 
 .text._ZN3EMP9MP_ST_usbI14_packLinux2Ard14_packArd2LinuxLb1ELt16ELt4EE13isrSendNotifyEPhPmh
                0x0000000008000884       0x5c Core/Src/main.o
                0x0000000008000884                EMP::MP_ST_usb<_packLinux2Ard, _packArd2Linux, true, (unsigned short)16, (unsigned short)4>::isrSendNotify(unsigned char*, unsigned long*, unsigned char)
 .text._ZN14CircularBufferIhLt368EE8putArrayEPhtt.part.0
                0x00000000080008e0       0x50 Core/Src/main.o
 .text._ZN3EMP9MP_ST_usbI14_packLinux2Ard14_packArd2LinuxLb1ELt16ELt4EE17packSend_ConcreteEPht
                0x0000000008000930       0x44 Core/Src/main.o
                0x0000000008000930                EMP::MP_ST_usb<_packLinux2Ard, _packArd2Linux, true, (unsigned short)16, (unsigned short)4>::packSend_Concrete(unsigned char*, unsigned short)
 .text._ZN14CircularBufferI14_packLinux2ArdLt4EE8memCleanEv
                0x0000000008000974       0x26 Core/Src/main.o
                0x0000000008000974                CircularBuffer<_packLinux2Ard, (unsigned short)4>::memClean()
 .text._ZNK14CircularBufferI14_packLinux2ArdLt4EE9usedSpaceEv
                0x000000000800099a       0x3a Core/Src/main.o
                0x000000000800099a                CircularBuffer<_packLinux2Ard, (unsigned short)4>::usedSpace() const
 .text._ZN3EMP2MPI14_packLinux2Ard14_packArd2LinuxLb1ELt16ELt4EE11byteParsingEv
                0x00000000080009d4      0x15a Core/Src/main.o
                0x00000000080009d4                EMP::MP<_packLinux2Ard, _packArd2Linux, true, (unsigned short)16, (unsigned short)4>::byteParsing()
 *fill*         0x0000000008000b2e        0x2 
 .text._ZN3EMP9MP_ST_usbI14_packLinux2Ard14_packArd2LinuxLb1ELt16ELt4EE7isrReadEPhPm
                0x0000000008000b30       0x44 Core/Src/main.o
                0x0000000008000b30                EMP::MP_ST_usb<_packLinux2Ard, _packArd2Linux, true, (unsigned short)16, (unsigned short)4>::isrRead(unsigned char*, unsigned long*)
 .text._ZN3EMP9MP_ST_usbI14_packLinux2Ard14_packArd2LinuxLb1ELt16ELt4EE12getData_waitEPS1_
                0x0000000008000b74       0x22 Core/Src/main.o
                0x0000000008000b74                EMP::MP_ST_usb<_packLinux2Ard, _packArd2Linux, true, (unsigned short)16, (unsigned short)4>::getData_wait(_packLinux2Ard*)
 .text._ZN3EMP2MPI14_packLinux2Ard14_packArd2LinuxLb1ELt16ELt4EE11getData_tryEPS1_
                0x0000000008000b96       0x60 Core/Src/main.o
                0x0000000008000b96                EMP::MP<_packLinux2Ard, _packArd2Linux, true, (unsigned short)16, (unsigned short)4>::getData_try(_packLinux2Ard*)
 *fill*         0x0000000008000bf6        0x2 
 .text.startup._GLOBAL__sub_I_hi2c1
                0x0000000008000bf8       0x88 Core/Src/main.o
 .text.HAL_MspInit
                0x0000000008000c80       0x3c Core/Src/stm32f4xx_hal_msp.o
                0x0000000008000c80                HAL_MspInit
 .text.HAL_I2C_MspInit
                0x0000000008000cbc       0x70 Core/Src/stm32f4xx_hal_msp.o
                0x0000000008000cbc                HAL_I2C_MspInit
 .text.HAL_I2S_MspInit
                0x0000000008000d2c       0x98 Core/Src/stm32f4xx_hal_msp.o
                0x0000000008000d2c                HAL_I2S_MspInit
 .text.HAL_SPI_MspInit
                0x0000000008000dc4       0x6c Core/Src/stm32f4xx_hal_msp.o
                0x0000000008000dc4                HAL_SPI_MspInit
 .text.NMI_Handler
                0x0000000008000e30        0x2 Core/Src/stm32f4xx_it.o
                0x0000000008000e30                NMI_Handler
 .text.HardFault_Handler
                0x0000000008000e32        0x2 Core/Src/stm32f4xx_it.o
                0x0000000008000e32                HardFault_Handler
 .text.MemManage_Handler
                0x0000000008000e34        0x2 Core/Src/stm32f4xx_it.o
                0x0000000008000e34                MemManage_Handler
 .text.BusFault_Handler
                0x0000000008000e36        0x2 Core/Src/stm32f4xx_it.o
                0x0000000008000e36                BusFault_Handler
 .text.UsageFault_Handler
                0x0000000008000e38        0x2 Core/Src/stm32f4xx_it.o
                0x0000000008000e38                UsageFault_Handler
 .text.SVC_Handler
                0x0000000008000e3a        0x2 Core/Src/stm32f4xx_it.o
                0x0000000008000e3a                SVC_Handler
 .text.DebugMon_Handler
                0x0000000008000e3c        0x2 Core/Src/stm32f4xx_it.o
                0x0000000008000e3c                DebugMon_Handler
 .text.PendSV_Handler
                0x0000000008000e3e        0x2 Core/Src/stm32f4xx_it.o
                0x0000000008000e3e                PendSV_Handler
 .text.SysTick_Handler
                0x0000000008000e40        0x4 Core/Src/stm32f4xx_it.o
                0x0000000008000e40                SysTick_Handler
 .text.OTG_FS_IRQHandler
                0x0000000008000e44        0xc Core/Src/stm32f4xx_it.o
                0x0000000008000e44                OTG_FS_IRQHandler
 .text._getpid  0x0000000008000e50        0x4 Core/Src/syscalls.o
                0x0000000008000e50                _getpid
 .text._kill    0x0000000008000e54       0x10 Core/Src/syscalls.o
                0x0000000008000e54                _kill
 .text._exit    0x0000000008000e64        0xc Core/Src/syscalls.o
                0x0000000008000e64                _exit
 .text.SystemInit
                0x0000000008000e70       0x14 Core/Src/system_stm32f4xx.o
                0x0000000008000e70                SystemInit
 .text.Reset_Handler
                0x0000000008000e84       0x50 Core/Startup/startup_stm32f407vgtx.o
                0x0000000008000e84                Reset_Handler
 .text.Default_Handler
                0x0000000008000ed4        0x2 Core/Startup/startup_stm32f407vgtx.o
                0x0000000008000ed4                RTC_Alarm_IRQHandler
                0x0000000008000ed4                HASH_RNG_IRQHandler
                0x0000000008000ed4                EXTI2_IRQHandler
                0x0000000008000ed4                TIM8_CC_IRQHandler
                0x0000000008000ed4                TIM1_CC_IRQHandler
                0x0000000008000ed4                DMA2_Stream5_IRQHandler
                0x0000000008000ed4                DMA1_Stream5_IRQHandler
                0x0000000008000ed4                PVD_IRQHandler
                0x0000000008000ed4                SDIO_IRQHandler
                0x0000000008000ed4                TAMP_STAMP_IRQHandler
                0x0000000008000ed4                CAN2_RX1_IRQHandler
                0x0000000008000ed4                EXTI3_IRQHandler
                0x0000000008000ed4                TIM8_TRG_COM_TIM14_IRQHandler
                0x0000000008000ed4                TIM1_UP_TIM10_IRQHandler
                0x0000000008000ed4                TIM8_UP_TIM13_IRQHandler
                0x0000000008000ed4                I2C3_ER_IRQHandler
                0x0000000008000ed4                EXTI0_IRQHandler
                0x0000000008000ed4                I2C2_EV_IRQHandler
                0x0000000008000ed4                DMA1_Stream2_IRQHandler
                0x0000000008000ed4                CAN1_RX0_IRQHandler
                0x0000000008000ed4                FPU_IRQHandler
                0x0000000008000ed4                OTG_HS_WKUP_IRQHandler
                0x0000000008000ed4                CAN2_SCE_IRQHandler
                0x0000000008000ed4                DMA2_Stream2_IRQHandler
                0x0000000008000ed4                SPI1_IRQHandler
                0x0000000008000ed4                TIM6_DAC_IRQHandler
                0x0000000008000ed4                TIM1_BRK_TIM9_IRQHandler
                0x0000000008000ed4                DCMI_IRQHandler
                0x0000000008000ed4                CAN2_RX0_IRQHandler
                0x0000000008000ed4                DMA2_Stream3_IRQHandler
                0x0000000008000ed4                USART6_IRQHandler
                0x0000000008000ed4                USART3_IRQHandler
                0x0000000008000ed4                CAN1_RX1_IRQHandler
                0x0000000008000ed4                UART5_IRQHandler
                0x0000000008000ed4                DMA2_Stream0_IRQHandler
                0x0000000008000ed4                TIM4_IRQHandler
                0x0000000008000ed4                I2C1_EV_IRQHandler
                0x0000000008000ed4                DMA1_Stream6_IRQHandler
                0x0000000008000ed4                DMA1_Stream1_IRQHandler
                0x0000000008000ed4                UART4_IRQHandler
                0x0000000008000ed4                TIM3_IRQHandler
                0x0000000008000ed4                RCC_IRQHandler
                0x0000000008000ed4                TIM8_BRK_TIM12_IRQHandler
                0x0000000008000ed4                Default_Handler
                0x0000000008000ed4                EXTI15_10_IRQHandler
                0x0000000008000ed4                ADC_IRQHandler
                0x0000000008000ed4                DMA1_Stream7_IRQHandler
                0x0000000008000ed4                TIM7_IRQHandler
                0x0000000008000ed4                CAN2_TX_IRQHandler
                0x0000000008000ed4                TIM5_IRQHandler
                0x0000000008000ed4                DMA2_Stream7_IRQHandler
                0x0000000008000ed4                I2C3_EV_IRQHandler
                0x0000000008000ed4                EXTI9_5_IRQHandler
                0x0000000008000ed4                RTC_WKUP_IRQHandler
                0x0000000008000ed4                ETH_WKUP_IRQHandler
                0x0000000008000ed4                SPI2_IRQHandler
                0x0000000008000ed4                OTG_HS_EP1_IN_IRQHandler
                0x0000000008000ed4                DMA1_Stream0_IRQHandler
                0x0000000008000ed4                CAN1_TX_IRQHandler
                0x0000000008000ed4                EXTI4_IRQHandler
                0x0000000008000ed4                FSMC_IRQHandler
                0x0000000008000ed4                ETH_IRQHandler
                0x0000000008000ed4                OTG_HS_EP1_OUT_IRQHandler
                0x0000000008000ed4                WWDG_IRQHandler
                0x0000000008000ed4                TIM2_IRQHandler
                0x0000000008000ed4                OTG_FS_WKUP_IRQHandler
                0x0000000008000ed4                TIM1_TRG_COM_TIM11_IRQHandler
                0x0000000008000ed4                OTG_HS_IRQHandler
                0x0000000008000ed4                EXTI1_IRQHandler
                0x0000000008000ed4                USART2_IRQHandler
                0x0000000008000ed4                I2C2_ER_IRQHandler
                0x0000000008000ed4                DMA2_Stream1_IRQHandler
                0x0000000008000ed4                CAN1_SCE_IRQHandler
                0x0000000008000ed4                FLASH_IRQHandler
                0x0000000008000ed4                DMA2_Stream4_IRQHandler
                0x0000000008000ed4                USART1_IRQHandler
                0x0000000008000ed4                SPI3_IRQHandler
                0x0000000008000ed4                DMA1_Stream4_IRQHandler
                0x0000000008000ed4                I2C1_ER_IRQHandler
                0x0000000008000ed4                DMA2_Stream6_IRQHandler
                0x0000000008000ed4                DMA1_Stream3_IRQHandler
 *fill*         0x0000000008000ed6        0x2 
 .text.HAL_InitTick
                0x0000000008000ed8       0x48 Drivers/STM32F4xx_HAL_Driver/Src/stm32f4xx_hal.o
                0x0000000008000ed8                HAL_InitTick
 .text.HAL_Init
                0x0000000008000f20       0x34 Drivers/STM32F4xx_HAL_Driver/Src/stm32f4xx_hal.o
                0x0000000008000f20                HAL_Init
 .text.HAL_IncTick
                0x0000000008000f54       0x18 Drivers/STM32F4xx_HAL_Driver/Src/stm32f4xx_hal.o
                0x0000000008000f54                HAL_IncTick
 .text.HAL_GetTick
                0x0000000008000f6c        0xc Drivers/STM32F4xx_HAL_Driver/Src/stm32f4xx_hal.o
                0x0000000008000f6c                HAL_GetTick
 .text.HAL_Delay
                0x0000000008000f78       0x28 Drivers/STM32F4xx_HAL_Driver/Src/stm32f4xx_hal.o
                0x0000000008000f78                HAL_Delay
 .text.HAL_NVIC_SetPriorityGrouping
                0x0000000008000fa0       0x24 Drivers/STM32F4xx_HAL_Driver/Src/stm32f4xx_hal_cortex.o
                0x0000000008000fa0                HAL_NVIC_SetPriorityGrouping
 .text.HAL_NVIC_SetPriority
                0x0000000008000fc4       0x64 Drivers/STM32F4xx_HAL_Driver/Src/stm32f4xx_hal_cortex.o
                0x0000000008000fc4                HAL_NVIC_SetPriority
 .text.HAL_NVIC_EnableIRQ
                0x0000000008001028       0x1c Drivers/STM32F4xx_HAL_Driver/Src/stm32f4xx_hal_cortex.o
                0x0000000008001028                HAL_NVIC_EnableIRQ
 .text.HAL_SYSTICK_Config
                0x0000000008001044       0x2c Drivers/STM32F4xx_HAL_Driver/Src/stm32f4xx_hal_cortex.o
                0x0000000008001044                HAL_SYSTICK_Config
 .text.HAL_GPIO_Init
                0x0000000008001070      0x1b4 Drivers/STM32F4xx_HAL_Driver/Src/stm32f4xx_hal_gpio.o
                0x0000000008001070                HAL_GPIO_Init
 .text.HAL_GPIO_WritePin
                0x0000000008001224        0xa Drivers/STM32F4xx_HAL_Driver/Src/stm32f4xx_hal_gpio.o
                0x0000000008001224                HAL_GPIO_WritePin
 *fill*         0x000000000800122e        0x2 
 .text.HAL_I2C_Init
                0x0000000008001230      0x150 Drivers/STM32F4xx_HAL_Driver/Src/stm32f4xx_hal_i2c.o
                0x0000000008001230                HAL_I2C_Init
 .text.HAL_I2S_Init
                0x0000000008001380      0x134 Drivers/STM32F4xx_HAL_Driver/Src/stm32f4xx_hal_i2s.o
                0x0000000008001380                HAL_I2S_Init
 .text.HAL_I2S_TxCpltCallback
                0x00000000080014b4        0x2 Drivers/STM32F4xx_HAL_Driver/Src/stm32f4xx_hal_i2s.o
                0x00000000080014b4                HAL_I2S_TxCpltCallback
 .text.HAL_I2S_RxCpltCallback
                0x00000000080014b6        0x2 Drivers/STM32F4xx_HAL_Driver/Src/stm32f4xx_hal_i2s.o
                0x00000000080014b6                HAL_I2S_RxCpltCallback
 .text.HAL_I2S_ErrorCallback
                0x00000000080014b8        0x2 Drivers/STM32F4xx_HAL_Driver/Src/stm32f4xx_hal_i2s.o
                0x00000000080014b8                HAL_I2S_ErrorCallback
 .text.I2S_IRQHandler
                0x00000000080014ba       0xfa Drivers/STM32F4xx_HAL_Driver/Src/stm32f4xx_hal_i2s.o
 .text.HAL_I2SEx_TxRxCpltCallback
                0x00000000080015b4        0x2 Drivers/STM32F4xx_HAL_Driver/Src/stm32f4xx_hal_i2s_ex.o
                0x00000000080015b4                HAL_I2SEx_TxRxCpltCallback
 *fill*         0x00000000080015b6        0x2 
 .text.HAL_I2SEx_FullDuplex_IRQHandler
                0x00000000080015b8      0x248 Drivers/STM32F4xx_HAL_Driver/Src/stm32f4xx_hal_i2s_ex.o
                0x00000000080015b8                HAL_I2SEx_FullDuplex_IRQHandler
 .text.HAL_PCD_Init
                0x0000000008001800      0x10a Drivers/STM32F4xx_HAL_Driver/Src/stm32f4xx_hal_pcd.o
                0x0000000008001800                HAL_PCD_Init
 .text.HAL_PCD_Start
                0x000000000800190a       0x3e Drivers/STM32F4xx_HAL_Driver/Src/stm32f4xx_hal_pcd.o
                0x000000000800190a                HAL_PCD_Start
 .text.HAL_PCD_IRQHandler
                0x0000000008001948      0x560 Drivers/STM32F4xx_HAL_Driver/Src/stm32f4xx_hal_pcd.o
                0x0000000008001948                HAL_PCD_IRQHandler
 .text.HAL_PCD_SetAddress
                0x0000000008001ea8       0x28 Drivers/STM32F4xx_HAL_Driver/Src/stm32f4xx_hal_pcd.o
                0x0000000008001ea8                HAL_PCD_SetAddress
 .text.HAL_PCD_EP_Open
                0x0000000008001ed0       0x70 Drivers/STM32F4xx_HAL_Driver/Src/stm32f4xx_hal_pcd.o
                0x0000000008001ed0                HAL_PCD_EP_Open
 .text.HAL_PCD_EP_Close
                0x0000000008001f40       0x5e Drivers/STM32F4xx_HAL_Driver/Src/stm32f4xx_hal_pcd.o
                0x0000000008001f40                HAL_PCD_EP_Close
 .text.HAL_PCD_EP_Receive
                0x0000000008001f9e       0x48 Drivers/STM32F4xx_HAL_Driver/Src/stm32f4xx_hal_pcd.o
                0x0000000008001f9e                HAL_PCD_EP_Receive
 .text.HAL_PCD_EP_GetRxCount
                0x0000000008001fe6       0x10 Drivers/STM32F4xx_HAL_Driver/Src/stm32f4xx_hal_pcd.o
                0x0000000008001fe6                HAL_PCD_EP_GetRxCount
 .text.HAL_PCD_EP_Transmit
                0x0000000008001ff6       0x40 Drivers/STM32F4xx_HAL_Driver/Src/stm32f4xx_hal_pcd.o
                0x0000000008001ff6                HAL_PCD_EP_Transmit
 .text.HAL_PCD_EP_SetStall
                0x0000000008002036       0x70 Drivers/STM32F4xx_HAL_Driver/Src/stm32f4xx_hal_pcd.o
                0x0000000008002036                HAL_PCD_EP_SetStall
 .text.HAL_PCD_EP_ClrStall
                0x00000000080020a6       0x6c Drivers/STM32F4xx_HAL_Driver/Src/stm32f4xx_hal_pcd.o
                0x00000000080020a6                HAL_PCD_EP_ClrStall
 .text.HAL_PCDEx_SetTxFiFo
                0x0000000008002112       0x40 Drivers/STM32F4xx_HAL_Driver/Src/stm32f4xx_hal_pcd_ex.o
                0x0000000008002112                HAL_PCDEx_SetTxFiFo
 .text.HAL_PCDEx_SetRxFiFo
                0x0000000008002152        0x8 Drivers/STM32F4xx_HAL_Driver/Src/stm32f4xx_hal_pcd_ex.o
                0x0000000008002152                HAL_PCDEx_SetRxFiFo
 .text.HAL_PCDEx_LPM_Callback
                0x000000000800215a        0x2 Drivers/STM32F4xx_HAL_Driver/Src/stm32f4xx_hal_pcd_ex.o
                0x000000000800215a                HAL_PCDEx_LPM_Callback
 .text.HAL_RCC_OscConfig
                0x000000000800215c      0x358 Drivers/STM32F4xx_HAL_Driver/Src/stm32f4xx_hal_rcc.o
                0x000000000800215c                HAL_RCC_OscConfig
 .text.HAL_RCC_GetSysClockFreq
                0x00000000080024b4       0x5c Drivers/STM32F4xx_HAL_Driver/Src/stm32f4xx_hal_rcc.o
                0x00000000080024b4                HAL_RCC_GetSysClockFreq
 .text.HAL_RCC_ClockConfig
                0x0000000008002510      0x138 Drivers/STM32F4xx_HAL_Driver/Src/stm32f4xx_hal_rcc.o
                0x0000000008002510                HAL_RCC_ClockConfig
 .text.HAL_RCC_GetHCLKFreq
                0x0000000008002648        0xc Drivers/STM32F4xx_HAL_Driver/Src/stm32f4xx_hal_rcc.o
                0x0000000008002648                HAL_RCC_GetHCLKFreq
 .text.HAL_RCC_GetPCLK1Freq
                0x0000000008002654       0x20 Drivers/STM32F4xx_HAL_Driver/Src/stm32f4xx_hal_rcc.o
                0x0000000008002654                HAL_RCC_GetPCLK1Freq
 .text.HAL_RCCEx_PeriphCLKConfig
                0x0000000008002674      0x130 Drivers/STM32F4xx_HAL_Driver/Src/stm32f4xx_hal_rcc_ex.o
                0x0000000008002674                HAL_RCCEx_PeriphCLKConfig
 .text.HAL_RCCEx_GetPeriphCLKFreq
                0x00000000080027a4       0x4c Drivers/STM32F4xx_HAL_Driver/Src/stm32f4xx_hal_rcc_ex.o
                0x00000000080027a4                HAL_RCCEx_GetPeriphCLKFreq
 .text.HAL_SPI_Init
                0x00000000080027f0       0xb8 Drivers/STM32F4xx_HAL_Driver/Src/stm32f4xx_hal_spi.o
                0x00000000080027f0                HAL_SPI_Init
 .text.USB_CoreReset
                0x00000000080028a8       0x30 Drivers/STM32F4xx_HAL_Driver/Src/stm32f4xx_ll_usb.o
 .text.USB_CoreInit
                0x00000000080028d8       0x80 Drivers/STM32F4xx_HAL_Driver/Src/stm32f4xx_ll_usb.o
                0x00000000080028d8                USB_CoreInit
 .text.USB_SetTurnaroundTime
                0x0000000008002958       0xe0 Drivers/STM32F4xx_HAL_Driver/Src/stm32f4xx_ll_usb.o
                0x0000000008002958                USB_SetTurnaroundTime
 .text.USB_EnableGlobalInt
                0x0000000008002a38        0xc Drivers/STM32F4xx_HAL_Driver/Src/stm32f4xx_ll_usb.o
                0x0000000008002a38                USB_EnableGlobalInt
 .text.USB_DisableGlobalInt
                0x0000000008002a44        0xc Drivers/STM32F4xx_HAL_Driver/Src/stm32f4xx_ll_usb.o
                0x0000000008002a44                USB_DisableGlobalInt
 .text.USB_SetCurrentMode
                0x0000000008002a50       0x2e Drivers/STM32F4xx_HAL_Driver/Src/stm32f4xx_ll_usb.o
                0x0000000008002a50                USB_SetCurrentMode
 *fill*         0x0000000008002a7e        0x2 
 .text.USB_FlushTxFifo
                0x0000000008002a80       0x24 Drivers/STM32F4xx_HAL_Driver/Src/stm32f4xx_ll_usb.o
                0x0000000008002a80                USB_FlushTxFifo
 .text.USB_FlushRxFifo
                0x0000000008002aa4       0x20 Drivers/STM32F4xx_HAL_Driver/Src/stm32f4xx_ll_usb.o
                0x0000000008002aa4                USB_FlushRxFifo
 .text.USB_SetDevSpeed
                0x0000000008002ac4        0xe Drivers/STM32F4xx_HAL_Driver/Src/stm32f4xx_ll_usb.o
                0x0000000008002ac4                USB_SetDevSpeed
 *fill*         0x0000000008002ad2        0x2 
 .text.USB_DevInit
                0x0000000008002ad4      0x170 Drivers/STM32F4xx_HAL_Driver/Src/stm32f4xx_ll_usb.o
                0x0000000008002ad4                USB_DevInit
 .text.USB_GetDevSpeed
                0x0000000008002c44       0x16 Drivers/STM32F4xx_HAL_Driver/Src/stm32f4xx_ll_usb.o
                0x0000000008002c44                USB_GetDevSpeed
 .text.USB_ActivateEndpoint
                0x0000000008002c5a       0x7c Drivers/STM32F4xx_HAL_Driver/Src/stm32f4xx_ll_usb.o
                0x0000000008002c5a                USB_ActivateEndpoint
 *fill*         0x0000000008002cd6        0x2 
 .text.USB_DeactivateEndpoint
                0x0000000008002cd8       0xac Drivers/STM32F4xx_HAL_Driver/Src/stm32f4xx_ll_usb.o
                0x0000000008002cd8                USB_DeactivateEndpoint
 .text.USB_EP0StartXfer
                0x0000000008002d84       0xf4 Drivers/STM32F4xx_HAL_Driver/Src/stm32f4xx_ll_usb.o
                0x0000000008002d84                USB_EP0StartXfer
 .text.USB_WritePacket
                0x0000000008002e78       0x26 Drivers/STM32F4xx_HAL_Driver/Src/stm32f4xx_ll_usb.o
                0x0000000008002e78                USB_WritePacket
 *fill*         0x0000000008002e9e        0x2 
 .text.USB_EPStartXfer
                0x0000000008002ea0      0x1dc Drivers/STM32F4xx_HAL_Driver/Src/stm32f4xx_ll_usb.o
                0x0000000008002ea0                USB_EPStartXfer
 .text.USB_ReadPacket
                0x000000000800307c       0x1c Drivers/STM32F4xx_HAL_Driver/Src/stm32f4xx_ll_usb.o
                0x000000000800307c                USB_ReadPacket
 .text.USB_EPSetStall
                0x0000000008003098       0x56 Drivers/STM32F4xx_HAL_Driver/Src/stm32f4xx_ll_usb.o
                0x0000000008003098                USB_EPSetStall
 .text.USB_EPClearStall
                0x00000000080030ee       0x52 Drivers/STM32F4xx_HAL_Driver/Src/stm32f4xx_ll_usb.o
                0x00000000080030ee                USB_EPClearStall
 .text.USB_SetDevAddress
                0x0000000008003140       0x20 Drivers/STM32F4xx_HAL_Driver/Src/stm32f4xx_ll_usb.o
                0x0000000008003140                USB_SetDevAddress
 .text.USB_DevConnect
                0x0000000008003160       0x1c Drivers/STM32F4xx_HAL_Driver/Src/stm32f4xx_ll_usb.o
                0x0000000008003160                USB_DevConnect
 .text.USB_DevDisconnect
                0x000000000800317c       0x1c Drivers/STM32F4xx_HAL_Driver/Src/stm32f4xx_ll_usb.o
                0x000000000800317c                USB_DevDisconnect
 .text.USB_ReadInterrupts
                0x0000000008003198        0x8 Drivers/STM32F4xx_HAL_Driver/Src/stm32f4xx_ll_usb.o
                0x0000000008003198                USB_ReadInterrupts
 .text.USB_ReadDevAllOutEpInterrupt
                0x00000000080031a0       0x10 Drivers/STM32F4xx_HAL_Driver/Src/stm32f4xx_ll_usb.o
                0x00000000080031a0                USB_ReadDevAllOutEpInterrupt
 .text.USB_ReadDevAllInEpInterrupt
                0x00000000080031b0       0x10 Drivers/STM32F4xx_HAL_Driver/Src/stm32f4xx_ll_usb.o
                0x00000000080031b0                USB_ReadDevAllInEpInterrupt
 .text.USB_ReadDevOutEPInterrupt
                0x00000000080031c0       0x12 Drivers/STM32F4xx_HAL_Driver/Src/stm32f4xx_ll_usb.o
                0x00000000080031c0                USB_ReadDevOutEPInterrupt
 .text.USB_ReadDevInEPInterrupt
                0x00000000080031d2       0x24 Drivers/STM32F4xx_HAL_Driver/Src/stm32f4xx_ll_usb.o
                0x00000000080031d2                USB_ReadDevInEPInterrupt
 .text.USB_GetMode
                0x00000000080031f6        0x8 Drivers/STM32F4xx_HAL_Driver/Src/stm32f4xx_ll_usb.o
                0x00000000080031f6                USB_GetMode
 .text.USB_ActivateSetup
                0x00000000080031fe       0x20 Drivers/STM32F4xx_HAL_Driver/Src/stm32f4xx_ll_usb.o
                0x00000000080031fe                USB_ActivateSetup
 *fill*         0x000000000800321e        0x2 
 .text.USB_EP0_OutStart
                0x0000000008003220       0x4c Drivers/STM32F4xx_HAL_Driver/Src/stm32f4xx_ll_usb.o
                0x0000000008003220                USB_EP0_OutStart
 .text.cobs_encode
                0x000000000800326c       0x86 EMPlibs/src/MPcore/cobs-c/cobs.o
                0x000000000800326c                cobs_encode
 .text.cobs_decode
                0x00000000080032f2       0xb6 EMPlibs/src/MPcore/cobs-c/cobs.o
                0x00000000080032f2                cobs_decode
 .text._Z8crc_mathhh
                0x00000000080033a8       0x50 EMPlibs/src/MPcore/crc8/crc8.o
                0x00000000080033a8                crc_math(unsigned char, unsigned char)
 .text._Z11crc8_streamPht
                0x00000000080033f8       0x1a EMPlibs/src/MPcore/crc8/crc8.o
                0x00000000080033f8                crc8_stream(unsigned char*, unsigned short)
 .text.USBD_CDC_EP0_RxReady
                0x0000000008003412       0x2e Middlewares/ST/STM32_USB_Device_Library/Class/CDC/Src/usbd_cdc.o
 .text.USBD_CDC_GetFSCfgDesc
                0x0000000008003440        0xc Middlewares/ST/STM32_USB_Device_Library/Class/CDC/Src/usbd_cdc.o
 .text.USBD_CDC_GetHSCfgDesc
                0x000000000800344c        0xc Middlewares/ST/STM32_USB_Device_Library/Class/CDC/Src/usbd_cdc.o
 .text.USBD_CDC_GetOtherSpeedCfgDesc
                0x0000000008003458        0xc Middlewares/ST/STM32_USB_Device_Library/Class/CDC/Src/usbd_cdc.o
 .text.USBD_CDC_GetDeviceQualifierDescriptor
                0x0000000008003464        0xc Middlewares/ST/STM32_USB_Device_Library/Class/CDC/Src/usbd_cdc.o
                0x0000000008003464                USBD_CDC_GetDeviceQualifierDescriptor
 .text.USBD_CDC_DataOut
                0x0000000008003470       0x2a Middlewares/ST/STM32_USB_Device_Library/Class/CDC/Src/usbd_cdc.o
 .text.USBD_CDC_DataIn
                0x000000000800349a       0x60 Middlewares/ST/STM32_USB_Device_Library/Class/CDC/Src/usbd_cdc.o
 *fill*         0x00000000080034fa        0x2 
 .text.USBD_CDC_Setup
                0x00000000080034fc       0xf8 Middlewares/ST/STM32_USB_Device_Library/Class/CDC/Src/usbd_cdc.o
 .text.USBD_CDC_DeInit
                0x00000000080035f4       0x42 Middlewares/ST/STM32_USB_Device_Library/Class/CDC/Src/usbd_cdc.o
 .text.USBD_CDC_Init
                0x0000000008003636       0xa6 Middlewares/ST/STM32_USB_Device_Library/Class/CDC/Src/usbd_cdc.o
 .text.USBD_CDC_RegisterInterface
                0x00000000080036dc        0xe Middlewares/ST/STM32_USB_Device_Library/Class/CDC/Src/usbd_cdc.o
                0x00000000080036dc                USBD_CDC_RegisterInterface
 .text.USBD_CDC_SetTxBuffer
                0x00000000080036ea       0x16 Middlewares/ST/STM32_USB_Device_Library/Class/CDC/Src/usbd_cdc.o
                0x00000000080036ea                USBD_CDC_SetTxBuffer
 .text.USBD_CDC_SetRxBuffer
                0x0000000008003700       0x12 Middlewares/ST/STM32_USB_Device_Library/Class/CDC/Src/usbd_cdc.o
                0x0000000008003700                USBD_CDC_SetRxBuffer
 .text.USBD_CDC_TransmitPacket
                0x0000000008003712       0x30 Middlewares/ST/STM32_USB_Device_Library/Class/CDC/Src/usbd_cdc.o
                0x0000000008003712                USBD_CDC_TransmitPacket
 .text.USBD_CDC_ReceivePacket
                0x0000000008003742       0x2e Middlewares/ST/STM32_USB_Device_Library/Class/CDC/Src/usbd_cdc.o
                0x0000000008003742                USBD_CDC_ReceivePacket
 .text.USBD_Init
                0x0000000008003770       0x26 Middlewares/ST/STM32_USB_Device_Library/Core/Src/usbd_core.o
                0x0000000008003770                USBD_Init
 .text.USBD_RegisterClass
                0x0000000008003796       0x2c Middlewares/ST/STM32_USB_Device_Library/Core/Src/usbd_core.o
                0x0000000008003796                USBD_RegisterClass
 .text.USBD_Start
                0x00000000080037c2        0x4 Middlewares/ST/STM32_USB_Device_Library/Core/Src/usbd_core.o
                0x00000000080037c2                USBD_Start
 .text.USBD_SetClassConfig
                0x00000000080037c6        0xe Middlewares/ST/STM32_USB_Device_Library/Core/Src/usbd_core.o
                0x00000000080037c6                USBD_SetClassConfig
 .text.USBD_ClrClassConfig
                0x00000000080037d4       0x10 Middlewares/ST/STM32_USB_Device_Library/Core/Src/usbd_core.o
                0x00000000080037d4                USBD_ClrClassConfig
 .text.USBD_LL_SetupStage
                0x00000000080037e4       0x60 Middlewares/ST/STM32_USB_Device_Library/Core/Src/usbd_core.o
                0x00000000080037e4                USBD_LL_SetupStage
 .text.USBD_LL_DataOutStage
                0x0000000008003844       0x60 Middlewares/ST/STM32_USB_Device_Library/Core/Src/usbd_core.o
                0x0000000008003844                USBD_LL_DataOutStage
 .text.USBD_LL_DataInStage
                0x00000000080038a4       0xa4 Middlewares/ST/STM32_USB_Device_Library/Core/Src/usbd_core.o
                0x00000000080038a4                USBD_LL_DataInStage
 .text.USBD_LL_Reset
                0x0000000008003948       0x58 Middlewares/ST/STM32_USB_Device_Library/Core/Src/usbd_core.o
                0x0000000008003948                USBD_LL_Reset
 .text.USBD_LL_SetSpeed
                0x00000000080039a0        0x6 Middlewares/ST/STM32_USB_Device_Library/Core/Src/usbd_core.o
                0x00000000080039a0                USBD_LL_SetSpeed
 .text.USBD_LL_Suspend
                0x00000000080039a6       0x14 Middlewares/ST/STM32_USB_Device_Library/Core/Src/usbd_core.o
                0x00000000080039a6                USBD_LL_Suspend
 .text.USBD_LL_Resume
                0x00000000080039ba       0x16 Middlewares/ST/STM32_USB_Device_Library/Core/Src/usbd_core.o
                0x00000000080039ba                USBD_LL_Resume
 .text.USBD_LL_SOF
                0x00000000080039d0       0x22 Middlewares/ST/STM32_USB_Device_Library/Core/Src/usbd_core.o
                0x00000000080039d0                USBD_LL_SOF
 .text.USBD_LL_IsoINIncomplete
                0x00000000080039f2       0x22 Middlewares/ST/STM32_USB_Device_Library/Core/Src/usbd_core.o
                0x00000000080039f2                USBD_LL_IsoINIncomplete
 .text.USBD_LL_IsoOUTIncomplete
                0x0000000008003a14       0x22 Middlewares/ST/STM32_USB_Device_Library/Core/Src/usbd_core.o
                0x0000000008003a14                USBD_LL_IsoOUTIncomplete
 .text.USBD_LL_DevConnected
                0x0000000008003a36        0x4 Middlewares/ST/STM32_USB_Device_Library/Core/Src/usbd_core.o
                0x0000000008003a36                USBD_LL_DevConnected
 .text.USBD_LL_DevDisconnected
                0x0000000008003a3a       0x18 Middlewares/ST/STM32_USB_Device_Library/Core/Src/usbd_core.o
                0x0000000008003a3a                USBD_LL_DevDisconnected
 .text.USBD_CtlError.constprop.0
                0x0000000008003a52       0x16 Middlewares/ST/STM32_USB_Device_Library/Core/Src/usbd_ctlreq.o
 .text.USBD_StdDevReq
                0x0000000008003a68      0x284 Middlewares/ST/STM32_USB_Device_Library/Core/Src/usbd_ctlreq.o
                0x0000000008003a68                USBD_StdDevReq
 .text.USBD_StdItfReq
                0x0000000008003cec       0x4c Middlewares/ST/STM32_USB_Device_Library/Core/Src/usbd_ctlreq.o
                0x0000000008003cec                USBD_StdItfReq
 .text.USBD_StdEPReq
                0x0000000008003d38      0x11e Middlewares/ST/STM32_USB_Device_Library/Core/Src/usbd_ctlreq.o
                0x0000000008003d38                USBD_StdEPReq
 .text.USBD_ParseSetupRequest
                0x0000000008003e56       0x28 Middlewares/ST/STM32_USB_Device_Library/Core/Src/usbd_ctlreq.o
                0x0000000008003e56                USBD_ParseSetupRequest
 .text.USBD_CtlError
                0x0000000008003e7e       0x16 Middlewares/ST/STM32_USB_Device_Library/Core/Src/usbd_ctlreq.o
                0x0000000008003e7e                USBD_CtlError
 .text.USBD_GetString
                0x0000000008003e94       0x38 Middlewares/ST/STM32_USB_Device_Library/Core/Src/usbd_ctlreq.o
                0x0000000008003e94                USBD_GetString
 .text.USBD_CtlSendData
                0x0000000008003ecc       0x1a Middlewares/ST/STM32_USB_Device_Library/Core/Src/usbd_ioreq.o
                0x0000000008003ecc                USBD_CtlSendData
 .text.USBD_CtlContinueSendData
                0x0000000008003ee6       0x10 Middlewares/ST/STM32_USB_Device_Library/Core/Src/usbd_ioreq.o
                0x0000000008003ee6                USBD_CtlContinueSendData
 .text.USBD_CtlPrepareRx
                0x0000000008003ef6       0x1a Middlewares/ST/STM32_USB_Device_Library/Core/Src/usbd_ioreq.o
                0x0000000008003ef6                USBD_CtlPrepareRx
 .text.USBD_CtlContinueRx
                0x0000000008003f10       0x10 Middlewares/ST/STM32_USB_Device_Library/Core/Src/usbd_ioreq.o
                0x0000000008003f10                USBD_CtlContinueRx
 .text.USBD_CtlSendStatus
                0x0000000008003f20       0x16 Middlewares/ST/STM32_USB_Device_Library/Core/Src/usbd_ioreq.o
                0x0000000008003f20                USBD_CtlSendStatus
 .text.USBD_CtlReceiveStatus
                0x0000000008003f36       0x16 Middlewares/ST/STM32_USB_Device_Library/Core/Src/usbd_ioreq.o
                0x0000000008003f36                USBD_CtlReceiveStatus
 .text.MX_USB_DEVICE_Init
                0x0000000008003f4c       0x50 USB_DEVICE/App/usb_device.o
                0x0000000008003f4c                MX_USB_DEVICE_Init
 .text.CDC_DeInit_FS
                0x0000000008003f9c        0x4 USB_DEVICE/App/usbd_cdc_if.o
 .text.CDC_Control_FS
                0x0000000008003fa0        0x4 USB_DEVICE/App/usbd_cdc_if.o
 .text.CDC_TransmitCplt_FS
                0x0000000008003fa4        0x4 USB_DEVICE/App/usbd_cdc_if.o
 .text.CDC_Receive_FS
                0x0000000008003fa8       0x1c USB_DEVICE/App/usbd_cdc_if.o
 .text.CDC_Init_FS
                0x0000000008003fc4       0x28 USB_DEVICE/App/usbd_cdc_if.o
 .text.CDC_Transmit_FS
                0x0000000008003fec       0x2c USB_DEVICE/App/usbd_cdc_if.o
                0x0000000008003fec                CDC_Transmit_FS
 .text.USBD_FS_DeviceDescriptor
                0x0000000008004018        0xc USB_DEVICE/App/usbd_desc.o
                0x0000000008004018                USBD_FS_DeviceDescriptor
 .text.USBD_FS_LangIDStrDescriptor
                0x0000000008004024        0xc USB_DEVICE/App/usbd_desc.o
                0x0000000008004024                USBD_FS_LangIDStrDescriptor
 .text.IntToUnicode
                0x0000000008004030       0x2a USB_DEVICE/App/usbd_desc.o
 *fill*         0x000000000800405a        0x2 
 .text.USBD_FS_SerialStrDescriptor
                0x000000000800405c       0x40 USB_DEVICE/App/usbd_desc.o
                0x000000000800405c                USBD_FS_SerialStrDescriptor
 .text.USBD_FS_ManufacturerStrDescriptor
                0x000000000800409c       0x1c USB_DEVICE/App/usbd_desc.o
                0x000000000800409c                USBD_FS_ManufacturerStrDescriptor
 .text.USBD_FS_ProductStrDescriptor
                0x00000000080040b8       0x1c USB_DEVICE/App/usbd_desc.o
                0x00000000080040b8                USBD_FS_ProductStrDescriptor
 .text.USBD_FS_ConfigStrDescriptor
                0x00000000080040d4       0x1c USB_DEVICE/App/usbd_desc.o
                0x00000000080040d4                USBD_FS_ConfigStrDescriptor
 .text.USBD_FS_InterfaceStrDescriptor
                0x00000000080040f0       0x1c USB_DEVICE/App/usbd_desc.o
                0x00000000080040f0                USBD_FS_InterfaceStrDescriptor
 .text.HAL_PCD_MspInit
                0x000000000800410c       0x94 USB_DEVICE/Target/usbd_conf.o
                0x000000000800410c                HAL_PCD_MspInit
 .text.HAL_PCD_SetupStageCallback
                0x00000000080041a0        0xc USB_DEVICE/Target/usbd_conf.o
                0x00000000080041a0                HAL_PCD_SetupStageCallback
 .text.HAL_PCD_DataOutStageCallback
                0x00000000080041ac       0x12 USB_DEVICE/Target/usbd_conf.o
                0x00000000080041ac                HAL_PCD_DataOutStageCallback
 .text.HAL_PCD_DataInStageCallback
                0x00000000080041be       0x10 USB_DEVICE/Target/usbd_conf.o
                0x00000000080041be                HAL_PCD_DataInStageCallback
 .text.HAL_PCD_SOFCallback
                0x00000000080041ce        0x8 USB_DEVICE/Target/usbd_conf.o
                0x00000000080041ce                HAL_PCD_SOFCallback
 .text.HAL_PCD_ResetCallback
                0x00000000080041d6       0x26 USB_DEVICE/Target/usbd_conf.o
                0x00000000080041d6                HAL_PCD_ResetCallback
 .text.HAL_PCD_SuspendCallback
                0x00000000080041fc       0x30 USB_DEVICE/Target/usbd_conf.o
                0x00000000080041fc                HAL_PCD_SuspendCallback
 .text.HAL_PCD_ResumeCallback
                0x000000000800422c        0x8 USB_DEVICE/Target/usbd_conf.o
                0x000000000800422c                HAL_PCD_ResumeCallback
 .text.HAL_PCD_ISOOUTIncompleteCallback
                0x0000000008004234        0x8 USB_DEVICE/Target/usbd_conf.o
                0x0000000008004234                HAL_PCD_ISOOUTIncompleteCallback
 .text.HAL_PCD_ISOINIncompleteCallback
                0x000000000800423c        0x8 USB_DEVICE/Target/usbd_conf.o
                0x000000000800423c                HAL_PCD_ISOINIncompleteCallback
 .text.HAL_PCD_ConnectCallback
                0x0000000008004244        0x8 USB_DEVICE/Target/usbd_conf.o
                0x0000000008004244                HAL_PCD_ConnectCallback
 .text.HAL_PCD_DisconnectCallback
                0x000000000800424c        0x8 USB_DEVICE/Target/usbd_conf.o
                0x000000000800424c                HAL_PCD_DisconnectCallback
 .text.USBD_LL_Init
                0x0000000008004254       0x60 USB_DEVICE/Target/usbd_conf.o
                0x0000000008004254                USBD_LL_Init
 .text.USBD_LL_Start
                0x00000000080042b4       0x1c USB_DEVICE/Target/usbd_conf.o
                0x00000000080042b4                USBD_LL_Start
 .text.USBD_LL_OpenEP
                0x00000000080042d0       0x20 USB_DEVICE/Target/usbd_conf.o
                0x00000000080042d0                USBD_LL_OpenEP
 .text.USBD_LL_CloseEP
                0x00000000080042f0       0x1c USB_DEVICE/Target/usbd_conf.o
                0x00000000080042f0                USBD_LL_CloseEP
 .text.USBD_LL_StallEP
                0x000000000800430c       0x1c USB_DEVICE/Target/usbd_conf.o
                0x000000000800430c                USBD_LL_StallEP
 .text.USBD_LL_ClearStallEP
                0x0000000008004328       0x1c USB_DEVICE/Target/usbd_conf.o
                0x0000000008004328                USBD_LL_ClearStallEP
 .text.USBD_LL_IsStallEP
                0x0000000008004344       0x26 USB_DEVICE/Target/usbd_conf.o
                0x0000000008004344                USBD_LL_IsStallEP
 *fill*         0x000000000800436a        0x2 
 .text.USBD_LL_SetUSBAddress
                0x000000000800436c       0x1c USB_DEVICE/Target/usbd_conf.o
                0x000000000800436c                USBD_LL_SetUSBAddress
 .text.USBD_LL_Transmit
                0x0000000008004388       0x1c USB_DEVICE/Target/usbd_conf.o
                0x0000000008004388                USBD_LL_Transmit
 .text.USBD_LL_PrepareReceive
                0x00000000080043a4       0x1c USB_DEVICE/Target/usbd_conf.o
                0x00000000080043a4                USBD_LL_PrepareReceive
 .text.USBD_LL_GetRxDataSize
                0x00000000080043c0        0x8 USB_DEVICE/Target/usbd_conf.o
                0x00000000080043c0                USBD_LL_GetRxDataSize
 .text.USBD_static_malloc
                0x00000000080043c8        0x8 USB_DEVICE/Target/usbd_conf.o
                0x00000000080043c8                USBD_static_malloc
 .text.USBD_static_free
                0x00000000080043d0        0x2 USB_DEVICE/Target/usbd_conf.o
                0x00000000080043d0                USBD_static_free
 .text.__cxa_pure_virtual
                0x00000000080043d2        0x6 /opt/st/stm32cubeide_1.6.1/plugins/com.st.stm32cube.ide.mcu.externaltools.gnu-tools-for-stm32.9-2020-q2-update.linux64_1.5.0.202011040924/tools/bin/../lib/gcc/arm-none-eabi/9.3.1/../../../../arm-none-eabi/lib/thumb/v7e-m+fp/hard/libstdc++_nano.a(pure.o)
                0x00000000080043d2                __cxa_pure_virtual
 .text._ZN10__cxxabiv111__terminateEPFvvE
                0x00000000080043d8        0x8 /opt/st/stm32cubeide_1.6.1/plugins/com.st.stm32cube.ide.mcu.externaltools.gnu-tools-for-stm32.9-2020-q2-update.linux64_1.5.0.202011040924/tools/bin/../lib/gcc/arm-none-eabi/9.3.1/../../../../arm-none-eabi/lib/thumb/v7e-m+fp/hard/libstdc++_nano.a(eh_terminate.o)
                0x00000000080043d8                __cxxabiv1::__terminate(void (*)())
 .text._ZSt13get_terminatev
                0x00000000080043e0       0x10 /opt/st/stm32cubeide_1.6.1/plugins/com.st.stm32cube.ide.mcu.externaltools.gnu-tools-for-stm32.9-2020-q2-update.linux64_1.5.0.202011040924/tools/bin/../lib/gcc/arm-none-eabi/9.3.1/../../../../arm-none-eabi/lib/thumb/v7e-m+fp/hard/libstdc++_nano.a(eh_terminate.o)
                0x00000000080043e0                std::get_terminate()
 .text._ZSt9terminatev
                0x00000000080043f0        0xa /opt/st/stm32cubeide_1.6.1/plugins/com.st.stm32cube.ide.mcu.externaltools.gnu-tools-for-stm32.9-2020-q2-update.linux64_1.5.0.202011040924/tools/bin/../lib/gcc/arm-none-eabi/9.3.1/../../../../arm-none-eabi/lib/thumb/v7e-m+fp/hard/libstdc++_nano.a(eh_terminate.o)
                0x00000000080043f0                std::terminate()
 .text.abort    0x00000000080043fa        0xe /opt/st/stm32cubeide_1.6.1/plugins/com.st.stm32cube.ide.mcu.externaltools.gnu-tools-for-stm32.9-2020-q2-update.linux64_1.5.0.202011040924/tools/bin/../lib/gcc/arm-none-eabi/9.3.1/../../../../arm-none-eabi/lib/thumb/v7e-m+fp/hard/libc_nano.a(lib_a-abort.o)
                0x00000000080043fa                abort
 .text.__errno  0x0000000008004408        0xc /opt/st/stm32cubeide_1.6.1/plugins/com.st.stm32cube.ide.mcu.externaltools.gnu-tools-for-stm32.9-2020-q2-update.linux64_1.5.0.202011040924/tools/bin/../lib/gcc/arm-none-eabi/9.3.1/../../../../arm-none-eabi/lib/thumb/v7e-m+fp/hard/libc_nano.a(lib_a-errno.o)
                0x0000000008004408                __errno
 .text.__libc_init_array
                0x0000000008004414       0x48 /opt/st/stm32cubeide_1.6.1/plugins/com.st.stm32cube.ide.mcu.externaltools.gnu-tools-for-stm32.9-2020-q2-update.linux64_1.5.0.202011040924/tools/bin/../lib/gcc/arm-none-eabi/9.3.1/../../../../arm-none-eabi/lib/thumb/v7e-m+fp/hard/libc_nano.a(lib_a-init.o)
                0x0000000008004414                __libc_init_array
 .text.memcpy   0x000000000800445c       0x1c /opt/st/stm32cubeide_1.6.1/plugins/com.st.stm32cube.ide.mcu.externaltools.gnu-tools-for-stm32.9-2020-q2-update.linux64_1.5.0.202011040924/tools/bin/../lib/gcc/arm-none-eabi/9.3.1/../../../../arm-none-eabi/lib/thumb/v7e-m+fp/hard/libc_nano.a(lib_a-memcpy-stub.o)
                0x000000000800445c                memcpy
 .text.memset   0x0000000008004478       0x10 /opt/st/stm32cubeide_1.6.1/plugins/com.st.stm32cube.ide.mcu.externaltools.gnu-tools-for-stm32.9-2020-q2-update.linux64_1.5.0.202011040924/tools/bin/../lib/gcc/arm-none-eabi/9.3.1/../../../../arm-none-eabi/lib/thumb/v7e-m+fp/hard/libc_nano.a(lib_a-memset.o)
                0x0000000008004478                memset
 .text._raise_r
                0x0000000008004488       0x50 /opt/st/stm32cubeide_1.6.1/plugins/com.st.stm32cube.ide.mcu.externaltools.gnu-tools-for-stm32.9-2020-q2-update.linux64_1.5.0.202011040924/tools/bin/../lib/gcc/arm-none-eabi/9.3.1/../../../../arm-none-eabi/lib/thumb/v7e-m+fp/hard/libc_nano.a(lib_a-signal.o)
                0x0000000008004488                _raise_r
 .text.raise    0x00000000080044d8       0x10 /opt/st/stm32cubeide_1.6.1/plugins/com.st.stm32cube.ide.mcu.externaltools.gnu-tools-for-stm32.9-2020-q2-update.linux64_1.5.0.202011040924/tools/bin/../lib/gcc/arm-none-eabi/9.3.1/../../../../arm-none-eabi/lib/thumb/v7e-m+fp/hard/libc_nano.a(lib_a-signal.o)
                0x00000000080044d8                raise
 .text._kill_r  0x00000000080044e8       0x24 /opt/st/stm32cubeide_1.6.1/plugins/com.st.stm32cube.ide.mcu.externaltools.gnu-tools-for-stm32.9-2020-q2-update.linux64_1.5.0.202011040924/tools/bin/../lib/gcc/arm-none-eabi/9.3.1/../../../../arm-none-eabi/lib/thumb/v7e-m+fp/hard/libc_nano.a(lib_a-signalr.o)
                0x00000000080044e8                _kill_r
 .text._getpid_r
                0x000000000800450c        0x4 /opt/st/stm32cubeide_1.6.1/plugins/com.st.stm32cube.ide.mcu.externaltools.gnu-tools-for-stm32.9-2020-q2-update.linux64_1.5.0.202011040924/tools/bin/../lib/gcc/arm-none-eabi/9.3.1/../../../../arm-none-eabi/lib/thumb/v7e-m+fp/hard/libc_nano.a(lib_a-signalr.o)
                0x000000000800450c                _getpid_r
 *(.glue_7)
 .glue_7        0x0000000008004510        0x0 linker stubs
 *(.glue_7t)
 .glue_7t       0x0000000008004510        0x0 linker stubs
 *(.eh_frame)
 .eh_frame      0x0000000008004510        0x0 /opt/st/stm32cubeide_1.6.1/plugins/com.st.stm32cube.ide.mcu.externaltools.gnu-tools-for-stm32.9-2020-q2-update.linux64_1.5.0.202011040924/tools/bin/../lib/gcc/arm-none-eabi/9.3.1/thumb/v7e-m+fp/hard/crtbegin.o
 *(.init)
 .init          0x0000000008004510        0x4 /opt/st/stm32cubeide_1.6.1/plugins/com.st.stm32cube.ide.mcu.externaltools.gnu-tools-for-stm32.9-2020-q2-update.linux64_1.5.0.202011040924/tools/bin/../lib/gcc/arm-none-eabi/9.3.1/thumb/v7e-m+fp/hard/crti.o
                0x0000000008004510                _init
 .init          0x0000000008004514        0x8 /opt/st/stm32cubeide_1.6.1/plugins/com.st.stm32cube.ide.mcu.externaltools.gnu-tools-for-stm32.9-2020-q2-update.linux64_1.5.0.202011040924/tools/bin/../lib/gcc/arm-none-eabi/9.3.1/thumb/v7e-m+fp/hard/crtn.o
 *(.fini)
 .fini          0x000000000800451c        0x4 /opt/st/stm32cubeide_1.6.1/plugins/com.st.stm32cube.ide.mcu.externaltools.gnu-tools-for-stm32.9-2020-q2-update.linux64_1.5.0.202011040924/tools/bin/../lib/gcc/arm-none-eabi/9.3.1/thumb/v7e-m+fp/hard/crti.o
                0x000000000800451c                _fini
 .fini          0x0000000008004520        0x8 /opt/st/stm32cubeide_1.6.1/plugins/com.st.stm32cube.ide.mcu.externaltools.gnu-tools-for-stm32.9-2020-q2-update.linux64_1.5.0.202011040924/tools/bin/../lib/gcc/arm-none-eabi/9.3.1/thumb/v7e-m+fp/hard/crtn.o
                0x0000000008004528                . = ALIGN (0x4)
                0x0000000008004528                _etext = .

.vfp11_veneer   0x0000000008004528        0x0
 .vfp11_veneer  0x0000000008004528        0x0 linker stubs

.v4_bx          0x0000000008004528        0x0
 .v4_bx         0x0000000008004528        0x0 linker stubs

.iplt           0x0000000008004528        0x0
 .iplt          0x0000000008004528        0x0 /opt/st/stm32cubeide_1.6.1/plugins/com.st.stm32cube.ide.mcu.externaltools.gnu-tools-for-stm32.9-2020-q2-update.linux64_1.5.0.202011040924/tools/bin/../lib/gcc/arm-none-eabi/9.3.1/thumb/v7e-m+fp/hard/crtbegin.o

.rodata         0x0000000008004528       0x98
                0x0000000008004528                . = ALIGN (0x4)
 *(.rodata)
 *(.rodata*)
 .rodata._ZTVN3EMP2MPI14_packLinux2Ard14_packArd2LinuxLb1ELt16ELt4EEE
                0x0000000008004528       0x1c Core/Src/main.o
                0x0000000008004528                vtable for EMP::MP<_packLinux2Ard, _packArd2Linux, true, (unsigned short)16, (unsigned short)4>
 .rodata._ZTVN3EMP9MP_ST_usbI14_packLinux2Ard14_packArd2LinuxLb1ELt16ELt4EEE
                0x0000000008004544       0x1c Core/Src/main.o
                0x0000000008004544                vtable for EMP::MP_ST_usb<_packLinux2Ard, _packArd2Linux, true, (unsigned short)16, (unsigned short)4>
 .rodata.AHBPrescTable
                0x0000000008004560       0x10 Core/Src/system_stm32f4xx.o
                0x0000000008004560                AHBPrescTable
 .rodata.APBPrescTable
                0x0000000008004570        0x8 Core/Src/system_stm32f4xx.o
                0x0000000008004570                APBPrescTable
 .rodata.USBD_FS_ManufacturerStrDescriptor.str1.1
                0x0000000008004578       0x13 USB_DEVICE/App/usbd_desc.o
 .rodata.USBD_FS_ProductStrDescriptor.str1.1
                0x000000000800458b       0x16 USB_DEVICE/App/usbd_desc.o
 .rodata.USBD_FS_ConfigStrDescriptor.str1.1
                0x00000000080045a1        0xb USB_DEVICE/App/usbd_desc.o
 .rodata.USBD_FS_InterfaceStrDescriptor.str1.1
                0x00000000080045ac        0xe USB_DEVICE/App/usbd_desc.o
 .rodata.CSWTCH.23
                0x00000000080045ba        0x4 USB_DEVICE/Target/usbd_conf.o
                0x00000000080045c0                . = ALIGN (0x4)
 *fill*         0x00000000080045be        0x2 

.ARM.extab      0x00000000080045c0        0x0
                0x00000000080045c0                . = ALIGN (0x4)
 *(.ARM.extab* .gnu.linkonce.armextab.*)
                0x00000000080045c0                . = ALIGN (0x4)

.ARM            0x00000000080045c0        0x8
                0x00000000080045c0                . = ALIGN (0x4)
                0x00000000080045c0                __exidx_start = .
 *(.ARM.exidx*)
 .ARM.exidx     0x00000000080045c0        0x8 /opt/st/stm32cubeide_1.6.1/plugins/com.st.stm32cube.ide.mcu.externaltools.gnu-tools-for-stm32.9-2020-q2-update.linux64_1.5.0.202011040924/tools/bin/../lib/gcc/arm-none-eabi/9.3.1/thumb/v7e-m+fp/hard/libgcc.a(_udivmoddi4.o)
                0x00000000080045c8                __exidx_end = .
                0x00000000080045c8                . = ALIGN (0x4)

.rel.dyn        0x00000000080045c8        0x0
 .rel.iplt      0x00000000080045c8        0x0 /opt/st/stm32cubeide_1.6.1/plugins/com.st.stm32cube.ide.mcu.externaltools.gnu-tools-for-stm32.9-2020-q2-update.linux64_1.5.0.202011040924/tools/bin/../lib/gcc/arm-none-eabi/9.3.1/thumb/v7e-m+fp/hard/crtbegin.o

.preinit_array  0x00000000080045c8        0x0
                0x00000000080045c8                . = ALIGN (0x4)
                0x00000000080045c8                PROVIDE (__preinit_array_start = .)
 *(.preinit_array*)
                0x00000000080045c8                PROVIDE (__preinit_array_end = .)
                0x00000000080045c8                . = ALIGN (0x4)

.init_array     0x00000000080045c8        0x8
                0x00000000080045c8                . = ALIGN (0x4)
                0x00000000080045c8                PROVIDE (__init_array_start = .)
 *(SORT_BY_NAME(.init_array.*))
 *(.init_array*)
 .init_array    0x00000000080045c8        0x4 /opt/st/stm32cubeide_1.6.1/plugins/com.st.stm32cube.ide.mcu.externaltools.gnu-tools-for-stm32.9-2020-q2-update.linux64_1.5.0.202011040924/tools/bin/../lib/gcc/arm-none-eabi/9.3.1/thumb/v7e-m+fp/hard/crtbegin.o
 .init_array    0x00000000080045cc        0x4 Core/Src/main.o
                0x00000000080045d0                PROVIDE (__init_array_end = .)
                0x00000000080045d0                . = ALIGN (0x4)

.fini_array     0x00000000080045d0        0x4
                0x00000000080045d0                . = ALIGN (0x4)
                [!provide]                        PROVIDE (__fini_array_start = .)
 *(SORT_BY_NAME(.fini_array.*))
 *(.fini_array*)
 .fini_array    0x00000000080045d0        0x4 /opt/st/stm32cubeide_1.6.1/plugins/com.st.stm32cube.ide.mcu.externaltools.gnu-tools-for-stm32.9-2020-q2-update.linux64_1.5.0.202011040924/tools/bin/../lib/gcc/arm-none-eabi/9.3.1/thumb/v7e-m+fp/hard/crtbegin.o
                [!provide]                        PROVIDE (__fini_array_end = .)
                0x00000000080045d4                . = ALIGN (0x4)
                0x00000000080045d4                _sidata = LOADADDR (.data)

.data           0x0000000020000000      0x1f8 load address 0x00000000080045d4
                0x0000000020000000                . = ALIGN (0x4)
                0x0000000020000000                _sdata = .
 *(.data)
 *(.data*)
 .data.callBack
                0x0000000020000000        0x4 Core/Src/main.o
                0x0000000020000000                callBack
 .data.pWrite   0x0000000020000004        0xc Core/Src/main.o
                0x0000000020000004                pWrite
 .data.SystemCoreClock
                0x0000000020000010        0x4 Core/Src/system_stm32f4xx.o
                0x0000000020000010                SystemCoreClock
 .data.uwTickFreq
                0x0000000020000014        0x1 Drivers/STM32F4xx_HAL_Driver/Src/stm32f4xx_hal.o
                0x0000000020000014                uwTickFreq
 *fill*         0x0000000020000015        0x3 
 .data.uwTickPrio
                0x0000000020000018        0x4 Drivers/STM32F4xx_HAL_Driver/Src/stm32f4xx_hal.o
                0x0000000020000018                uwTickPrio
 .data.USBD_CDC
                0x000000002000001c       0x38 Middlewares/ST/STM32_USB_Device_Library/Class/CDC/Src/usbd_cdc.o
                0x000000002000001c                USBD_CDC
 .data.USBD_CDC_CfgFSDesc
                0x0000000020000054       0x43 Middlewares/ST/STM32_USB_Device_Library/Class/CDC/Src/usbd_cdc.o
 *fill*         0x0000000020000097        0x1 
 .data.USBD_CDC_CfgHSDesc
                0x0000000020000098       0x43 Middlewares/ST/STM32_USB_Device_Library/Class/CDC/Src/usbd_cdc.o
 *fill*         0x00000000200000db        0x1 
 .data.USBD_CDC_DeviceQualifierDesc
                0x00000000200000dc        0xa Middlewares/ST/STM32_USB_Device_Library/Class/CDC/Src/usbd_cdc.o
 *fill*         0x00000000200000e6        0x2 
 .data.USBD_CDC_OtherSpeedCfgDesc
                0x00000000200000e8       0x43 Middlewares/ST/STM32_USB_Device_Library/Class/CDC/Src/usbd_cdc.o
 *fill*         0x000000002000012b        0x1 
 .data.USBD_Interface_fops_FS
                0x000000002000012c       0x14 USB_DEVICE/App/usbd_cdc_if.o
                0x000000002000012c                USBD_Interface_fops_FS
 .data.FS_Desc  0x0000000020000140       0x1c USB_DEVICE/App/usbd_desc.o
                0x0000000020000140                FS_Desc
 .data.USBD_FS_DeviceDesc
                0x000000002000015c       0x12 USB_DEVICE/App/usbd_desc.o
                0x000000002000015c                USBD_FS_DeviceDesc
 *fill*         0x000000002000016e        0x2 
 .data.USBD_LangIDDesc
                0x0000000020000170        0x4 USB_DEVICE/App/usbd_desc.o
                0x0000000020000170                USBD_LangIDDesc
 .data.USBD_StringSerial
                0x0000000020000174       0x1a USB_DEVICE/App/usbd_desc.o
                0x0000000020000174                USBD_StringSerial
 *fill*         0x000000002000018e        0x2 
 .data._ZN10__cxxabiv119__terminate_handlerE
                0x0000000020000190        0x4 /opt/st/stm32cubeide_1.6.1/plugins/com.st.stm32cube.ide.mcu.externaltools.gnu-tools-for-stm32.9-2020-q2-update.linux64_1.5.0.202011040924/tools/bin/../lib/gcc/arm-none-eabi/9.3.1/../../../../arm-none-eabi/lib/thumb/v7e-m+fp/hard/libstdc++_nano.a(eh_term_handler.o)
                0x0000000020000190                __cxxabiv1::__terminate_handler
 .data._impure_ptr
                0x0000000020000194        0x4 /opt/st/stm32cubeide_1.6.1/plugins/com.st.stm32cube.ide.mcu.externaltools.gnu-tools-for-stm32.9-2020-q2-update.linux64_1.5.0.202011040924/tools/bin/../lib/gcc/arm-none-eabi/9.3.1/../../../../arm-none-eabi/lib/thumb/v7e-m+fp/hard/libc_nano.a(lib_a-impure.o)
                0x0000000020000194                _impure_ptr
 .data.impure_data
                0x0000000020000198       0x60 /opt/st/stm32cubeide_1.6.1/plugins/com.st.stm32cube.ide.mcu.externaltools.gnu-tools-for-stm32.9-2020-q2-update.linux64_1.5.0.202011040924/tools/bin/../lib/gcc/arm-none-eabi/9.3.1/../../../../arm-none-eabi/lib/thumb/v7e-m+fp/hard/libc_nano.a(lib_a-impure.o)
 *(.RamFunc)
 *(.RamFunc*)
                0x00000000200001f8                . = ALIGN (0x4)
                0x00000000200001f8                _edata = .

.igot.plt       0x00000000200001f8        0x0 load address 0x00000000080047cc
 .igot.plt      0x00000000200001f8        0x0 /opt/st/stm32cubeide_1.6.1/plugins/com.st.stm32cube.ide.mcu.externaltools.gnu-tools-for-stm32.9-2020-q2-update.linux64_1.5.0.202011040924/tools/bin/../lib/gcc/arm-none-eabi/9.3.1/thumb/v7e-m+fp/hard/crtbegin.o
                0x00000000200001f8                . = ALIGN (0x4)

.bss            0x00000000200001f8     0x1f98 load address 0x00000000080047cc
                0x00000000200001f8                _sbss = .
                0x00000000200001f8                __bss_start__ = _sbss
 *(.bss)
 .bss           0x00000000200001f8       0x1c /opt/st/stm32cubeide_1.6.1/plugins/com.st.stm32cube.ide.mcu.externaltools.gnu-tools-for-stm32.9-2020-q2-update.linux64_1.5.0.202011040924/tools/bin/../lib/gcc/arm-none-eabi/9.3.1/thumb/v7e-m+fp/hard/crtbegin.o
 *(.bss*)
 .bss._ZN3EMP9MP_ST_usbI14_packLinux2Ard14_packArd2LinuxLb1ELt16ELt4EE8instanceE
                0x0000000020000214        0x4 Core/Src/main.o
                0x0000000020000214                EMP::MP_ST_usb<_packLinux2Ard, _packArd2Linux, true, (unsigned short)16, (unsigned short)4>::instance
 .bss.MP_ST_class
                0x0000000020000218      0x36c Core/Src/main.o
                0x0000000020000218                MP_ST_class
 .bss.hi2c1     0x0000000020000584       0x54 Core/Src/main.o
                0x0000000020000584                hi2c1
 .bss.hi2s3     0x00000000200005d8       0x48 Core/Src/main.o
                0x00000000200005d8                hi2s3
 .bss.hspi1     0x0000000020000620       0x58 Core/Src/main.o
                0x0000000020000620                hspi1
 .bss.pRead     0x0000000020000678       0x16 Core/Src/main.o
                0x0000000020000678                pRead
 .bss.cfgidx.10403
                0x000000002000068e        0x1 Middlewares/ST/STM32_USB_Device_Library/Core/Src/usbd_ctlreq.o
 *fill*         0x000000002000068f        0x1 
 .bss.mem.10472
                0x0000000020000690      0x220 USB_DEVICE/Target/usbd_conf.o
 *(COMMON)
 COMMON         0x00000000200008b0        0x4 Drivers/STM32F4xx_HAL_Driver/Src/stm32f4xx_hal.o
                0x00000000200008b0                uwTick
 COMMON         0x00000000200008b4      0x2d0 USB_DEVICE/App/usb_device.o
                0x00000000200008b4                hUsbDeviceFS
 COMMON         0x0000000020000b84     0x1000 USB_DEVICE/App/usbd_cdc_if.o
                0x0000000020000b84                UserRxBufferFS
                0x0000000020001384                UserTxBufferFS
 COMMON         0x0000000020001b84      0x200 USB_DEVICE/App/usbd_desc.o
                0x0000000020001b84                USBD_StrDesc
 COMMON         0x0000000020001d84      0x408 USB_DEVICE/Target/usbd_conf.o
                0x0000000020001d84                hpcd_USB_OTG_FS
 COMMON         0x000000002000218c        0x4 /opt/st/stm32cubeide_1.6.1/plugins/com.st.stm32cube.ide.mcu.externaltools.gnu-tools-for-stm32.9-2020-q2-update.linux64_1.5.0.202011040924/tools/bin/../lib/gcc/arm-none-eabi/9.3.1/../../../../arm-none-eabi/lib/thumb/v7e-m+fp/hard/libc_nano.a(lib_a-reent.o)
                0x000000002000218c                errno
                0x0000000020002190                . = ALIGN (0x4)
                0x0000000020002190                _ebss = .
                0x0000000020002190                __bss_end__ = _ebss

._user_heap_stack
                0x0000000020002190      0x600 load address 0x00000000080047cc
                0x0000000020002190                . = ALIGN (0x8)
                [!provide]                        PROVIDE (end = .)
                0x0000000020002190                PROVIDE (_end = .)
                0x0000000020002390                . = (. + _Min_Heap_Size)
 *fill*         0x0000000020002190      0x200 
                0x0000000020002790                . = (. + _Min_Stack_Size)
 *fill*         0x0000000020002390      0x400 
                0x0000000020002790                . = ALIGN (0x8)

/DISCARD/
 libc.a(*)
 libm.a(*)
 libgcc.a(*)

.ARM.attributes
                0x0000000000000000       0x30
 *(.ARM.attributes)
 .ARM.attributes
                0x0000000000000000       0x1e /opt/st/stm32cubeide_1.6.1/plugins/com.st.stm32cube.ide.mcu.externaltools.gnu-tools-for-stm32.9-2020-q2-update.linux64_1.5.0.202011040924/tools/bin/../lib/gcc/arm-none-eabi/9.3.1/thumb/v7e-m+fp/hard/crti.o
 .ARM.attributes
                0x000000000000001e       0x34 /opt/st/stm32cubeide_1.6.1/plugins/com.st.stm32cube.ide.mcu.externaltools.gnu-tools-for-stm32.9-2020-q2-update.linux64_1.5.0.202011040924/tools/bin/../lib/gcc/arm-none-eabi/9.3.1/thumb/v7e-m+fp/hard/crtbegin.o
 .ARM.attributes
                0x0000000000000052       0x34 Core/Src/main.o
 .ARM.attributes
                0x0000000000000086       0x34 Core/Src/stm32f4xx_hal_msp.o
 .ARM.attributes
                0x00000000000000ba       0x34 Core/Src/stm32f4xx_it.o
 .ARM.attributes
                0x00000000000000ee       0x34 Core/Src/syscalls.o
 .ARM.attributes
                0x0000000000000122       0x34 Core/Src/system_stm32f4xx.o
 .ARM.attributes
                0x0000000000000156       0x21 Core/Startup/startup_stm32f407vgtx.o
 .ARM.attributes
                0x0000000000000177       0x34 Drivers/STM32F4xx_HAL_Driver/Src/stm32f4xx_hal.o
 .ARM.attributes
                0x00000000000001ab       0x34 Drivers/STM32F4xx_HAL_Driver/Src/stm32f4xx_hal_cortex.o
 .ARM.attributes
                0x00000000000001df       0x34 Drivers/STM32F4xx_HAL_Driver/Src/stm32f4xx_hal_gpio.o
 .ARM.attributes
                0x0000000000000213       0x34 Drivers/STM32F4xx_HAL_Driver/Src/stm32f4xx_hal_i2c.o
 .ARM.attributes
                0x0000000000000247       0x34 Drivers/STM32F4xx_HAL_Driver/Src/stm32f4xx_hal_i2s.o
 .ARM.attributes
                0x000000000000027b       0x34 Drivers/STM32F4xx_HAL_Driver/Src/stm32f4xx_hal_i2s_ex.o
 .ARM.attributes
                0x00000000000002af       0x34 Drivers/STM32F4xx_HAL_Driver/Src/stm32f4xx_hal_pcd.o
 .ARM.attributes
                0x00000000000002e3       0x34 Drivers/STM32F4xx_HAL_Driver/Src/stm32f4xx_hal_pcd_ex.o
 .ARM.attributes
                0x0000000000000317       0x34 Drivers/STM32F4xx_HAL_Driver/Src/stm32f4xx_hal_rcc.o
 .ARM.attributes
                0x000000000000034b       0x34 Drivers/STM32F4xx_HAL_Driver/Src/stm32f4xx_hal_rcc_ex.o
 .ARM.attributes
                0x000000000000037f       0x34 Drivers/STM32F4xx_HAL_Driver/Src/stm32f4xx_hal_spi.o
 .ARM.attributes
                0x00000000000003b3       0x34 Drivers/STM32F4xx_HAL_Driver/Src/stm32f4xx_ll_usb.o
 .ARM.attributes
                0x00000000000003e7       0x34 EMPlibs/src/MPcore/cobs-c/cobs.o
 .ARM.attributes
                0x000000000000041b       0x34 EMPlibs/src/MPcore/crc8/crc8.o
 .ARM.attributes
                0x000000000000044f       0x34 Middlewares/ST/STM32_USB_Device_Library/Class/CDC/Src/usbd_cdc.o
 .ARM.attributes
                0x0000000000000483       0x34 Middlewares/ST/STM32_USB_Device_Library/Core/Src/usbd_core.o
 .ARM.attributes
                0x00000000000004b7       0x34 Middlewares/ST/STM32_USB_Device_Library/Core/Src/usbd_ctlreq.o
 .ARM.attributes
                0x00000000000004eb       0x34 Middlewares/ST/STM32_USB_Device_Library/Core/Src/usbd_ioreq.o
 .ARM.attributes
                0x000000000000051f       0x34 USB_DEVICE/App/usb_device.o
 .ARM.attributes
                0x0000000000000553       0x34 USB_DEVICE/App/usbd_cdc_if.o
 .ARM.attributes
                0x0000000000000587       0x34 USB_DEVICE/App/usbd_desc.o
 .ARM.attributes
                0x00000000000005bb       0x34 USB_DEVICE/Target/usbd_conf.o
 .ARM.attributes
                0x00000000000005ef       0x34 /opt/st/stm32cubeide_1.6.1/plugins/com.st.stm32cube.ide.mcu.externaltools.gnu-tools-for-stm32.9-2020-q2-update.linux64_1.5.0.202011040924/tools/bin/../lib/gcc/arm-none-eabi/9.3.1/../../../../arm-none-eabi/lib/thumb/v7e-m+fp/hard/libstdc++_nano.a(pure.o)
 .ARM.attributes
                0x0000000000000623       0x34 /opt/st/stm32cubeide_1.6.1/plugins/com.st.stm32cube.ide.mcu.externaltools.gnu-tools-for-stm32.9-2020-q2-update.linux64_1.5.0.202011040924/tools/bin/../lib/gcc/arm-none-eabi/9.3.1/../../../../arm-none-eabi/lib/thumb/v7e-m+fp/hard/libstdc++_nano.a(eh_terminate.o)
 .ARM.attributes
                0x0000000000000657       0x32 /opt/st/stm32cubeide_1.6.1/plugins/com.st.stm32cube.ide.mcu.externaltools.gnu-tools-for-stm32.9-2020-q2-update.linux64_1.5.0.202011040924/tools/bin/../lib/gcc/arm-none-eabi/9.3.1/../../../../arm-none-eabi/lib/thumb/v7e-m+fp/hard/libstdc++_nano.a(eh_term_handler.o)
 .ARM.attributes
                0x0000000000000689       0x34 /opt/st/stm32cubeide_1.6.1/plugins/com.st.stm32cube.ide.mcu.externaltools.gnu-tools-for-stm32.9-2020-q2-update.linux64_1.5.0.202011040924/tools/bin/../lib/gcc/arm-none-eabi/9.3.1/../../../../arm-none-eabi/lib/thumb/v7e-m+fp/hard/libc_nano.a(lib_a-abort.o)
 .ARM.attributes
                0x00000000000006bd       0x34 /opt/st/stm32cubeide_1.6.1/plugins/com.st.stm32cube.ide.mcu.externaltools.gnu-tools-for-stm32.9-2020-q2-update.linux64_1.5.0.202011040924/tools/bin/../lib/gcc/arm-none-eabi/9.3.1/../../../../arm-none-eabi/lib/thumb/v7e-m+fp/hard/libc_nano.a(lib_a-errno.o)
 .ARM.attributes
                0x00000000000006f1       0x32 /opt/st/stm32cubeide_1.6.1/plugins/com.st.stm32cube.ide.mcu.externaltools.gnu-tools-for-stm32.9-2020-q2-update.linux64_1.5.0.202011040924/tools/bin/../lib/gcc/arm-none-eabi/9.3.1/../../../../arm-none-eabi/lib/thumb/v7e-m+fp/hard/libc_nano.a(lib_a-impure.o)
 .ARM.attributes
                0x0000000000000723       0x34 /opt/st/stm32cubeide_1.6.1/plugins/com.st.stm32cube.ide.mcu.externaltools.gnu-tools-for-stm32.9-2020-q2-update.linux64_1.5.0.202011040924/tools/bin/../lib/gcc/arm-none-eabi/9.3.1/../../../../arm-none-eabi/lib/thumb/v7e-m+fp/hard/libc_nano.a(lib_a-init.o)
 .ARM.attributes
                0x0000000000000757       0x34 /opt/st/stm32cubeide_1.6.1/plugins/com.st.stm32cube.ide.mcu.externaltools.gnu-tools-for-stm32.9-2020-q2-update.linux64_1.5.0.202011040924/tools/bin/../lib/gcc/arm-none-eabi/9.3.1/../../../../arm-none-eabi/lib/thumb/v7e-m+fp/hard/libc_nano.a(lib_a-memcpy-stub.o)
 .ARM.attributes
                0x000000000000078b       0x34 /opt/st/stm32cubeide_1.6.1/plugins/com.st.stm32cube.ide.mcu.externaltools.gnu-tools-for-stm32.9-2020-q2-update.linux64_1.5.0.202011040924/tools/bin/../lib/gcc/arm-none-eabi/9.3.1/../../../../arm-none-eabi/lib/thumb/v7e-m+fp/hard/libc_nano.a(lib_a-memset.o)
 .ARM.attributes
                0x00000000000007bf       0x34 /opt/st/stm32cubeide_1.6.1/plugins/com.st.stm32cube.ide.mcu.externaltools.gnu-tools-for-stm32.9-2020-q2-update.linux64_1.5.0.202011040924/tools/bin/../lib/gcc/arm-none-eabi/9.3.1/../../../../arm-none-eabi/lib/thumb/v7e-m+fp/hard/libc_nano.a(lib_a-signal.o)
 .ARM.attributes
                0x00000000000007f3       0x34 /opt/st/stm32cubeide_1.6.1/plugins/com.st.stm32cube.ide.mcu.externaltools.gnu-tools-for-stm32.9-2020-q2-update.linux64_1.5.0.202011040924/tools/bin/../lib/gcc/arm-none-eabi/9.3.1/../../../../arm-none-eabi/lib/thumb/v7e-m+fp/hard/libc_nano.a(lib_a-signalr.o)
 .ARM.attributes
                0x0000000000000827       0x34 /opt/st/stm32cubeide_1.6.1/plugins/com.st.stm32cube.ide.mcu.externaltools.gnu-tools-for-stm32.9-2020-q2-update.linux64_1.5.0.202011040924/tools/bin/../lib/gcc/arm-none-eabi/9.3.1/../../../../arm-none-eabi/lib/thumb/v7e-m+fp/hard/libc_nano.a(lib_a-reent.o)
 .ARM.attributes
                0x000000000000085b       0x1e /opt/st/stm32cubeide_1.6.1/plugins/com.st.stm32cube.ide.mcu.externaltools.gnu-tools-for-stm32.9-2020-q2-update.linux64_1.5.0.202011040924/tools/bin/../lib/gcc/arm-none-eabi/9.3.1/thumb/v7e-m+fp/hard/libgcc.a(_aeabi_uldivmod.o)
 .ARM.attributes
                0x0000000000000879       0x34 /opt/st/stm32cubeide_1.6.1/plugins/com.st.stm32cube.ide.mcu.externaltools.gnu-tools-for-stm32.9-2020-q2-update.linux64_1.5.0.202011040924/tools/bin/../lib/gcc/arm-none-eabi/9.3.1/thumb/v7e-m+fp/hard/libgcc.a(_udivmoddi4.o)
 .ARM.attributes
                0x00000000000008ad       0x1e /opt/st/stm32cubeide_1.6.1/plugins/com.st.stm32cube.ide.mcu.externaltools.gnu-tools-for-stm32.9-2020-q2-update.linux64_1.5.0.202011040924/tools/bin/../lib/gcc/arm-none-eabi/9.3.1/thumb/v7e-m+fp/hard/libgcc.a(_dvmd_tls.o)
 .ARM.attributes
                0x00000000000008cb       0x1e /opt/st/stm32cubeide_1.6.1/plugins/com.st.stm32cube.ide.mcu.externaltools.gnu-tools-for-stm32.9-2020-q2-update.linux64_1.5.0.202011040924/tools/bin/../lib/gcc/arm-none-eabi/9.3.1/thumb/v7e-m+fp/hard/crtn.o
OUTPUT(STM_EMP_usb-callback.elf elf32-littlearm)
LOAD linker stubs
LOAD /opt/st/stm32cubeide_1.6.1/plugins/com.st.stm32cube.ide.mcu.externaltools.gnu-tools-for-stm32.9-2020-q2-update.linux64_1.5.0.202011040924/tools/bin/../lib/gcc/arm-none-eabi/9.3.1/../../../../arm-none-eabi/lib/thumb/v7e-m+fp/hard/libc.a
LOAD /opt/st/stm32cubeide_1.6.1/plugins/com.st.stm32cube.ide.mcu.externaltools.gnu-tools-for-stm32.9-2020-q2-update.linux64_1.5.0.202011040924/tools/bin/../lib/gcc/arm-none-eabi/9.3.1/../../../../arm-none-eabi/lib/thumb/v7e-m+fp/hard/libm.a
LOAD /opt/st/stm32cubeide_1.6.1/plugins/com.st.stm32cube.ide.mcu.externaltools.gnu-tools-for-stm32.9-2020-q2-update.linux64_1.5.0.202011040924/tools/bin/../lib/gcc/arm-none-eabi/9.3.1/thumb/v7e-m+fp/hard/libgcc.a

.comment        0x0000000000000000       0x53
 .comment       0x0000000000000000       0x53 Core/Src/main.o
                                         0x54 (size before relaxing)
 .comment       0x0000000000000053       0x54 Core/Src/stm32f4xx_hal_msp.o
 .comment       0x0000000000000053       0x54 Core/Src/stm32f4xx_it.o
 .comment       0x0000000000000053       0x54 Core/Src/syscalls.o
 .comment       0x0000000000000053       0x54 Core/Src/system_stm32f4xx.o
 .comment       0x0000000000000053       0x54 Drivers/STM32F4xx_HAL_Driver/Src/stm32f4xx_hal.o
 .comment       0x0000000000000053       0x54 Drivers/STM32F4xx_HAL_Driver/Src/stm32f4xx_hal_cortex.o
 .comment       0x0000000000000053       0x54 Drivers/STM32F4xx_HAL_Driver/Src/stm32f4xx_hal_gpio.o
 .comment       0x0000000000000053       0x54 Drivers/STM32F4xx_HAL_Driver/Src/stm32f4xx_hal_i2c.o
 .comment       0x0000000000000053       0x54 Drivers/STM32F4xx_HAL_Driver/Src/stm32f4xx_hal_i2s.o
 .comment       0x0000000000000053       0x54 Drivers/STM32F4xx_HAL_Driver/Src/stm32f4xx_hal_i2s_ex.o
 .comment       0x0000000000000053       0x54 Drivers/STM32F4xx_HAL_Driver/Src/stm32f4xx_hal_pcd.o
 .comment       0x0000000000000053       0x54 Drivers/STM32F4xx_HAL_Driver/Src/stm32f4xx_hal_pcd_ex.o
 .comment       0x0000000000000053       0x54 Drivers/STM32F4xx_HAL_Driver/Src/stm32f4xx_hal_rcc.o
 .comment       0x0000000000000053       0x54 Drivers/STM32F4xx_HAL_Driver/Src/stm32f4xx_hal_rcc_ex.o
 .comment       0x0000000000000053       0x54 Drivers/STM32F4xx_HAL_Driver/Src/stm32f4xx_hal_spi.o
 .comment       0x0000000000000053       0x54 Drivers/STM32F4xx_HAL_Driver/Src/stm32f4xx_ll_usb.o
 .comment       0x0000000000000053       0x54 EMPlibs/src/MPcore/cobs-c/cobs.o
 .comment       0x0000000000000053       0x54 EMPlibs/src/MPcore/crc8/crc8.o
 .comment       0x0000000000000053       0x54 Middlewares/ST/STM32_USB_Device_Library/Class/CDC/Src/usbd_cdc.o
 .comment       0x0000000000000053       0x54 Middlewares/ST/STM32_USB_Device_Library/Core/Src/usbd_core.o
 .comment       0x0000000000000053       0x54 Middlewares/ST/STM32_USB_Device_Library/Core/Src/usbd_ctlreq.o
 .comment       0x0000000000000053       0x54 Middlewares/ST/STM32_USB_Device_Library/Core/Src/usbd_ioreq.o
 .comment       0x0000000000000053       0x54 USB_DEVICE/App/usb_device.o
 .comment       0x0000000000000053       0x54 USB_DEVICE/App/usbd_cdc_if.o
 .comment       0x0000000000000053       0x54 USB_DEVICE/App/usbd_desc.o
 .comment       0x0000000000000053       0x54 USB_DEVICE/Target/usbd_conf.o

.debug_frame    0x0000000000000000      0x370
 .debug_frame   0x0000000000000000       0x40 /opt/st/stm32cubeide_1.6.1/plugins/com.st.stm32cube.ide.mcu.externaltools.gnu-tools-for-stm32.9-2020-q2-update.linux64_1.5.0.202011040924/tools/bin/../lib/gcc/arm-none-eabi/9.3.1/../../../../arm-none-eabi/lib/thumb/v7e-m+fp/hard/libstdc++_nano.a(pure.o)
 .debug_frame   0x0000000000000040       0xb0 /opt/st/stm32cubeide_1.6.1/plugins/com.st.stm32cube.ide.mcu.externaltools.gnu-tools-for-stm32.9-2020-q2-update.linux64_1.5.0.202011040924/tools/bin/../lib/gcc/arm-none-eabi/9.3.1/../../../../arm-none-eabi/lib/thumb/v7e-m+fp/hard/libstdc++_nano.a(eh_terminate.o)
 .debug_frame   0x00000000000000f0       0x28 /opt/st/stm32cubeide_1.6.1/plugins/com.st.stm32cube.ide.mcu.externaltools.gnu-tools-for-stm32.9-2020-q2-update.linux64_1.5.0.202011040924/tools/bin/../lib/gcc/arm-none-eabi/9.3.1/../../../../arm-none-eabi/lib/thumb/v7e-m+fp/hard/libc_nano.a(lib_a-abort.o)
 .debug_frame   0x0000000000000118       0x20 /opt/st/stm32cubeide_1.6.1/plugins/com.st.stm32cube.ide.mcu.externaltools.gnu-tools-for-stm32.9-2020-q2-update.linux64_1.5.0.202011040924/tools/bin/../lib/gcc/arm-none-eabi/9.3.1/../../../../arm-none-eabi/lib/thumb/v7e-m+fp/hard/libc_nano.a(lib_a-errno.o)
 .debug_frame   0x0000000000000138       0x2c /opt/st/stm32cubeide_1.6.1/plugins/com.st.stm32cube.ide.mcu.externaltools.gnu-tools-for-stm32.9-2020-q2-update.linux64_1.5.0.202011040924/tools/bin/../lib/gcc/arm-none-eabi/9.3.1/../../../../arm-none-eabi/lib/thumb/v7e-m+fp/hard/libc_nano.a(lib_a-init.o)
 .debug_frame   0x0000000000000164       0x28 /opt/st/stm32cubeide_1.6.1/plugins/com.st.stm32cube.ide.mcu.externaltools.gnu-tools-for-stm32.9-2020-q2-update.linux64_1.5.0.202011040924/tools/bin/../lib/gcc/arm-none-eabi/9.3.1/../../../../arm-none-eabi/lib/thumb/v7e-m+fp/hard/libc_nano.a(lib_a-memcpy-stub.o)
 .debug_frame   0x000000000000018c       0x20 /opt/st/stm32cubeide_1.6.1/plugins/com.st.stm32cube.ide.mcu.externaltools.gnu-tools-for-stm32.9-2020-q2-update.linux64_1.5.0.202011040924/tools/bin/../lib/gcc/arm-none-eabi/9.3.1/../../../../arm-none-eabi/lib/thumb/v7e-m+fp/hard/libc_nano.a(lib_a-memset.o)
 .debug_frame   0x00000000000001ac       0xcc /opt/st/stm32cubeide_1.6.1/plugins/com.st.stm32cube.ide.mcu.externaltools.gnu-tools-for-stm32.9-2020-q2-update.linux64_1.5.0.202011040924/tools/bin/../lib/gcc/arm-none-eabi/9.3.1/../../../../arm-none-eabi/lib/thumb/v7e-m+fp/hard/libc_nano.a(lib_a-signal.o)
 .debug_frame   0x0000000000000278       0x3c /opt/st/stm32cubeide_1.6.1/plugins/com.st.stm32cube.ide.mcu.externaltools.gnu-tools-for-stm32.9-2020-q2-update.linux64_1.5.0.202011040924/tools/bin/../lib/gcc/arm-none-eabi/9.3.1/../../../../arm-none-eabi/lib/thumb/v7e-m+fp/hard/libc_nano.a(lib_a-signalr.o)
 .debug_frame   0x00000000000002b4       0x5c /opt/st/stm32cubeide_1.6.1/plugins/com.st.stm32cube.ide.mcu.externaltools.gnu-tools-for-stm32.9-2020-q2-update.linux64_1.5.0.202011040924/tools/bin/../lib/gcc/arm-none-eabi/9.3.1/../../../../arm-none-eabi/lib/thumb/v7e-m+fp/hard/libc_nano.a(lib_a-reent.o)
 .debug_frame   0x0000000000000310       0x2c /opt/st/stm32cubeide_1.6.1/plugins/com.st.stm32cube.ide.mcu.externaltools.gnu-tools-for-stm32.9-2020-q2-update.linux64_1.5.0.202011040924/tools/bin/../lib/gcc/arm-none-eabi/9.3.1/thumb/v7e-m+fp/hard/libgcc.a(_aeabi_uldivmod.o)
 .debug_frame   0x000000000000033c       0x34 /opt/st/stm32cubeide_1.6.1/plugins/com.st.stm32cube.ide.mcu.externaltools.gnu-tools-for-stm32.9-2020-q2-update.linux64_1.5.0.202011040924/tools/bin/../lib/gcc/arm-none-eabi/9.3.1/thumb/v7e-m+fp/hard/libgcc.a(_udivmoddi4.o)
